10.80.87.67 - - [03/Mar/2024:22:36:54 +0000] "GET /search?query=User HTTP/1.1" 500 1114578 "http://10.80.57.34/home" "Mozilla/5.0 (Windows NT 10.0; Win64; x64) AppleWebKit/537.36 (KHTML, like Gecko) Chrome/121.0.0.0 Safari/537.36 OPR/107.0.0.0"
10.80.87.67 - - [03/Mar/2024:22:37:20 +0000] "GET /search?query=User HTTP/1.1" 200 6052 "http://10.80.57.34/home" "Mozilla/5.0 (Windows NT 10.0; Win64; x64) AppleWebKit/537.36 (KHTML, like Gecko) Chrome/121.0.0.0 Safari/537.36 OPR/107.0.0.0"
10.80.87.67 - - [03/Mar/2024:22:38:12 +0000] "GET /search?query=User HTTP/1.1" 200 6058 "http://10.80.57.34/home" "Mozilla/5.0 (Windows NT 10.0; Win64; x64) AppleWebKit/537.36 (KHTML, like Gecko) Chrome/121.0.0.0 Safari/537.36 OPR/107.0.0.0"
10.80.87.67 - - [03/Mar/2024:22:40:11 +0000] "GET /search?query=User HTTP/1.1" 200 6203 "http://10.80.57.34/home" "Mozilla/5.0 (Windows NT 10.0; Win64; x64) AppleWebKit/537.36 (KHTML, like Gecko) Chrome/121.0.0.0 Safari/537.36 OPR/107.0.0.0"
10.80.87.67 - - [03/Mar/2024:22:40:12 +0000] "GET /uploads/posts/1709502793.jpg HTTP/1.1" 304 0 "http://10.80.57.34/search?query=User" "Mozilla/5.0 (Windows NT 10.0; Win64; x64) AppleWebKit/537.36 (KHTML, like Gecko) Chrome/121.0.0.0 Safari/537.36 OPR/107.0.0.0"
10.80.87.67 - - [03/Mar/2024:22:40:12 +0000] "GET / HTTP/1.1" 200 5267 "http://10.80.57.34/search?query=User" "Mozilla/5.0 (Windows NT 10.0; Win64; x64) AppleWebKit/537.36 (KHTML, like Gecko) Chrome/121.0.0.0 Safari/537.36 OPR/107.0.0.0"
10.80.87.67 - - [03/Mar/2024:22:40:22 +0000] "POST /logout HTTP/1.1" 302 330 "http://10.80.57.34/search?query=User" "Mozilla/5.0 (Windows NT 10.0; Win64; x64) AppleWebKit/537.36 (KHTML, like Gecko) Chrome/121.0.0.0 Safari/537.36 OPR/107.0.0.0"
10.80.87.67 - - [03/Mar/2024:22:40:23 +0000] "GET / HTTP/1.1" 200 4651 "http://10.80.57.34/search?query=User" "Mozilla/5.0 (Windows NT 10.0; Win64; x64) AppleWebKit/537.36 (KHTML, like Gecko) Chrome/121.0.0.0 Safari/537.36 OPR/107.0.0.0"
10.80.87.67 - - [03/Mar/2024:22:40:23 +0000] "GET /uploads/comment/1709502894.PNG HTTP/1.1" 304 0 "http://10.80.57.34/" "Mozilla/5.0 (Windows NT 10.0; Win64; x64) AppleWebKit/537.36 (KHTML, like Gecko) Chrome/121.0.0.0 Safari/537.36 OPR/107.0.0.0"
10.80.87.67 - - [03/Mar/2024:22:40:26 +0000] "GET /login HTTP/1.1" 200 6388 "http://10.80.57.34/" "Mozilla/5.0 (Windows NT 10.0; Win64; x64) AppleWebKit/537.36 (KHTML, like Gecko) Chrome/121.0.0.0 Safari/537.36 OPR/107.0.0.0"
10.80.87.67 - - [03/Mar/2024:22:40:34 +0000] "POST /login HTTP/1.1" 302 374 "http://10.80.57.34/login" "Mozilla/5.0 (Windows NT 10.0; Win64; x64) AppleWebKit/537.36 (KHTML, like Gecko) Chrome/121.0.0.0 Safari/537.36 OPR/107.0.0.0"
10.80.87.67 - - [03/Mar/2024:22:40:34 +0000] "GET /admin/home HTTP/1.1" 200 4583 "http://10.80.57.34/login" "Mozilla/5.0 (Windows NT 10.0; Win64; x64) AppleWebKit/537.36 (KHTML, like Gecko) Chrome/121.0.0.0 Safari/537.36 OPR/107.0.0.0"
10.80.87.67 - - [03/Mar/2024:22:40:39 +0000] "GET /searchuser?query=User HTTP/1.1" 404 6622 "http://10.80.57.34/admin/home" "Mozilla/5.0 (Windows NT 10.0; Win64; x64) AppleWebKit/537.36 (KHTML, like Gecko) Chrome/121.0.0.0 Safari/537.36 OPR/107.0.0.0"
10.80.87.67 - - [03/Mar/2024:22:41:08 +0000] "GET /searchuser?query=User HTTP/1.1" 404 6622 "http://10.80.57.34/admin/home" "Mozilla/5.0 (Windows NT 10.0; Win64; x64) AppleWebKit/537.36 (KHTML, like Gecko) Chrome/121.0.0.0 Safari/537.36 OPR/107.0.0.0"
10.80.87.67 - - [03/Mar/2024:22:41:15 +0000] "GET /search?query=User HTTP/1.1" 200 6203 "-" "Mozilla/5.0 (Windows NT 10.0; Win64; x64) AppleWebKit/537.36 (KHTML, like Gecko) Chrome/121.0.0.0 Safari/537.36 OPR/107.0.0.0"
10.80.87.67 - - [03/Mar/2024:22:41:15 +0000] "GET / HTTP/1.1" 200 5267 "http://10.80.57.34/search?query=User" "Mozilla/5.0 (Windows NT 10.0; Win64; x64) AppleWebKit/537.36 (KHTML, like Gecko) Chrome/121.0.0.0 Safari/537.36 OPR/107.0.0.0"
10.80.87.67 - - [03/Mar/2024:22:42:21 +0000] "POST /logout HTTP/1.1" 302 330 "http://10.80.57.34/search?query=User" "Mozilla/5.0 (Windows NT 10.0; Win64; x64) AppleWebKit/537.36 (KHTML, like Gecko) Chrome/121.0.0.0 Safari/537.36 OPR/107.0.0.0"
10.80.87.67 - - [03/Mar/2024:22:42:21 +0000] "GET / HTTP/1.1" 200 4651 "http://10.80.57.34/search?query=User" "Mozilla/5.0 (Windows NT 10.0; Win64; x64) AppleWebKit/537.36 (KHTML, like Gecko) Chrome/121.0.0.0 Safari/537.36 OPR/107.0.0.0"
10.80.87.67 - - [03/Mar/2024:22:42:30 +0000] "GET /login HTTP/1.1" 200 6388 "http://10.80.57.34/" "Mozilla/5.0 (Windows NT 10.0; Win64; x64) AppleWebKit/537.36 (KHTML, like Gecko) Chrome/121.0.0.0 Safari/537.36 OPR/107.0.0.0"
10.80.87.67 - - [03/Mar/2024:22:42:37 +0000] "POST /login HTTP/1.1" 302 350 "http://10.80.57.34/login" "Mozilla/5.0 (Windows NT 10.0; Win64; x64) AppleWebKit/537.36 (KHTML, like Gecko) Chrome/121.0.0.0 Safari/537.36 OPR/107.0.0.0"
10.80.87.67 - - [03/Mar/2024:22:42:37 +0000] "GET /home HTTP/1.1" 200 10758 "http://10.80.57.34/login" "Mozilla/5.0 (Windows NT 10.0; Win64; x64) AppleWebKit/537.36 (KHTML, like Gecko) Chrome/121.0.0.0 Safari/537.36 OPR/107.0.0.0"
10.80.87.67 - - [03/Mar/2024:22:42:41 +0000] "GET /search?query=User HTTP/1.1" 200 6203 "http://10.80.57.34/home" "Mozilla/5.0 (Windows NT 10.0; Win64; x64) AppleWebKit/537.36 (KHTML, like Gecko) Chrome/121.0.0.0 Safari/537.36 OPR/107.0.0.0"
10.80.87.67 - - [03/Mar/2024:22:42:42 +0000] "GET / HTTP/1.1" 200 5261 "http://10.80.57.34/search?query=User" "Mozilla/5.0 (Windows NT 10.0; Win64; x64) AppleWebKit/537.36 (KHTML, like Gecko) Chrome/121.0.0.0 Safari/537.36 OPR/107.0.0.0"
10.80.87.67 - - [03/Mar/2024:22:42:48 +0000] "GET /posts/2/delete HTTP/1.1" 302 402 "http://10.80.57.34/search?query=User" "Mozilla/5.0 (Windows NT 10.0; Win64; x64) AppleWebKit/537.36 (KHTML, like Gecko) Chrome/121.0.0.0 Safari/537.36 OPR/107.0.0.0"
10.80.87.67 - - [03/Mar/2024:22:42:48 +0000] "GET /search?query=User HTTP/1.1" 200 5276 "http://10.80.57.34/search?query=User" "Mozilla/5.0 (Windows NT 10.0; Win64; x64) AppleWebKit/537.36 (KHTML, like Gecko) Chrome/121.0.0.0 Safari/537.36 OPR/107.0.0.0"
10.70.20.253 - - [03/Mar/2024:22:44:00 +0000] "GET / HTTP/1.1" 200 4154 "-" "Mozilla/5.0 (Windows NT 10.0; Win64; x64) AppleWebKit/537.36 (KHTML, like Gecko) Chrome/122.0.0.0 Safari/537.36"
10.70.20.253 - - [03/Mar/2024:22:44:00 +0000] "GET /uploads/posts/1709502793.jpg HTTP/1.1" 304 0 "http://10.80.57.34/" "Mozilla/5.0 (Windows NT 10.0; Win64; x64) AppleWebKit/537.36 (KHTML, like Gecko) Chrome/122.0.0.0 Safari/537.36"
10.70.20.253 - - [03/Mar/2024:22:44:00 +0000] "GET /uploads/comment/1709502894.PNG HTTP/1.1" 304 0 "http://10.80.57.34/" "Mozilla/5.0 (Windows NT 10.0; Win64; x64) AppleWebKit/537.36 (KHTML, like Gecko) Chrome/122.0.0.0 Safari/537.36"
10.70.20.253 - - [03/Mar/2024:22:44:06 +0000] "GET /? HTTP/1.1" 200 4154 "http://10.80.57.34/" "Mozilla/5.0 (Windows NT 10.0; Win64; x64) AppleWebKit/537.36 (KHTML, like Gecko) Chrome/122.0.0.0 Safari/537.36"
10.70.20.253 - - [03/Mar/2024:22:44:15 +0000] "GET /? HTTP/1.1" 200 4154 "http://10.80.57.34/?" "Mozilla/5.0 (Windows NT 10.0; Win64; x64) AppleWebKit/537.36 (KHTML, like Gecko) Chrome/122.0.0.0 Safari/537.36"
10.80.87.67 - - [03/Mar/2024:22:44:27 +0000] "GET /search?query=User HTTP/1.1" 200 5276 "http://10.80.57.34/search?query=User" "Mozilla/5.0 (Windows NT 10.0; Win64; x64) AppleWebKit/537.36 (KHTML, like Gecko) Chrome/121.0.0.0 Safari/537.36 OPR/107.0.0.0"
10.80.87.67 - - [03/Mar/2024:22:44:33 +0000] "GET /search?query=User HTTP/1.1" 200 5276 "http://10.80.57.34/search?query=User" "Mozilla/5.0 (Windows NT 10.0; Win64; x64) AppleWebKit/537.36 (KHTML, like Gecko) Chrome/121.0.0.0 Safari/537.36 OPR/107.0.0.0"
10.80.87.67 - - [03/Mar/2024:22:44:39 +0000] "POST /logout HTTP/1.1" 302 330 "http://10.80.57.34/search?query=User" "Mozilla/5.0 (Windows NT 10.0; Win64; x64) AppleWebKit/537.36 (KHTML, like Gecko) Chrome/121.0.0.0 Safari/537.36 OPR/107.0.0.0"
10.80.87.67 - - [03/Mar/2024:22:44:39 +0000] "GET / HTTP/1.1" 200 4148 "http://10.80.57.34/search?query=User" "Mozilla/5.0 (Windows NT 10.0; Win64; x64) AppleWebKit/537.36 (KHTML, like Gecko) Chrome/121.0.0.0 Safari/537.36 OPR/107.0.0.0"
10.80.87.67 - - [03/Mar/2024:22:44:44 +0000] "GET /login HTTP/1.1" 200 6388 "http://10.80.57.34/" "Mozilla/5.0 (Windows NT 10.0; Win64; x64) AppleWebKit/537.36 (KHTML, like Gecko) Chrome/121.0.0.0 Safari/537.36 OPR/107.0.0.0"
10.80.87.67 - - [03/Mar/2024:22:44:51 +0000] "POST /login HTTP/1.1" 302 350 "http://10.80.57.34/login" "Mozilla/5.0 (Windows NT 10.0; Win64; x64) AppleWebKit/537.36 (KHTML, like Gecko) Chrome/121.0.0.0 Safari/537.36 OPR/107.0.0.0"
10.80.87.67 - - [03/Mar/2024:22:44:51 +0000] "GET /home HTTP/1.1" 200 8708 "http://10.80.57.34/login" "Mozilla/5.0 (Windows NT 10.0; Win64; x64) AppleWebKit/537.36 (KHTML, like Gecko) Chrome/121.0.0.0 Safari/537.36 OPR/107.0.0.0"
10.80.87.67 - - [03/Mar/2024:22:44:56 +0000] "GET /search?query=User HTTP/1.1" 200 5276 "http://10.80.57.34/home" "Mozilla/5.0 (Windows NT 10.0; Win64; x64) AppleWebKit/537.36 (KHTML, like Gecko) Chrome/121.0.0.0 Safari/537.36 OPR/107.0.0.0"
10.80.87.67 - - [03/Mar/2024:22:44:57 +0000] "GET /uploads/posts/1709502793.jpg HTTP/1.1" 304 0 "http://10.80.57.34/search?query=User" "Mozilla/5.0 (Windows NT 10.0; Win64; x64) AppleWebKit/537.36 (KHTML, like Gecko) Chrome/121.0.0.0 Safari/537.36 OPR/107.0.0.0"
10.80.87.67 - - [03/Mar/2024:22:45:13 +0000] "GET /search?query=User HTTP/1.1" 200 4270 "http://10.80.57.34/home" "Mozilla/5.0 (Windows NT 10.0; Win64; x64) AppleWebKit/537.36 (KHTML, like Gecko) Chrome/121.0.0.0 Safari/537.36 OPR/107.0.0.0"
10.80.87.67 - - [03/Mar/2024:22:45:17 +0000] "GET /login HTTP/1.1" 200 6388 "http://10.80.57.34/search?query=User" "Mozilla/5.0 (Windows NT 10.0; Win64; x64) AppleWebKit/537.36 (KHTML, like Gecko) Chrome/121.0.0.0 Safari/537.36 OPR/107.0.0.0"
10.80.87.67 - - [03/Mar/2024:22:45:23 +0000] "POST /login HTTP/1.1" 302 350 "http://10.80.57.34/login" "Mozilla/5.0 (Windows NT 10.0; Win64; x64) AppleWebKit/537.36 (KHTML, like Gecko) Chrome/121.0.0.0 Safari/537.36 OPR/107.0.0.0"
10.80.87.67 - - [03/Mar/2024:22:45:23 +0000] "GET /home HTTP/1.1" 200 8715 "http://10.80.57.34/login" "Mozilla/5.0 (Windows NT 10.0; Win64; x64) AppleWebKit/537.36 (KHTML, like Gecko) Chrome/121.0.0.0 Safari/537.36 OPR/107.0.0.0"
10.80.87.67 - - [03/Mar/2024:22:45:24 +0000] "GET /uploads/comment/1709502894.PNG HTTP/1.1" 304 0 "http://10.80.57.34/home" "Mozilla/5.0 (Windows NT 10.0; Win64; x64) AppleWebKit/537.36 (KHTML, like Gecko) Chrome/121.0.0.0 Safari/537.36 OPR/107.0.0.0"
10.80.87.67 - - [03/Mar/2024:22:45:29 +0000] "GET /search?query=User HTTP/1.1" 200 5270 "http://10.80.57.34/home" "Mozilla/5.0 (Windows NT 10.0; Win64; x64) AppleWebKit/537.36 (KHTML, like Gecko) Chrome/121.0.0.0 Safari/537.36 OPR/107.0.0.0"
10.80.87.67 - - [03/Mar/2024:22:47:04 +0000] "GET /search?query=User HTTP/1.1" 200 4856 "http://10.80.57.34/home" "Mozilla/5.0 (Windows NT 10.0; Win64; x64) AppleWebKit/537.36 (KHTML, like Gecko) Chrome/121.0.0.0 Safari/537.36 OPR/107.0.0.0"
10.70.20.253 - - [03/Mar/2024:22:47:20 +0000] "GET /? HTTP/1.1" 200 4154 "http://10.80.57.34/?" "Mozilla/5.0 (Windows NT 10.0; Win64; x64) AppleWebKit/537.36 (KHTML, like Gecko) Chrome/122.0.0.0 Safari/537.36"
10.70.20.253 - - [03/Mar/2024:22:47:26 +0000] "GET / HTTP/1.1" 200 4154 "-" "Mozilla/5.0 (Windows NT 10.0; Win64; x64) AppleWebKit/537.36 (KHTML, like Gecko) Chrome/122.0.0.0 Safari/537.36"
10.70.20.253 - - [03/Mar/2024:22:47:31 +0000] "GET /? HTTP/1.1" 200 4154 "http://10.80.57.34/" "Mozilla/5.0 (Windows NT 10.0; Win64; x64) AppleWebKit/537.36 (KHTML, like Gecko) Chrome/122.0.0.0 Safari/537.36"
10.70.20.213 - - [03/Mar/2024:22:49:39 +0000] "GET /admin/home HTTP/1.1" 200 4579 "http://10.80.57.34/login" "Mozilla/5.0 (Windows NT 10.0; Win64; x64) AppleWebKit/537.36 (KHTML, like Gecko) Chrome/122.0.0.0 Safari/537.36"
10.70.20.213 - - [03/Mar/2024:22:49:48 +0000] "GET /admin/home HTTP/1.1" 302 354 "http://10.80.57.34/login" "Mozilla/5.0 (Windows NT 10.0; Win64; x64) AppleWebKit/537.36 (KHTML, like Gecko) Chrome/122.0.0.0 Safari/537.36"
10.70.20.213 - - [03/Mar/2024:22:49:48 +0000] "GET /login HTTP/1.1" 200 6388 "http://10.80.57.34/login" "Mozilla/5.0 (Windows NT 10.0; Win64; x64) AppleWebKit/537.36 (KHTML, like Gecko) Chrome/122.0.0.0 Safari/537.36"
10.70.20.213 - - [03/Mar/2024:22:49:51 +0000] "GET /login HTTP/1.1" 200 6388 "http://10.80.57.34/login" "Mozilla/5.0 (Windows NT 10.0; Win64; x64) AppleWebKit/537.36 (KHTML, like Gecko) Chrome/122.0.0.0 Safari/537.36"
10.70.20.213 - - [03/Mar/2024:22:49:56 +0000] "POST /login HTTP/1.1" 302 350 "http://10.80.57.34/login" "Mozilla/5.0 (Windows NT 10.0; Win64; x64) AppleWebKit/537.36 (KHTML, like Gecko) Chrome/122.0.0.0 Safari/537.36"
10.70.20.213 - - [03/Mar/2024:22:49:56 +0000] "GET /home HTTP/1.1" 200 8708 "http://10.80.57.34/login" "Mozilla/5.0 (Windows NT 10.0; Win64; x64) AppleWebKit/537.36 (KHTML, like Gecko) Chrome/122.0.0.0 Safari/537.36"
10.70.20.213 - - [03/Mar/2024:22:49:56 +0000] "GET /uploads/posts/1709502793.jpg HTTP/1.1" 304 0 "http://10.80.57.34/home" "Mozilla/5.0 (Windows NT 10.0; Win64; x64) AppleWebKit/537.36 (KHTML, like Gecko) Chrome/122.0.0.0 Safari/537.36"
10.70.20.213 - - [03/Mar/2024:22:49:56 +0000] "GET /uploads/comment/1709502894.PNG HTTP/1.1" 304 0 "http://10.80.57.34/home" "Mozilla/5.0 (Windows NT 10.0; Win64; x64) AppleWebKit/537.36 (KHTML, like Gecko) Chrome/122.0.0.0 Safari/537.36"
10.70.20.213 - - [03/Mar/2024:22:50:02 +0000] "GET /search?query=user HTTP/1.1" 200 5271 "http://10.80.57.34/home" "Mozilla/5.0 (Windows NT 10.0; Win64; x64) AppleWebKit/537.36 (KHTML, like Gecko) Chrome/122.0.0.0 Safari/537.36"
10.70.20.213 - - [03/Mar/2024:22:50:46 +0000] "GET /home HTTP/1.1" 200 8708 "http://10.80.57.34/login" "Mozilla/5.0 (Windows NT 10.0; Win64; x64) AppleWebKit/537.36 (KHTML, like Gecko) Chrome/122.0.0.0 Safari/537.36"
10.70.20.213 - - [03/Mar/2024:22:50:59 +0000] "GET /home HTTP/1.1" 302 354 "http://10.80.57.34/login" "Mozilla/5.0 (Windows NT 10.0; Win64; x64) AppleWebKit/537.36 (KHTML, like Gecko) Chrome/122.0.0.0 Safari/537.36"
10.70.20.213 - - [03/Mar/2024:22:50:59 +0000] "GET /login HTTP/1.1" 200 6388 "http://10.80.57.34/login" "Mozilla/5.0 (Windows NT 10.0; Win64; x64) AppleWebKit/537.36 (KHTML, like Gecko) Chrome/122.0.0.0 Safari/537.36"
10.70.20.213 - - [03/Mar/2024:22:51:04 +0000] "POST /login HTTP/1.1" 302 350 "http://10.80.57.34/login" "Mozilla/5.0 (Windows NT 10.0; Win64; x64) AppleWebKit/537.36 (KHTML, like Gecko) Chrome/122.0.0.0 Safari/537.36"
10.70.20.213 - - [03/Mar/2024:22:51:05 +0000] "GET /home HTTP/1.1" 200 8715 "http://10.80.57.34/login" "Mozilla/5.0 (Windows NT 10.0; Win64; x64) AppleWebKit/537.36 (KHTML, like Gecko) Chrome/122.0.0.0 Safari/537.36"
10.70.20.213 - - [03/Mar/2024:22:51:10 +0000] "GET /search?query=user HTTP/1.1" 200 4835 "http://10.80.57.34/home" "Mozilla/5.0 (Windows NT 10.0; Win64; x64) AppleWebKit/537.36 (KHTML, like Gecko) Chrome/122.0.0.0 Safari/537.36"
10.70.20.213 - - [03/Mar/2024:22:51:30 +0000] "GET /search?query=Mon HTTP/1.1" 200 4835 "http://10.80.57.34/home" "Mozilla/5.0 (Windows NT 10.0; Win64; x64) AppleWebKit/537.36 (KHTML, like Gecko) Chrome/122.0.0.0 Safari/537.36"
10.70.20.213 - - [03/Mar/2024:22:52:50 +0000] "GET /search?query=Mon HTTP/1.1" 200 3829 "http://10.80.57.34/home" "Mozilla/5.0 (Windows NT 10.0; Win64; x64) AppleWebKit/537.36 (KHTML, like Gecko) Chrome/122.0.0.0 Safari/537.36"
10.70.20.213 - - [03/Mar/2024:22:52:53 +0000] "GET /login HTTP/1.1" 200 6388 "http://10.80.57.34/search?query=Mon" "Mozilla/5.0 (Windows NT 10.0; Win64; x64) AppleWebKit/537.36 (KHTML, like Gecko) Chrome/122.0.0.0 Safari/537.36"
10.70.20.213 - - [03/Mar/2024:22:52:58 +0000] "POST /login HTTP/1.1" 302 374 "http://10.80.57.34/login" "Mozilla/5.0 (Windows NT 10.0; Win64; x64) AppleWebKit/537.36 (KHTML, like Gecko) Chrome/122.0.0.0 Safari/537.36"
10.70.20.213 - - [03/Mar/2024:22:52:58 +0000] "GET /admin/home HTTP/1.1" 200 4583 "http://10.80.57.34/login" "Mozilla/5.0 (Windows NT 10.0; Win64; x64) AppleWebKit/537.36 (KHTML, like Gecko) Chrome/122.0.0.0 Safari/537.36"
10.70.20.213 - - [03/Mar/2024:22:53:04 +0000] "GET /searchUser?query=user HTTP/1.1" 200 5277 "http://10.80.57.34/admin/home" "Mozilla/5.0 (Windows NT 10.0; Win64; x64) AppleWebKit/537.36 (KHTML, like Gecko) Chrome/122.0.0.0 Safari/537.36"
10.70.20.213 - - [03/Mar/2024:22:53:11 +0000] "GET /posts/1/edit HTTP/1.1" 200 6222 "http://10.80.57.34/searchUser?query=user" "Mozilla/5.0 (Windows NT 10.0; Win64; x64) AppleWebKit/537.36 (KHTML, like Gecko) Chrome/122.0.0.0 Safari/537.36"
10.70.20.213 - - [03/Mar/2024:22:53:47 +0000] "GET /searchUser?query=user HTTP/1.1" 200 5343 "http://10.80.57.34/admin/home" "Mozilla/5.0 (Windows NT 10.0; Win64; x64) AppleWebKit/537.36 (KHTML, like Gecko) Chrome/122.0.0.0 Safari/537.36"
10.70.20.213 - - [03/Mar/2024:22:53:57 +0000] "GET /searchUser?query=user HTTP/1.1" 200 4527 "http://10.80.57.34/admin/home" "Mozilla/5.0 (Windows NT 10.0; Win64; x64) AppleWebKit/537.36 (KHTML, like Gecko) Chrome/122.0.0.0 Safari/537.36"
10.70.20.213 - - [03/Mar/2024:22:54:00 +0000] "GET /login HTTP/1.1" 200 6388 "http://10.80.57.34/searchUser?query=user" "Mozilla/5.0 (Windows NT 10.0; Win64; x64) AppleWebKit/537.36 (KHTML, like Gecko) Chrome/122.0.0.0 Safari/537.36"
10.70.20.213 - - [03/Mar/2024:22:54:05 +0000] "POST /login HTTP/1.1" 302 350 "http://10.80.57.34/login" "Mozilla/5.0 (Windows NT 10.0; Win64; x64) AppleWebKit/537.36 (KHTML, like Gecko) Chrome/122.0.0.0 Safari/537.36"
10.70.20.213 - - [03/Mar/2024:22:54:05 +0000] "GET /home HTTP/1.1" 200 8715 "http://10.80.57.34/login" "Mozilla/5.0 (Windows NT 10.0; Win64; x64) AppleWebKit/537.36 (KHTML, like Gecko) Chrome/122.0.0.0 Safari/537.36"
10.70.20.213 - - [03/Mar/2024:22:54:11 +0000] "GET /search?query=user HTTP/1.1" 200 4829 "http://10.80.57.34/home" "Mozilla/5.0 (Windows NT 10.0; Win64; x64) AppleWebKit/537.36 (KHTML, like Gecko) Chrome/122.0.0.0 Safari/537.36"
10.70.20.213 - - [03/Mar/2024:22:54:26 +0000] "POST /logout HTTP/1.1" 302 330 "http://10.80.57.34/search?query=user" "Mozilla/5.0 (Windows NT 10.0; Win64; x64) AppleWebKit/537.36 (KHTML, like Gecko) Chrome/122.0.0.0 Safari/537.36"
10.70.20.213 - - [03/Mar/2024:22:54:27 +0000] "GET / HTTP/1.1" 200 4148 "http://10.80.57.34/search?query=user" "Mozilla/5.0 (Windows NT 10.0; Win64; x64) AppleWebKit/537.36 (KHTML, like Gecko) Chrome/122.0.0.0 Safari/537.36"
10.70.20.213 - - [03/Mar/2024:22:54:34 +0000] "GET /? HTTP/1.1" 200 4148 "http://10.80.57.34/" "Mozilla/5.0 (Windows NT 10.0; Win64; x64) AppleWebKit/537.36 (KHTML, like Gecko) Chrome/122.0.0.0 Safari/537.36"
10.70.20.213 - - [03/Mar/2024:22:54:51 +0000] "GET /login HTTP/1.1" 200 6388 "http://10.80.57.34/" "Mozilla/5.0 (Windows NT 10.0; Win64; x64) AppleWebKit/537.36 (KHTML, like Gecko) Chrome/122.0.0.0 Safari/537.36"
10.70.20.213 - - [03/Mar/2024:22:54:59 +0000] "POST /login HTTP/1.1" 302 374 "http://10.80.57.34/login" "Mozilla/5.0 (Windows NT 10.0; Win64; x64) AppleWebKit/537.36 (KHTML, like Gecko) Chrome/122.0.0.0 Safari/537.36"
10.70.20.213 - - [03/Mar/2024:22:54:59 +0000] "GET /admin/home HTTP/1.1" 200 4583 "http://10.80.57.34/login" "Mozilla/5.0 (Windows NT 10.0; Win64; x64) AppleWebKit/537.36 (KHTML, like Gecko) Chrome/122.0.0.0 Safari/537.36"
10.70.20.213 - - [03/Mar/2024:22:55:04 +0000] "GET /posts/create HTTP/1.1" 200 5769 "http://10.80.57.34/admin/home" "Mozilla/5.0 (Windows NT 10.0; Win64; x64) AppleWebKit/537.36 (KHTML, like Gecko) Chrome/122.0.0.0 Safari/537.36"
10.70.20.213 - - [03/Mar/2024:22:55:49 +0000] "POST /posts/create HTTP/1.1" 302 382 "http://10.80.57.34/posts/create" "Mozilla/5.0 (Windows NT 10.0; Win64; x64) AppleWebKit/537.36 (KHTML, like Gecko) Chrome/122.0.0.0 Safari/537.36"
10.70.20.213 - - [03/Mar/2024:22:55:49 +0000] "GET /posts/create HTTP/1.1" 200 5875 "http://10.80.57.34/posts/create" "Mozilla/5.0 (Windows NT 10.0; Win64; x64) AppleWebKit/537.36 (KHTML, like Gecko) Chrome/122.0.0.0 Safari/537.36"
10.70.20.213 - - [03/Mar/2024:22:55:52 +0000] "GET /home HTTP/1.1" 200 9070 "http://10.80.57.34/posts/create" "Mozilla/5.0 (Windows NT 10.0; Win64; x64) AppleWebKit/537.36 (KHTML, like Gecko) Chrome/122.0.0.0 Safari/537.36"
10.70.20.213 - - [03/Mar/2024:22:55:52 +0000] "GET /uploads/posts/1709502793.jpg HTTP/1.1" 304 0 "http://10.80.57.34/home" "Mozilla/5.0 (Windows NT 10.0; Win64; x64) AppleWebKit/537.36 (KHTML, like Gecko) Chrome/122.0.0.0 Safari/537.36"
10.70.20.213 - - [03/Mar/2024:22:55:52 +0000] "GET /uploads/comment/1709502894.PNG HTTP/1.1" 304 0 "http://10.80.57.34/home" "Mozilla/5.0 (Windows NT 10.0; Win64; x64) AppleWebKit/537.36 (KHTML, like Gecko) Chrome/122.0.0.0 Safari/537.36"
10.70.20.213 - - [03/Mar/2024:22:55:52 +0000] "GET /uploads/posts/1709506549.PNG HTTP/1.1" 200 169514 "http://10.80.57.34/home" "Mozilla/5.0 (Windows NT 10.0; Win64; x64) AppleWebKit/537.36 (KHTML, like Gecko) Chrome/122.0.0.0 Safari/537.36"
10.70.20.213 - - [03/Mar/2024:22:56:11 +0000] "GET /home HTTP/1.1" 200 9063 "http://10.80.57.34/posts/create" "Mozilla/5.0 (Windows NT 10.0; Win64; x64) AppleWebKit/537.36 (KHTML, like Gecko) Chrome/122.0.0.0 Safari/537.36"
10.70.20.213 - - [03/Mar/2024:22:56:11 +0000] "GET /uploads/posts/1709506549.PNG HTTP/1.1" 304 0 "http://10.80.57.34/home" "Mozilla/5.0 (Windows NT 10.0; Win64; x64) AppleWebKit/537.36 (KHTML, like Gecko) Chrome/122.0.0.0 Safari/537.36"
10.70.20.213 - - [03/Mar/2024:22:57:01 +0000] "GET /home HTTP/1.1" 200 9070 "http://10.80.57.34/posts/create" "Mozilla/5.0 (Windows NT 10.0; Win64; x64) AppleWebKit/537.36 (KHTML, like Gecko) Chrome/122.0.0.0 Safari/537.36"
10.70.20.213 - - [03/Mar/2024:22:57:01 +0000] "GET /uploads/posts/1709506549.PNG HTTP/1.1" 304 0 "http://10.80.57.34/home" "Mozilla/5.0 (Windows NT 10.0; Win64; x64) AppleWebKit/537.36 (KHTML, like Gecko) Chrome/122.0.0.0 Safari/537.36"
10.70.20.213 - - [03/Mar/2024:22:57:27 +0000] "GET /home HTTP/1.1" 200 9070 "http://10.80.57.34/posts/create" "Mozilla/5.0 (Windows NT 10.0; Win64; x64) AppleWebKit/537.36 (KHTML, like Gecko) Chrome/122.0.0.0 Safari/537.36"
10.70.20.213 - - [03/Mar/2024:22:57:27 +0000] "GET /uploads/posts/1709506549.PNG HTTP/1.1" 304 0 "http://10.80.57.34/home" "Mozilla/5.0 (Windows NT 10.0; Win64; x64) AppleWebKit/537.36 (KHTML, like Gecko) Chrome/122.0.0.0 Safari/537.36"
10.70.20.213 - - [03/Mar/2024:22:57:35 +0000] "GET /home HTTP/1.1" 302 354 "http://10.80.57.34/posts/create" "Mozilla/5.0 (Windows NT 10.0; Win64; x64) AppleWebKit/537.36 (KHTML, like Gecko) Chrome/122.0.0.0 Safari/537.36"
10.80.87.67 - - [03/Mar/2024:22:57:35 +0000] "GET /search?query=User HTTP/1.1" 200 3822 "http://10.80.57.34/home" "Mozilla/5.0 (Windows NT 10.0; Win64; x64) AppleWebKit/537.36 (KHTML, like Gecko) Chrome/121.0.0.0 Safari/537.36 OPR/107.0.0.0"
10.80.87.67 - - [03/Mar/2024:22:57:35 +0000] "GET /uploads/posts/1709502793.jpg HTTP/1.1" 304 0 "http://10.80.57.34/search?query=User" "Mozilla/5.0 (Windows NT 10.0; Win64; x64) AppleWebKit/537.36 (KHTML, like Gecko) Chrome/121.0.0.0 Safari/537.36 OPR/107.0.0.0"
10.70.20.213 - - [03/Mar/2024:22:57:35 +0000] "GET /login HTTP/1.1" 200 6394 "http://10.80.57.34/posts/create" "Mozilla/5.0 (Windows NT 10.0; Win64; x64) AppleWebKit/537.36 (KHTML, like Gecko) Chrome/122.0.0.0 Safari/537.36"
10.80.87.67 - - [03/Mar/2024:22:57:40 +0000] "GET /search?query=User HTTP/1.1" 200 3829 "http://10.80.57.34/home" "Mozilla/5.0 (Windows NT 10.0; Win64; x64) AppleWebKit/537.36 (KHTML, like Gecko) Chrome/121.0.0.0 Safari/537.36 OPR/107.0.0.0"
10.70.20.213 - - [03/Mar/2024:22:57:41 +0000] "POST /login HTTP/1.1" 302 374 "http://10.80.57.34/login" "Mozilla/5.0 (Windows NT 10.0; Win64; x64) AppleWebKit/537.36 (KHTML, like Gecko) Chrome/122.0.0.0 Safari/537.36"
10.70.20.213 - - [03/Mar/2024:22:57:41 +0000] "GET /admin/home HTTP/1.1" 200 4763 "http://10.80.57.34/login" "Mozilla/5.0 (Windows NT 10.0; Win64; x64) AppleWebKit/537.36 (KHTML, like Gecko) Chrome/122.0.0.0 Safari/537.36"
10.80.87.67 - - [03/Mar/2024:22:57:43 +0000] "GET / HTTP/1.1" 200 4847 "http://10.80.57.34/search?query=User" "Mozilla/5.0 (Windows NT 10.0; Win64; x64) AppleWebKit/537.36 (KHTML, like Gecko) Chrome/121.0.0.0 Safari/537.36 OPR/107.0.0.0"
10.80.87.67 - - [03/Mar/2024:22:57:43 +0000] "GET /uploads/comment/1709502894.PNG HTTP/1.1" 304 0 "http://10.80.57.34/" "Mozilla/5.0 (Windows NT 10.0; Win64; x64) AppleWebKit/537.36 (KHTML, like Gecko) Chrome/121.0.0.0 Safari/537.36 OPR/107.0.0.0"
10.80.87.67 - - [03/Mar/2024:22:57:43 +0000] "GET /uploads/posts/1709506549.PNG HTTP/1.1" 200 169514 "http://10.80.57.34/" "Mozilla/5.0 (Windows NT 10.0; Win64; x64) AppleWebKit/537.36 (KHTML, like Gecko) Chrome/121.0.0.0 Safari/537.36 OPR/107.0.0.0"
10.70.20.213 - - [03/Mar/2024:22:57:46 +0000] "GET /posts/create HTTP/1.1" 200 5769 "http://10.80.57.34/admin/home" "Mozilla/5.0 (Windows NT 10.0; Win64; x64) AppleWebKit/537.36 (KHTML, like Gecko) Chrome/122.0.0.0 Safari/537.36"
10.80.87.67 - - [03/Mar/2024:22:57:49 +0000] "GET /? HTTP/1.1" 200 4847 "http://10.80.57.34/" "Mozilla/5.0 (Windows NT 10.0; Win64; x64) AppleWebKit/537.36 (KHTML, like Gecko) Chrome/121.0.0.0 Safari/537.36 OPR/107.0.0.0"
10.70.20.213 - - [03/Mar/2024:22:58:18 +0000] "GET /posts/create HTTP/1.1" 200 5763 "http://10.80.57.34/admin/home" "Mozilla/5.0 (Windows NT 10.0; Win64; x64) AppleWebKit/537.36 (KHTML, like Gecko) Chrome/122.0.0.0 Safari/537.36"
10.70.20.141 - - [03/Mar/2024:22:59:22 +0000] "GET / HTTP/1.1" 200 4847 "-" "Mozilla/5.0 (Windows NT 10.0; Win64; x64) AppleWebKit/537.36 (KHTML, like Gecko) Chrome/122.0.0.0 Safari/537.36 Edg/122.0.0.0"
10.70.20.141 - - [03/Mar/2024:22:59:22 +0000] "GET /uploads/posts/1709502793.jpg HTTP/1.1" 304 0 "http://10.80.57.34/" "Mozilla/5.0 (Windows NT 10.0; Win64; x64) AppleWebKit/537.36 (KHTML, like Gecko) Chrome/122.0.0.0 Safari/537.36 Edg/122.0.0.0"
10.70.20.141 - - [03/Mar/2024:22:59:22 +0000] "GET /uploads/comment/1709502894.PNG HTTP/1.1" 304 0 "http://10.80.57.34/" "Mozilla/5.0 (Windows NT 10.0; Win64; x64) AppleWebKit/537.36 (KHTML, like Gecko) Chrome/122.0.0.0 Safari/537.36 Edg/122.0.0.0"
10.70.20.141 - - [03/Mar/2024:22:59:22 +0000] "GET /uploads/posts/1709506549.PNG HTTP/1.1" 200 169514 "http://10.80.57.34/" "Mozilla/5.0 (Windows NT 10.0; Win64; x64) AppleWebKit/537.36 (KHTML, like Gecko) Chrome/122.0.0.0 Safari/537.36 Edg/122.0.0.0"
10.80.87.67 - - [03/Mar/2024:22:59:30 +0000] "GET /? HTTP/1.1" 200 4841 "http://10.80.57.34/" "Mozilla/5.0 (Windows NT 10.0; Win64; x64) AppleWebKit/537.36 (KHTML, like Gecko) Chrome/121.0.0.0 Safari/537.36 OPR/107.0.0.0"
10.80.87.67 - - [03/Mar/2024:22:59:30 +0000] "GET /uploads/posts/1709506549.PNG HTTP/1.1" 304 0 "http://10.80.57.34/?" "Mozilla/5.0 (Windows NT 10.0; Win64; x64) AppleWebKit/537.36 (KHTML, like Gecko) Chrome/121.0.0.0 Safari/537.36 OPR/107.0.0.0"
10.80.87.67 - - [03/Mar/2024:22:59:33 +0000] "GET / HTTP/1.1" 200 4847 "http://10.80.57.34/?" "Mozilla/5.0 (Windows NT 10.0; Win64; x64) AppleWebKit/537.36 (KHTML, like Gecko) Chrome/121.0.0.0 Safari/537.36 OPR/107.0.0.0"
10.80.87.67 - - [03/Mar/2024:22:59:39 +0000] "GET /? HTTP/1.1" 200 4847 "http://10.80.57.34/" "Mozilla/5.0 (Windows NT 10.0; Win64; x64) AppleWebKit/537.36 (KHTML, like Gecko) Chrome/121.0.0.0 Safari/537.36 OPR/107.0.0.0"
10.70.20.213 - - [03/Mar/2024:22:59:48 +0000] "GET /posts/create HTTP/1.1" 200 5192 "http://10.80.57.34/admin/home" "Mozilla/5.0 (Windows NT 10.0; Win64; x64) AppleWebKit/537.36 (KHTML, like Gecko) Chrome/122.0.0.0 Safari/537.36"
10.70.20.141 - - [03/Mar/2024:23:00:19 +0000] "GET / HTTP/1.1" 200 4847 "-" "Mozilla/5.0 (Windows NT 10.0; Win64; x64) AppleWebKit/537.36 (KHTML, like Gecko) Chrome/122.0.0.0 Safari/537.36 Edg/122.0.0.0"
10.70.20.141 - - [03/Mar/2024:23:00:19 +0000] "GET /uploads/posts/1709506549.PNG HTTP/1.1" 304 0 "http://10.80.57.34/" "Mozilla/5.0 (Windows NT 10.0; Win64; x64) AppleWebKit/537.36 (KHTML, like Gecko) Chrome/122.0.0.0 Safari/537.36 Edg/122.0.0.0"
10.80.87.67 - - [03/Mar/2024:23:00:37 +0000] "GET / HTTP/1.1" 200 4894 "http://10.80.57.34/?" "Mozilla/5.0 (Windows NT 10.0; Win64; x64) AppleWebKit/537.36 (KHTML, like Gecko) Chrome/121.0.0.0 Safari/537.36 OPR/107.0.0.0"
10.80.87.67 - - [03/Mar/2024:23:00:37 +0000] "GET /uploads/posts/1709506549.PNG HTTP/1.1" 304 0 "http://10.80.57.34/" "Mozilla/5.0 (Windows NT 10.0; Win64; x64) AppleWebKit/537.36 (KHTML, like Gecko) Chrome/121.0.0.0 Safari/537.36 OPR/107.0.0.0"
10.80.87.67 - - [03/Mar/2024:23:00:43 +0000] "GET /searchNormal? HTTP/1.1" 500 1113264 "http://10.80.57.34/" "Mozilla/5.0 (Windows NT 10.0; Win64; x64) AppleWebKit/537.36 (KHTML, like Gecko) Chrome/121.0.0.0 Safari/537.36 OPR/107.0.0.0"
10.70.20.213 - - [03/Mar/2024:23:00:56 +0000] "GET /editprofile HTTP/1.1" 302 354 "http://10.80.57.34/posts/create" "Mozilla/5.0 (Windows NT 10.0; Win64; x64) AppleWebKit/537.36 (KHTML, like Gecko) Chrome/122.0.0.0 Safari/537.36"
10.70.20.213 - - [03/Mar/2024:23:00:56 +0000] "GET /login HTTP/1.1" 200 6441 "http://10.80.57.34/posts/create" "Mozilla/5.0 (Windows NT 10.0; Win64; x64) AppleWebKit/537.36 (KHTML, like Gecko) Chrome/122.0.0.0 Safari/537.36"
10.70.20.213 - - [03/Mar/2024:23:01:02 +0000] "POST /login HTTP/1.1" 302 350 "http://10.80.57.34/login" "Mozilla/5.0 (Windows NT 10.0; Win64; x64) AppleWebKit/537.36 (KHTML, like Gecko) Chrome/122.0.0.0 Safari/537.36"
10.70.20.213 - - [03/Mar/2024:23:01:02 +0000] "GET /home HTTP/1.1" 200 10512 "http://10.80.57.34/login" "Mozilla/5.0 (Windows NT 10.0; Win64; x64) AppleWebKit/537.36 (KHTML, like Gecko) Chrome/122.0.0.0 Safari/537.36"
10.70.20.213 - - [03/Mar/2024:23:01:02 +0000] "GET /uploads/posts/1709506549.PNG HTTP/1.1" 304 0 "http://10.80.57.34/home" "Mozilla/5.0 (Windows NT 10.0; Win64; x64) AppleWebKit/537.36 (KHTML, like Gecko) Chrome/122.0.0.0 Safari/537.36"
10.70.20.213 - - [03/Mar/2024:23:01:07 +0000] "POST /logout HTTP/1.1" 302 330 "http://10.80.57.34/home" "Mozilla/5.0 (Windows NT 10.0; Win64; x64) AppleWebKit/537.36 (KHTML, like Gecko) Chrome/122.0.0.0 Safari/537.36"
10.70.20.213 - - [03/Mar/2024:23:01:07 +0000] "GET / HTTP/1.1" 200 4894 "http://10.80.57.34/home" "Mozilla/5.0 (Windows NT 10.0; Win64; x64) AppleWebKit/537.36 (KHTML, like Gecko) Chrome/122.0.0.0 Safari/537.36"
10.70.20.213 - - [03/Mar/2024:23:01:11 +0000] "GET /login HTTP/1.1" 200 6441 "http://10.80.57.34/" "Mozilla/5.0 (Windows NT 10.0; Win64; x64) AppleWebKit/537.36 (KHTML, like Gecko) Chrome/122.0.0.0 Safari/537.36"
10.70.20.213 - - [03/Mar/2024:23:01:21 +0000] "POST /login HTTP/1.1" 302 374 "http://10.80.57.34/login" "Mozilla/5.0 (Windows NT 10.0; Win64; x64) AppleWebKit/537.36 (KHTML, like Gecko) Chrome/122.0.0.0 Safari/537.36"
10.70.20.213 - - [03/Mar/2024:23:01:21 +0000] "GET /admin/home HTTP/1.1" 200 4763 "http://10.80.57.34/login" "Mozilla/5.0 (Windows NT 10.0; Win64; x64) AppleWebKit/537.36 (KHTML, like Gecko) Chrome/122.0.0.0 Safari/537.36"
10.70.20.213 - - [03/Mar/2024:23:01:27 +0000] "GET /posts/create HTTP/1.1" 200 5769 "http://10.80.57.34/admin/home" "Mozilla/5.0 (Windows NT 10.0; Win64; x64) AppleWebKit/537.36 (KHTML, like Gecko) Chrome/122.0.0.0 Safari/537.36"
10.70.20.213 - - [03/Mar/2024:23:01:58 +0000] "GET /admin/posts HTTP/1.1" 200 7797 "http://10.80.57.34/admin/home" "Mozilla/5.0 (Windows NT 10.0; Win64; x64) AppleWebKit/537.36 (KHTML, like Gecko) Chrome/122.0.0.0 Safari/537.36"
10.70.20.213 - - [03/Mar/2024:23:01:58 +0000] "GET /uploads/posts/1709506549.PNG HTTP/1.1" 304 0 "http://10.80.57.34/admin/posts" "Mozilla/5.0 (Windows NT 10.0; Win64; x64) AppleWebKit/537.36 (KHTML, like Gecko) Chrome/122.0.0.0 Safari/537.36"
10.70.20.213 - - [03/Mar/2024:23:02:02 +0000] "GET /posts/1/edit HTTP/1.1" 200 6216 "http://10.80.57.34/admin/posts" "Mozilla/5.0 (Windows NT 10.0; Win64; x64) AppleWebKit/537.36 (KHTML, like Gecko) Chrome/122.0.0.0 Safari/537.36"
10.70.20.213 - - [03/Mar/2024:23:02:18 +0000] "GET /posts/create HTTP/1.1" 200 5763 "http://10.80.57.34/admin/posts" "Mozilla/5.0 (Windows NT 10.0; Win64; x64) AppleWebKit/537.36 (KHTML, like Gecko) Chrome/122.0.0.0 Safari/537.36"
10.80.87.67 - - [03/Mar/2024:23:02:46 +0000] "GET /login HTTP/1.1" 200 6441 "http://10.80.57.34/" "Mozilla/5.0 (Windows NT 10.0; Win64; x64) AppleWebKit/537.36 (KHTML, like Gecko) Chrome/121.0.0.0 Safari/537.36 OPR/107.0.0.0"
10.80.87.67 - - [03/Mar/2024:23:02:56 +0000] "GET / HTTP/1.1" 200 4888 "http://10.80.57.34/login" "Mozilla/5.0 (Windows NT 10.0; Win64; x64) AppleWebKit/537.36 (KHTML, like Gecko) Chrome/121.0.0.0 Safari/537.36 OPR/107.0.0.0"
10.80.87.67 - - [03/Mar/2024:23:02:56 +0000] "GET /uploads/posts/1709506549.PNG HTTP/1.1" 304 0 "http://10.80.57.34/" "Mozilla/5.0 (Windows NT 10.0; Win64; x64) AppleWebKit/537.36 (KHTML, like Gecko) Chrome/121.0.0.0 Safari/537.36 OPR/107.0.0.0"
10.80.87.67 - - [03/Mar/2024:23:03:06 +0000] "GET /searchNormal? HTTP/1.1" 500 1113264 "http://10.80.57.34/" "Mozilla/5.0 (Windows NT 10.0; Win64; x64) AppleWebKit/537.36 (KHTML, like Gecko) Chrome/121.0.0.0 Safari/537.36 OPR/107.0.0.0"
10.70.20.213 - - [03/Mar/2024:23:03:49 +0000] "GET /posts/create HTTP/1.1" 200 6213 "http://10.80.57.34/admin/posts" "Mozilla/5.0 (Windows NT 10.0; Win64; x64) AppleWebKit/537.36 (KHTML, like Gecko) Chrome/122.0.0.0 Safari/537.36"
10.70.20.213 - - [03/Mar/2024:23:03:54 +0000] "GET /home HTTP/1.1" 200 9070 "http://10.80.57.34/posts/create" "Mozilla/5.0 (Windows NT 10.0; Win64; x64) AppleWebKit/537.36 (KHTML, like Gecko) Chrome/122.0.0.0 Safari/537.36"
10.70.20.213 - - [03/Mar/2024:23:03:55 +0000] "GET /uploads/posts/1709502793.jpg HTTP/1.1" 304 0 "http://10.80.57.34/home" "Mozilla/5.0 (Windows NT 10.0; Win64; x64) AppleWebKit/537.36 (KHTML, like Gecko) Chrome/122.0.0.0 Safari/537.36"
10.70.20.213 - - [03/Mar/2024:23:03:55 +0000] "GET /uploads/comment/1709502894.PNG HTTP/1.1" 304 0 "http://10.80.57.34/home" "Mozilla/5.0 (Windows NT 10.0; Win64; x64) AppleWebKit/537.36 (KHTML, like Gecko) Chrome/122.0.0.0 Safari/537.36"
10.70.20.213 - - [03/Mar/2024:23:03:55 +0000] "GET /uploads/posts/1709506549.PNG HTTP/1.1" 304 0 "http://10.80.57.34/home" "Mozilla/5.0 (Windows NT 10.0; Win64; x64) AppleWebKit/537.36 (KHTML, like Gecko) Chrome/122.0.0.0 Safari/537.36"
10.70.20.213 - - [03/Mar/2024:23:03:59 +0000] "GET /editprofile HTTP/1.1" 200 9564 "http://10.80.57.34/home" "Mozilla/5.0 (Windows NT 10.0; Win64; x64) AppleWebKit/537.36 (KHTML, like Gecko) Chrome/122.0.0.0 Safari/537.36"
10.70.20.213 - - [03/Mar/2024:23:03:59 +0000] "GET /uploads/propic/image.png HTTP/1.1" 304 0 "http://10.80.57.34/editprofile" "Mozilla/5.0 (Windows NT 10.0; Win64; x64) AppleWebKit/537.36 (KHTML, like Gecko) Chrome/122.0.0.0 Safari/537.36"
10.70.20.213 - - [03/Mar/2024:23:04:20 +0000] "GET / HTTP/1.1" 200 5510 "http://10.80.57.34/editprofile" "Mozilla/5.0 (Windows NT 10.0; Win64; x64) AppleWebKit/537.36 (KHTML, like Gecko) Chrome/122.0.0.0 Safari/537.36"
10.80.87.67 - - [03/Mar/2024:23:04:38 +0000] "GET /searchNormal? HTTP/1.1" 500 1113348 "http://10.80.57.34/" "Mozilla/5.0 (Windows NT 10.0; Win64; x64) AppleWebKit/537.36 (KHTML, like Gecko) Chrome/121.0.0.0 Safari/537.36 OPR/107.0.0.0"
10.70.20.213 - - [03/Mar/2024:23:05:15 +0000] "GET /editprofile HTTP/1.1" 200 9538 "http://10.80.57.34/home" "Mozilla/5.0 (Windows NT 10.0; Win64; x64) AppleWebKit/537.36 (KHTML, like Gecko) Chrome/122.0.0.0 Safari/537.36"
10.80.87.67 - - [03/Mar/2024:23:05:32 +0000] "GET /searchNormal? HTTP/1.1" 500 1113979 "http://10.80.57.34/" "Mozilla/5.0 (Windows NT 10.0; Win64; x64) AppleWebKit/537.36 (KHTML, like Gecko) Chrome/121.0.0.0 Safari/537.36 OPR/107.0.0.0"
10.80.87.67 - - [03/Mar/2024:23:05:38 +0000] "GET / HTTP/1.1" 200 4918 "http://10.80.57.34/login" "Mozilla/5.0 (Windows NT 10.0; Win64; x64) AppleWebKit/537.36 (KHTML, like Gecko) Chrome/121.0.0.0 Safari/537.36 OPR/107.0.0.0"
10.80.87.67 - - [03/Mar/2024:23:05:38 +0000] "GET /uploads/posts/1709502793.jpg HTTP/1.1" 304 0 "http://10.80.57.34/" "Mozilla/5.0 (Windows NT 10.0; Win64; x64) AppleWebKit/537.36 (KHTML, like Gecko) Chrome/121.0.0.0 Safari/537.36 OPR/107.0.0.0"
10.80.87.67 - - [03/Mar/2024:23:05:38 +0000] "GET /uploads/comment/1709502894.PNG HTTP/1.1" 304 0 "http://10.80.57.34/" "Mozilla/5.0 (Windows NT 10.0; Win64; x64) AppleWebKit/537.36 (KHTML, like Gecko) Chrome/121.0.0.0 Safari/537.36 OPR/107.0.0.0"
10.80.87.67 - - [03/Mar/2024:23:05:38 +0000] "GET /uploads/posts/1709506549.PNG HTTP/1.1" 304 0 "http://10.80.57.34/" "Mozilla/5.0 (Windows NT 10.0; Win64; x64) AppleWebKit/537.36 (KHTML, like Gecko) Chrome/121.0.0.0 Safari/537.36 OPR/107.0.0.0"
10.80.87.67 - - [03/Mar/2024:23:05:44 +0000] "GET /searchNormal?query=User HTTP/1.1" 200 3618 "http://10.80.57.34/" "Mozilla/5.0 (Windows NT 10.0; Win64; x64) AppleWebKit/537.36 (KHTML, like Gecko) Chrome/121.0.0.0 Safari/537.36 OPR/107.0.0.0"
10.70.20.213 - - [03/Mar/2024:23:05:44 +0000] "GET / HTTP/1.1" 200 5534 "http://10.80.57.34/home" "Mozilla/5.0 (Windows NT 10.0; Win64; x64) AppleWebKit/537.36 (KHTML, like Gecko) Chrome/122.0.0.0 Safari/537.36"
10.70.20.213 - - [03/Mar/2024:23:05:44 +0000] "GET /uploads/posts/1709506549.PNG HTTP/1.1" 304 0 "http://10.80.57.34/" "Mozilla/5.0 (Windows NT 10.0; Win64; x64) AppleWebKit/537.36 (KHTML, like Gecko) Chrome/122.0.0.0 Safari/537.36"
10.80.87.67 - - [03/Mar/2024:23:05:56 +0000] "GET /searchNormal?query=Admin HTTP/1.1" 200 3611 "http://10.80.57.34/searchNormal?query=User" "Mozilla/5.0 (Windows NT 10.0; Win64; x64) AppleWebKit/537.36 (KHTML, like Gecko) Chrome/121.0.0.0 Safari/537.36 OPR/107.0.0.0"
10.80.87.67 - - [03/Mar/2024:23:06:00 +0000] "GET / HTTP/1.1" 200 4918 "http://10.80.57.34/searchNormal?query=Admin" "Mozilla/5.0 (Windows NT 10.0; Win64; x64) AppleWebKit/537.36 (KHTML, like Gecko) Chrome/121.0.0.0 Safari/537.36 OPR/107.0.0.0"
10.70.20.213 - - [03/Mar/2024:23:06:20 +0000] "GET /home HTTP/1.1" 200 9044 "http://10.80.57.34/posts/create" "Mozilla/5.0 (Windows NT 10.0; Win64; x64) AppleWebKit/537.36 (KHTML, like Gecko) Chrome/122.0.0.0 Safari/537.36"
10.70.20.213 - - [03/Mar/2024:23:07:37 +0000] "POST /logout HTTP/1.1" 302 330 "http://10.80.57.34/home" "Mozilla/5.0 (Windows NT 10.0; Win64; x64) AppleWebKit/537.36 (KHTML, like Gecko) Chrome/122.0.0.0 Safari/537.36"
10.70.20.213 - - [03/Mar/2024:23:07:37 +0000] "GET / HTTP/1.1" 200 4893 "http://10.80.57.34/home" "Mozilla/5.0 (Windows NT 10.0; Win64; x64) AppleWebKit/537.36 (KHTML, like Gecko) Chrome/122.0.0.0 Safari/537.36"
10.70.20.213 - - [03/Mar/2024:23:07:37 +0000] "GET /uploads/posts/1709506549.PNG HTTP/1.1" 304 0 "http://10.80.57.34/" "Mozilla/5.0 (Windows NT 10.0; Win64; x64) AppleWebKit/537.36 (KHTML, like Gecko) Chrome/122.0.0.0 Safari/537.36"
10.70.20.213 - - [03/Mar/2024:23:07:46 +0000] "GET / HTTP/1.1" 200 4887 "http://10.80.57.34/home" "Mozilla/5.0 (Windows NT 10.0; Win64; x64) AppleWebKit/537.36 (KHTML, like Gecko) Chrome/122.0.0.0 Safari/537.36"
10.70.20.213 - - [03/Mar/2024:23:07:56 +0000] "GET /home HTTP/1.1" 302 354 "-" "Mozilla/5.0 (Windows NT 10.0; Win64; x64) AppleWebKit/537.36 (KHTML, like Gecko) Chrome/122.0.0.0 Safari/537.36"
10.70.20.213 - - [03/Mar/2024:23:07:56 +0000] "GET /login HTTP/1.1" 200 6440 "-" "Mozilla/5.0 (Windows NT 10.0; Win64; x64) AppleWebKit/537.36 (KHTML, like Gecko) Chrome/122.0.0.0 Safari/537.36"
10.70.20.213 - - [03/Mar/2024:23:08:05 +0000] "GET /admin/home HTTP/1.1" 302 354 "-" "Mozilla/5.0 (Windows NT 10.0; Win64; x64) AppleWebKit/537.36 (KHTML, like Gecko) Chrome/122.0.0.0 Safari/537.36"
10.70.20.213 - - [03/Mar/2024:23:08:05 +0000] "GET /login HTTP/1.1" 200 6440 "-" "Mozilla/5.0 (Windows NT 10.0; Win64; x64) AppleWebKit/537.36 (KHTML, like Gecko) Chrome/122.0.0.0 Safari/537.36"
10.70.20.253 - - [03/Mar/2024:23:09:50 +0000] "GET /? HTTP/1.1" 200 4893 "http://10.80.57.34/" "Mozilla/5.0 (Windows NT 10.0; Win64; x64) AppleWebKit/537.36 (KHTML, like Gecko) Chrome/122.0.0.0 Safari/537.36"
10.70.20.253 - - [03/Mar/2024:23:09:51 +0000] "GET /uploads/posts/1709502793.jpg HTTP/1.1" 304 0 "http://10.80.57.34/?" "Mozilla/5.0 (Windows NT 10.0; Win64; x64) AppleWebKit/537.36 (KHTML, like Gecko) Chrome/122.0.0.0 Safari/537.36"
10.70.20.253 - - [03/Mar/2024:23:09:51 +0000] "GET /uploads/comment/1709502894.PNG HTTP/1.1" 304 0 "http://10.80.57.34/?" "Mozilla/5.0 (Windows NT 10.0; Win64; x64) AppleWebKit/537.36 (KHTML, like Gecko) Chrome/122.0.0.0 Safari/537.36"
10.70.20.253 - - [03/Mar/2024:23:09:51 +0000] "GET /uploads/posts/1709506549.PNG HTTP/1.1" 200 169514 "http://10.80.57.34/?" "Mozilla/5.0 (Windows NT 10.0; Win64; x64) AppleWebKit/537.36 (KHTML, like Gecko) Chrome/122.0.0.0 Safari/537.36"
10.70.20.213 - - [03/Mar/2024:23:10:00 +0000] "GET /admin/home HTTP/1.1" 302 354 "-" "Mozilla/5.0 (Windows NT 10.0; Win64; x64) AppleWebKit/537.36 (KHTML, like Gecko) Chrome/122.0.0.0 Safari/537.36"
10.70.20.213 - - [03/Mar/2024:23:10:00 +0000] "GET /login HTTP/1.1" 200 6440 "-" "Mozilla/5.0 (Windows NT 10.0; Win64; x64) AppleWebKit/537.36 (KHTML, like Gecko) Chrome/122.0.0.0 Safari/537.36"
10.70.20.213 - - [03/Mar/2024:23:10:01 +0000] "GET / HTTP/1.1" 200 4893 "-" "Mozilla/5.0 (Windows NT 10.0; Win64; x64) AppleWebKit/537.36 (KHTML, like Gecko) Chrome/122.0.0.0 Safari/537.36"
10.70.20.213 - - [03/Mar/2024:23:10:02 +0000] "GET /uploads/posts/1709506549.PNG HTTP/1.1" 304 0 "http://10.80.57.34/" "Mozilla/5.0 (Windows NT 10.0; Win64; x64) AppleWebKit/537.36 (KHTML, like Gecko) Chrome/122.0.0.0 Safari/537.36"
10.70.20.166 - - [03/Mar/2024:23:14:06 +0000] "GET / HTTP/1.1" 500 933057 "-" "Mozilla/5.0 (Windows NT 10.0; Win64; x64) AppleWebKit/537.36 (KHTML, like Gecko) Chrome/122.0.0.0 Safari/537.36 Edg/122.0.0.0"
10.70.20.213 - - [03/Mar/2024:23:14:48 +0000] "POST /login HTTP/1.1" 302 374 "http://10.80.57.34/login" "Mozilla/5.0 (Windows NT 10.0; Win64; x64) AppleWebKit/537.36 (KHTML, like Gecko) Chrome/122.0.0.0 Safari/537.36"
10.70.20.213 - - [03/Mar/2024:23:14:48 +0000] "GET /admin/home HTTP/1.1" 200 4763 "http://10.80.57.34/login" "Mozilla/5.0 (Windows NT 10.0; Win64; x64) AppleWebKit/537.36 (KHTML, like Gecko) Chrome/122.0.0.0 Safari/537.36"
10.70.20.213 - - [03/Mar/2024:23:14:51 +0000] "GET /admin/posts HTTP/1.1" 200 11387 "http://10.80.57.34/admin/home" "Mozilla/5.0 (Windows NT 10.0; Win64; x64) AppleWebKit/537.36 (KHTML, like Gecko) Chrome/122.0.0.0 Safari/537.36"
10.70.20.213 - - [03/Mar/2024:23:14:51 +0000] "GET /uploads/posts/1709502793.jpg HTTP/1.1" 304 0 "http://10.80.57.34/admin/posts" "Mozilla/5.0 (Windows NT 10.0; Win64; x64) AppleWebKit/537.36 (KHTML, like Gecko) Chrome/122.0.0.0 Safari/537.36"
10.70.20.213 - - [03/Mar/2024:23:14:51 +0000] "GET /uploads/comment/1709502894.PNG HTTP/1.1" 304 0 "http://10.80.57.34/admin/posts" "Mozilla/5.0 (Windows NT 10.0; Win64; x64) AppleWebKit/537.36 (KHTML, like Gecko) Chrome/122.0.0.0 Safari/537.36"
10.70.20.213 - - [03/Mar/2024:23:14:51 +0000] "GET /uploads/posts/1709506549.PNG HTTP/1.1" 304 0 "http://10.80.57.34/admin/posts" "Mozilla/5.0 (Windows NT 10.0; Win64; x64) AppleWebKit/537.36 (KHTML, like Gecko) Chrome/122.0.0.0 Safari/537.36"
10.70.20.213 - - [03/Mar/2024:23:14:52 +0000] "GET /admin/posts HTTP/1.1" 200 11387 "http://10.80.57.34/admin/posts" "Mozilla/5.0 (Windows NT 10.0; Win64; x64) AppleWebKit/537.36 (KHTML, like Gecko) Chrome/122.0.0.0 Safari/537.36"
10.70.20.213 - - [03/Mar/2024:23:16:26 +0000] "GET /admin/posts HTTP/1.1" 500 1096770 "http://10.80.57.34/admin/posts" "Mozilla/5.0 (Windows NT 10.0; Win64; x64) AppleWebKit/537.36 (KHTML, like Gecko) Chrome/122.0.0.0 Safari/537.36"
10.70.20.213 - - [03/Mar/2024:23:18:20 +0000] "GET /admin/posts HTTP/1.1" 500 1096754 "http://10.80.57.34/admin/posts" "Mozilla/5.0 (Windows NT 10.0; Win64; x64) AppleWebKit/537.36 (KHTML, like Gecko) Chrome/122.0.0.0 Safari/537.36"
10.70.20.213 - - [03/Mar/2024:23:18:47 +0000] "GET /admin/posts HTTP/1.1" 500 1097789 "http://10.80.57.34/admin/posts" "Mozilla/5.0 (Windows NT 10.0; Win64; x64) AppleWebKit/537.36 (KHTML, like Gecko) Chrome/122.0.0.0 Safari/537.36"
10.70.20.213 - - [03/Mar/2024:23:18:55 +0000] "GET / HTTP/1.1" 200 4893 "-" "Mozilla/5.0 (Windows NT 10.0; Win64; x64) AppleWebKit/537.36 (KHTML, like Gecko) Chrome/122.0.0.0 Safari/537.36"
10.70.20.213 - - [03/Mar/2024:23:18:55 +0000] "GET /uploads/posts/1709506549.PNG HTTP/1.1" 304 0 "http://10.80.57.34/" "Mozilla/5.0 (Windows NT 10.0; Win64; x64) AppleWebKit/537.36 (KHTML, like Gecko) Chrome/122.0.0.0 Safari/537.36"
10.70.20.213 - - [03/Mar/2024:23:18:58 +0000] "GET / HTTP/1.1" 200 4893 "-" "Mozilla/5.0 (Windows NT 10.0; Win64; x64) AppleWebKit/537.36 (KHTML, like Gecko) Chrome/122.0.0.0 Safari/537.36"
10.70.20.213 - - [03/Mar/2024:23:19:02 +0000] "GET /login HTTP/1.1" 200 6440 "http://10.80.57.34/" "Mozilla/5.0 (Windows NT 10.0; Win64; x64) AppleWebKit/537.36 (KHTML, like Gecko) Chrome/122.0.0.0 Safari/537.36"
10.70.20.213 - - [03/Mar/2024:23:19:07 +0000] "POST /login HTTP/1.1" 302 350 "http://10.80.57.34/login" "Mozilla/5.0 (Windows NT 10.0; Win64; x64) AppleWebKit/537.36 (KHTML, like Gecko) Chrome/122.0.0.0 Safari/537.36"
10.70.20.213 - - [03/Mar/2024:23:19:07 +0000] "GET /home HTTP/1.1" 200 10486 "http://10.80.57.34/login" "Mozilla/5.0 (Windows NT 10.0; Win64; x64) AppleWebKit/537.36 (KHTML, like Gecko) Chrome/122.0.0.0 Safari/537.36"
10.70.20.213 - - [03/Mar/2024:23:19:15 +0000] "GET /posts/create HTTP/1.1" 200 5827 "http://10.80.57.34/home" "Mozilla/5.0 (Windows NT 10.0; Win64; x64) AppleWebKit/537.36 (KHTML, like Gecko) Chrome/122.0.0.0 Safari/537.36"
10.70.20.213 - - [03/Mar/2024:23:19:18 +0000] "GET /home HTTP/1.1" 200 10486 "http://10.80.57.34/posts/create" "Mozilla/5.0 (Windows NT 10.0; Win64; x64) AppleWebKit/537.36 (KHTML, like Gecko) Chrome/122.0.0.0 Safari/537.36"
10.70.20.213 - - [03/Mar/2024:23:19:22 +0000] "POST /logout HTTP/1.1" 302 330 "http://10.80.57.34/home" "Mozilla/5.0 (Windows NT 10.0; Win64; x64) AppleWebKit/537.36 (KHTML, like Gecko) Chrome/122.0.0.0 Safari/537.36"
10.70.20.213 - - [03/Mar/2024:23:19:22 +0000] "GET / HTTP/1.1" 200 4887 "http://10.80.57.34/home" "Mozilla/5.0 (Windows NT 10.0; Win64; x64) AppleWebKit/537.36 (KHTML, like Gecko) Chrome/122.0.0.0 Safari/537.36"
10.70.20.213 - - [03/Mar/2024:23:19:26 +0000] "GET /login HTTP/1.1" 200 6440 "http://10.80.57.34/" "Mozilla/5.0 (Windows NT 10.0; Win64; x64) AppleWebKit/537.36 (KHTML, like Gecko) Chrome/122.0.0.0 Safari/537.36"
10.70.20.213 - - [03/Mar/2024:23:19:33 +0000] "POST /login HTTP/1.1" 302 374 "http://10.80.57.34/login" "Mozilla/5.0 (Windows NT 10.0; Win64; x64) AppleWebKit/537.36 (KHTML, like Gecko) Chrome/122.0.0.0 Safari/537.36"
10.70.20.213 - - [03/Mar/2024:23:19:33 +0000] "GET /admin/home HTTP/1.1" 200 4763 "http://10.80.57.34/login" "Mozilla/5.0 (Windows NT 10.0; Win64; x64) AppleWebKit/537.36 (KHTML, like Gecko) Chrome/122.0.0.0 Safari/537.36"
10.70.20.213 - - [03/Mar/2024:23:19:38 +0000] "GET /posts/create HTTP/1.1" 200 5850 "http://10.80.57.34/admin/home" "Mozilla/5.0 (Windows NT 10.0; Win64; x64) AppleWebKit/537.36 (KHTML, like Gecko) Chrome/122.0.0.0 Safari/537.36"
10.70.20.213 - - [03/Mar/2024:23:19:41 +0000] "GET /admin/posts HTTP/1.1" 500 1179229 "http://10.80.57.34/posts/create" "Mozilla/5.0 (Windows NT 10.0; Win64; x64) AppleWebKit/537.36 (KHTML, like Gecko) Chrome/122.0.0.0 Safari/537.36"
10.70.20.213 - - [03/Mar/2024:23:20:44 +0000] "GET /admin/posts HTTP/1.1" 200 11387 "http://10.80.57.34/posts/create" "Mozilla/5.0 (Windows NT 10.0; Win64; x64) AppleWebKit/537.36 (KHTML, like Gecko) Chrome/122.0.0.0 Safari/537.36"
10.70.20.213 - - [03/Mar/2024:23:20:49 +0000] "GET /posts/create HTTP/1.1" 200 5850 "http://10.80.57.34/admin/posts" "Mozilla/5.0 (Windows NT 10.0; Win64; x64) AppleWebKit/537.36 (KHTML, like Gecko) Chrome/122.0.0.0 Safari/537.36"
10.70.20.213 - - [03/Mar/2024:23:20:53 +0000] "GET /admin/posts HTTP/1.1" 200 11387 "http://10.80.57.34/posts/create" "Mozilla/5.0 (Windows NT 10.0; Win64; x64) AppleWebKit/537.36 (KHTML, like Gecko) Chrome/122.0.0.0 Safari/537.36"
10.70.20.213 - - [03/Mar/2024:23:21:00 +0000] "GET /comment/1/edit HTTP/1.1" 200 5932 "http://10.80.57.34/admin/posts" "Mozilla/5.0 (Windows NT 10.0; Win64; x64) AppleWebKit/537.36 (KHTML, like Gecko) Chrome/122.0.0.0 Safari/537.36"
10.70.20.213 - - [03/Mar/2024:23:21:06 +0000] "POST /comments/1 HTTP/1.1" 302 390 "http://10.80.57.34/comment/1/edit" "Mozilla/5.0 (Windows NT 10.0; Win64; x64) AppleWebKit/537.36 (KHTML, like Gecko) Chrome/122.0.0.0 Safari/537.36"
10.70.20.213 - - [03/Mar/2024:23:21:07 +0000] "GET /comment/1/edit HTTP/1.1" 200 6025 "http://10.80.57.34/comment/1/edit" "Mozilla/5.0 (Windows NT 10.0; Win64; x64) AppleWebKit/537.36 (KHTML, like Gecko) Chrome/122.0.0.0 Safari/537.36"
10.70.20.213 - - [03/Mar/2024:23:21:09 +0000] "GET /admin/posts HTTP/1.1" 200 11388 "http://10.80.57.34/comment/1/edit" "Mozilla/5.0 (Windows NT 10.0; Win64; x64) AppleWebKit/537.36 (KHTML, like Gecko) Chrome/122.0.0.0 Safari/537.36"
10.70.20.213 - - [03/Mar/2024:23:21:24 +0000] "GET /admin/posts HTTP/1.1" 200 11388 "-" "Mozilla/5.0 (Windows NT 10.0; Win64; x64) AppleWebKit/537.36 (KHTML, like Gecko) Chrome/122.0.0.0 Safari/537.36"
10.70.20.213 - - [03/Mar/2024:23:21:24 +0000] "GET /uploads/posts/1709506549.PNG HTTP/1.1" 304 0 "http://10.80.57.34/admin/posts" "Mozilla/5.0 (Windows NT 10.0; Win64; x64) AppleWebKit/537.36 (KHTML, like Gecko) Chrome/122.0.0.0 Safari/537.36"
10.70.20.213 - - [03/Mar/2024:23:23:23 +0000] "GET /admin/posts HTTP/1.1" 200 11123 "-" "Mozilla/5.0 (Windows NT 10.0; Win64; x64) AppleWebKit/537.36 (KHTML, like Gecko) Chrome/122.0.0.0 Safari/537.36"
10.70.20.213 - - [03/Mar/2024:23:23:23 +0000] "GET /uploads/posts/1709502793.jpg HTTP/1.1" 304 0 "http://10.80.57.34/admin/posts" "Mozilla/5.0 (Windows NT 10.0; Win64; x64) AppleWebKit/537.36 (KHTML, like Gecko) Chrome/122.0.0.0 Safari/537.36"
10.70.20.213 - - [03/Mar/2024:23:23:23 +0000] "GET /uploads/comment/1709502894.PNG HTTP/1.1" 304 0 "http://10.80.57.34/admin/posts" "Mozilla/5.0 (Windows NT 10.0; Win64; x64) AppleWebKit/537.36 (KHTML, like Gecko) Chrome/122.0.0.0 Safari/537.36"
10.70.20.213 - - [03/Mar/2024:23:23:29 +0000] "GET /admin/posts HTTP/1.1" 500 1096668 "-" "Mozilla/5.0 (Windows NT 10.0; Win64; x64) AppleWebKit/537.36 (KHTML, like Gecko) Chrome/122.0.0.0 Safari/537.36"
