10.80.87.67 - - [03/Mar/2024:16:53:53 +0000] "GET /home HTTP/1.1" 200 11818 "http://10.80.57.34/home" "Mozilla/5.0 (Windows NT 10.0; Win64; x64) AppleWebKit/537.36 (KHTML, like Gecko) Chrome/121.0.0.0 Safari/537.36 OPR/107.0.0.0"
10.80.87.67 - - [03/Mar/2024:16:56:05 +0000] "GET /home HTTP/1.1" 200 11818 "http://10.80.57.34/home" "Mozilla/5.0 (Windows NT 10.0; Win64; x64) AppleWebKit/537.36 (KHTML, like Gecko) Chrome/121.0.0.0 Safari/537.36 OPR/107.0.0.0"
10.80.87.67 - - [03/Mar/2024:16:56:11 +0000] "GET /posts/create HTTP/1.1" 200 5819 "http://10.80.57.34/home" "Mozilla/5.0 (Windows NT 10.0; Win64; x64) AppleWebKit/537.36 (KHTML, like Gecko) Chrome/121.0.0.0 Safari/537.36 OPR/107.0.0.0"
10.80.87.67 - - [03/Mar/2024:16:56:18 +0000] "GET /home HTTP/1.1" 200 11804 "http://10.80.57.34/posts/create" "Mozilla/5.0 (Windows NT 10.0; Win64; x64) AppleWebKit/537.36 (KHTML, like Gecko) Chrome/121.0.0.0 Safari/537.36 OPR/107.0.0.0"
10.80.87.67 - - [03/Mar/2024:16:56:22 +0000] "POST /logout HTTP/1.1" 302 330 "http://10.80.57.34/home" "Mozilla/5.0 (Windows NT 10.0; Win64; x64) AppleWebKit/537.36 (KHTML, like Gecko) Chrome/121.0.0.0 Safari/537.36 OPR/107.0.0.0"
10.80.87.67 - - [03/Mar/2024:16:56:22 +0000] "GET / HTTP/1.1" 200 4898 "http://10.80.57.34/home" "Mozilla/5.0 (Windows NT 10.0; Win64; x64) AppleWebKit/537.36 (KHTML, like Gecko) Chrome/121.0.0.0 Safari/537.36 OPR/107.0.0.0"
10.80.87.67 - - [03/Mar/2024:16:57:19 +0000] "GET /login HTTP/1.1" 200 6388 "http://10.80.57.34/" "Mozilla/5.0 (Windows NT 10.0; Win64; x64) AppleWebKit/537.36 (KHTML, like Gecko) Chrome/121.0.0.0 Safari/537.36 OPR/107.0.0.0"
10.80.87.67 - - [03/Mar/2024:16:57:31 +0000] "POST /login HTTP/1.1" 302 350 "http://10.80.57.34/login" "Mozilla/5.0 (Windows NT 10.0; Win64; x64) AppleWebKit/537.36 (KHTML, like Gecko) Chrome/121.0.0.0 Safari/537.36 OPR/107.0.0.0"
10.80.87.67 - - [03/Mar/2024:16:57:32 +0000] "GET /home HTTP/1.1" 200 11818 "http://10.80.57.34/login" "Mozilla/5.0 (Windows NT 10.0; Win64; x64) AppleWebKit/537.36 (KHTML, like Gecko) Chrome/121.0.0.0 Safari/537.36 OPR/107.0.0.0"
10.80.87.67 - - [03/Mar/2024:16:57:38 +0000] "GET /home HTTP/1.1" 200 11818 "http://10.80.57.34/home" "Mozilla/5.0 (Windows NT 10.0; Win64; x64) AppleWebKit/537.36 (KHTML, like Gecko) Chrome/121.0.0.0 Safari/537.36 OPR/107.0.0.0"
10.80.87.67 - - [03/Mar/2024:16:57:45 +0000] "GET /posts/create HTTP/1.1" 200 5825 "http://10.80.57.34/home" "Mozilla/5.0 (Windows NT 10.0; Win64; x64) AppleWebKit/537.36 (KHTML, like Gecko) Chrome/121.0.0.0 Safari/537.36 OPR/107.0.0.0"
10.80.87.67 - - [03/Mar/2024:16:57:50 +0000] "GET /home HTTP/1.1" 200 11818 "http://10.80.57.34/posts/create" "Mozilla/5.0 (Windows NT 10.0; Win64; x64) AppleWebKit/537.36 (KHTML, like Gecko) Chrome/121.0.0.0 Safari/537.36 OPR/107.0.0.0"
10.70.20.57 - - [03/Mar/2024:16:59:10 +0000] "GET / HTTP/1.1" 200 4898 "-" "Mozilla/5.0 (Windows NT 10.0; Win64; x64) AppleWebKit/537.36 (KHTML, like Gecko) Chrome/122.0.0.0 Safari/537.36"
10.70.20.57 - - [03/Mar/2024:16:59:22 +0000] "GET /register HTTP/1.1" 200 7397 "http://10.80.57.34/" "Mozilla/5.0 (Windows NT 10.0; Win64; x64) AppleWebKit/537.36 (KHTML, like Gecko) Chrome/122.0.0.0 Safari/537.36"
10.70.20.57 - - [03/Mar/2024:16:59:39 +0000] "GET /login HTTP/1.1" 200 6388 "http://10.80.57.34/" "Mozilla/5.0 (Windows NT 10.0; Win64; x64) AppleWebKit/537.36 (KHTML, like Gecko) Chrome/122.0.0.0 Safari/537.36"
10.70.20.57 - - [03/Mar/2024:16:59:43 +0000] "GET /password/reset HTTP/1.1" 200 4153 "http://10.80.57.34/login" "Mozilla/5.0 (Windows NT 10.0; Win64; x64) AppleWebKit/537.36 (KHTML, like Gecko) Chrome/122.0.0.0 Safari/537.36"
10.80.87.67 - - [03/Mar/2024:17:01:42 +0000] "GET /home HTTP/1.1" 200 11818 "http://10.80.57.34/posts/create" "Mozilla/5.0 (Windows NT 10.0; Win64; x64) AppleWebKit/537.36 (KHTML, like Gecko) Chrome/121.0.0.0 Safari/537.36 OPR/107.0.0.0"
10.80.87.67 - - [03/Mar/2024:17:02:08 +0000] "POST /logout HTTP/1.1" 302 330 "http://10.80.57.34/home" "Mozilla/5.0 (Windows NT 10.0; Win64; x64) AppleWebKit/537.36 (KHTML, like Gecko) Chrome/121.0.0.0 Safari/537.36 OPR/107.0.0.0"
10.80.87.67 - - [03/Mar/2024:17:02:09 +0000] "GET / HTTP/1.1" 200 4898 "http://10.80.57.34/home" "Mozilla/5.0 (Windows NT 10.0; Win64; x64) AppleWebKit/537.36 (KHTML, like Gecko) Chrome/121.0.0.0 Safari/537.36 OPR/107.0.0.0"
10.80.87.67 - - [03/Mar/2024:17:02:12 +0000] "GET /login HTTP/1.1" 200 6388 "http://10.80.57.34/" "Mozilla/5.0 (Windows NT 10.0; Win64; x64) AppleWebKit/537.36 (KHTML, like Gecko) Chrome/121.0.0.0 Safari/537.36 OPR/107.0.0.0"
10.70.20.141 - - [03/Mar/2024:17:04:52 +0000] "GET / HTTP/1.1" 200 4898 "-" "Mozilla/5.0 (Windows NT 10.0; Win64; x64) AppleWebKit/537.36 (KHTML, like Gecko) Chrome/122.0.0.0 Safari/537.36"
10.70.20.42 - - [03/Mar/2024:17:08:46 +0000] "GET / HTTP/1.1" 200 4892 "-" "Mozilla/5.0 (Windows NT 10.0; Win64; x64) AppleWebKit/537.36 (KHTML, like Gecko) Chrome/122.0.0.0 Safari/537.36"
10.80.87.67 - - [03/Mar/2024:17:08:47 +0000] "POST /login HTTP/1.1" 302 354 "http://10.80.57.34/login" "Mozilla/5.0 (Windows NT 10.0; Win64; x64) AppleWebKit/537.36 (KHTML, like Gecko) Chrome/121.0.0.0 Safari/537.36 OPR/107.0.0.0"
10.80.87.67 - - [03/Mar/2024:17:08:48 +0000] "GET /login HTTP/1.1" 200 6673 "http://10.80.57.34/login" "Mozilla/5.0 (Windows NT 10.0; Win64; x64) AppleWebKit/537.36 (KHTML, like Gecko) Chrome/121.0.0.0 Safari/537.36 OPR/107.0.0.0"
10.70.20.42 - - [03/Mar/2024:17:08:54 +0000] "GET /register HTTP/1.1" 200 7397 "http://10.80.57.34/" "Mozilla/5.0 (Windows NT 10.0; Win64; x64) AppleWebKit/537.36 (KHTML, like Gecko) Chrome/122.0.0.0 Safari/537.36"
10.70.20.42 - - [03/Mar/2024:17:08:56 +0000] "GET /register HTTP/1.1" 200 7397 "http://10.80.57.34/register" "Mozilla/5.0 (Windows NT 10.0; Win64; x64) AppleWebKit/537.36 (KHTML, like Gecko) Chrome/122.0.0.0 Safari/537.36"
10.80.87.67 - - [03/Mar/2024:17:08:57 +0000] "POST /login HTTP/1.1" 302 350 "http://10.80.57.34/login" "Mozilla/5.0 (Windows NT 10.0; Win64; x64) AppleWebKit/537.36 (KHTML, like Gecko) Chrome/121.0.0.0 Safari/537.36 OPR/107.0.0.0"
10.80.87.67 - - [03/Mar/2024:17:08:57 +0000] "GET /home HTTP/1.1" 200 11818 "http://10.80.57.34/login" "Mozilla/5.0 (Windows NT 10.0; Win64; x64) AppleWebKit/537.36 (KHTML, like Gecko) Chrome/121.0.0.0 Safari/537.36 OPR/107.0.0.0"
10.70.20.42 - - [03/Mar/2024:17:09:33 +0000] "POST /register HTTP/1.1" 302 366 "http://10.80.57.34/register" "Mozilla/5.0 (Windows NT 10.0; Win64; x64) AppleWebKit/537.36 (KHTML, like Gecko) Chrome/122.0.0.0 Safari/537.36"
10.70.20.42 - - [03/Mar/2024:17:09:33 +0000] "GET /register HTTP/1.1" 200 7738 "http://10.80.57.34/register" "Mozilla/5.0 (Windows NT 10.0; Win64; x64) AppleWebKit/537.36 (KHTML, like Gecko) Chrome/122.0.0.0 Safari/537.36"
10.70.20.42 - - [03/Mar/2024:17:09:46 +0000] "POST /register HTTP/1.1" 302 366 "http://10.80.57.34/register" "Mozilla/5.0 (Windows NT 10.0; Win64; x64) AppleWebKit/537.36 (KHTML, like Gecko) Chrome/122.0.0.0 Safari/537.36"
10.70.20.42 - - [03/Mar/2024:17:09:47 +0000] "GET /register HTTP/1.1" 200 7731 "http://10.80.57.34/register" "Mozilla/5.0 (Windows NT 10.0; Win64; x64) AppleWebKit/537.36 (KHTML, like Gecko) Chrome/122.0.0.0 Safari/537.36"
10.70.20.42 - - [03/Mar/2024:17:09:55 +0000] "POST /register HTTP/1.1" 302 350 "http://10.80.57.34/register" "Mozilla/5.0 (Windows NT 10.0; Win64; x64) AppleWebKit/537.36 (KHTML, like Gecko) Chrome/122.0.0.0 Safari/537.36"
10.70.20.42 - - [03/Mar/2024:17:09:55 +0000] "GET /home HTTP/1.1" 200 11956 "http://10.80.57.34/register" "Mozilla/5.0 (Windows NT 10.0; Win64; x64) AppleWebKit/537.36 (KHTML, like Gecko) Chrome/122.0.0.0 Safari/537.36"
10.70.20.42 - - [03/Mar/2024:17:10:02 +0000] "GET /posts/create HTTP/1.1" 200 5871 "http://10.80.57.34/home" "Mozilla/5.0 (Windows NT 10.0; Win64; x64) AppleWebKit/537.36 (KHTML, like Gecko) Chrome/122.0.0.0 Safari/537.36"
10.70.20.42 - - [03/Mar/2024:17:11:11 +0000] "POST /posts/create HTTP/1.1" 302 382 "http://10.80.57.34/posts/create" "Mozilla/5.0 (Windows NT 10.0; Win64; x64) AppleWebKit/537.36 (KHTML, like Gecko) Chrome/122.0.0.0 Safari/537.36"
10.70.20.42 - - [03/Mar/2024:17:11:11 +0000] "GET /posts/create HTTP/1.1" 200 5981 "http://10.80.57.34/posts/create" "Mozilla/5.0 (Windows NT 10.0; Win64; x64) AppleWebKit/537.36 (KHTML, like Gecko) Chrome/122.0.0.0 Safari/537.36"
10.70.20.42 - - [03/Mar/2024:17:11:34 +0000] "GET /editprofile HTTP/1.1" 200 9316 "http://10.80.57.34/posts/create" "Mozilla/5.0 (Windows NT 10.0; Win64; x64) AppleWebKit/537.36 (KHTML, like Gecko) Chrome/122.0.0.0 Safari/537.36"
10.70.20.42 - - [03/Mar/2024:17:11:34 +0000] "GET /uploads/propic/image.png HTTP/1.1" 200 849710 "http://10.80.57.34/editprofile" "Mozilla/5.0 (Windows NT 10.0; Win64; x64) AppleWebKit/537.36 (KHTML, like Gecko) Chrome/122.0.0.0 Safari/537.36"
10.70.20.42 - - [03/Mar/2024:17:11:47 +0000] "GET /home HTTP/1.1" 200 11956 "http://10.80.57.34/editprofile" "Mozilla/5.0 (Windows NT 10.0; Win64; x64) AppleWebKit/537.36 (KHTML, like Gecko) Chrome/122.0.0.0 Safari/537.36"
10.70.20.42 - - [03/Mar/2024:17:12:05 +0000] "GET /home HTTP/1.1" 500 1193070 "http://10.80.57.34/home" "Mozilla/5.0 (Windows NT 10.0; Win64; x64) AppleWebKit/537.36 (KHTML, like Gecko) Chrome/122.0.0.0 Safari/537.36"
10.80.87.67 - - [03/Mar/2024:17:12:22 +0000] "GET /home HTTP/1.1" 500 1193355 "http://10.80.57.34/login" "Mozilla/5.0 (Windows NT 10.0; Win64; x64) AppleWebKit/537.36 (KHTML, like Gecko) Chrome/121.0.0.0 Safari/537.36 OPR/107.0.0.0"
10.80.87.67 - - [03/Mar/2024:17:12:46 +0000] "GET /home HTTP/1.1" 200 11818 "http://10.80.57.34/login" "Mozilla/5.0 (Windows NT 10.0; Win64; x64) AppleWebKit/537.36 (KHTML, like Gecko) Chrome/121.0.0.0 Safari/537.36 OPR/107.0.0.0"
10.80.87.67 - - [03/Mar/2024:17:13:18 +0000] "GET /search?query=%E0%B8%97%E0%B8%B3%E0%B9%84%E0%B8%97 HTTP/1.1" 200 5173 "http://10.80.57.34/home" "Mozilla/5.0 (Windows NT 10.0; Win64; x64) AppleWebKit/537.36 (KHTML, like Gecko) Chrome/121.0.0.0 Safari/537.36 OPR/107.0.0.0"
10.80.87.67 - - [03/Mar/2024:17:13:24 +0000] "GET /search?query=%E0%B8%97%E0%B8%B3%E0%B9%84%E0%B8%A1 HTTP/1.1" 200 5696 "http://10.80.57.34/search?query=%E0%B8%97%E0%B8%B3%E0%B9%84%E0%B8%97" "Mozilla/5.0 (Windows NT 10.0; Win64; x64) AppleWebKit/537.36 (KHTML, like Gecko) Chrome/121.0.0.0 Safari/537.36 OPR/107.0.0.0"
10.80.87.67 - - [03/Mar/2024:17:13:24 +0000] "GET /uploads/posts/1709485865.png HTTP/1.1" 200 1320 "http://10.80.57.34/search?query=%E0%B8%97%E0%B8%B3%E0%B9%84%E0%B8%A1" "Mozilla/5.0 (Windows NT 10.0; Win64; x64) AppleWebKit/537.36 (KHTML, like Gecko) Chrome/121.0.0.0 Safari/537.36 OPR/107.0.0.0"
10.80.87.67 - - [03/Mar/2024:17:15:31 +0000] "GET /home HTTP/1.1" 200 11818 "http://10.80.57.34/search?query=%E0%B8%97%E0%B8%B3%E0%B9%84%E0%B8%A1" "Mozilla/5.0 (Windows NT 10.0; Win64; x64) AppleWebKit/537.36 (KHTML, like Gecko) Chrome/121.0.0.0 Safari/537.36 OPR/107.0.0.0"
10.70.20.57 - - [03/Mar/2024:17:16:09 +0000] "GET / HTTP/1.1" 200 4892 "-" "Mozilla/5.0 (Windows NT 10.0; Win64; x64) AppleWebKit/537.36 (KHTML, like Gecko) Chrome/122.0.0.0 Safari/537.36"
10.80.81.226 - - [03/Mar/2024:17:18:06 +0000] "GET / HTTP/1.1" 200 4898 "-" "Mozilla/5.0 (Windows NT 10.0; Win64; x64) AppleWebKit/537.36 (KHTML, like Gecko) Chrome/122.0.0.0 Safari/537.36"
10.80.87.67 - - [03/Mar/2024:17:23:08 +0000] "POST /logout HTTP/1.1" 302 330 "http://10.80.57.34/home" "Mozilla/5.0 (Windows NT 10.0; Win64; x64) AppleWebKit/537.36 (KHTML, like Gecko) Chrome/121.0.0.0 Safari/537.36 OPR/107.0.0.0"
10.80.87.67 - - [03/Mar/2024:17:23:09 +0000] "GET / HTTP/1.1" 200 4898 "http://10.80.57.34/home" "Mozilla/5.0 (Windows NT 10.0; Win64; x64) AppleWebKit/537.36 (KHTML, like Gecko) Chrome/121.0.0.0 Safari/537.36 OPR/107.0.0.0"
10.80.87.67 - - [03/Mar/2024:17:23:12 +0000] "GET /login HTTP/1.1" 200 6388 "http://10.80.57.34/" "Mozilla/5.0 (Windows NT 10.0; Win64; x64) AppleWebKit/537.36 (KHTML, like Gecko) Chrome/121.0.0.0 Safari/537.36 OPR/107.0.0.0"
10.70.20.194 - - [03/Mar/2024:17:23:16 +0000] "GET / HTTP/1.1" 200 4898 "-" "Mozilla/5.0 (Windows NT 10.0; Win64; x64) AppleWebKit/537.36 (KHTML, like Gecko) Chrome/122.0.0.0 Safari/537.36"
10.70.20.194 - - [03/Mar/2024:17:23:18 +0000] "GET /favicon.ico HTTP/1.1" 200 0 "http://10.80.57.34/" "Mozilla/5.0 (Windows NT 10.0; Win64; x64) AppleWebKit/537.36 (KHTML, like Gecko) Chrome/122.0.0.0 Safari/537.36"
10.70.20.194 - - [03/Mar/2024:17:23:29 +0000] "GET / HTTP/1.1" 200 4898 "http://10.80.57.34/" "Mozilla/5.0 (Windows NT 10.0; Win64; x64) AppleWebKit/537.36 (KHTML, like Gecko) Chrome/122.0.0.0 Safari/537.36"
10.80.87.67 - - [03/Mar/2024:17:23:31 +0000] "POST /login HTTP/1.1" 302 354 "http://10.80.57.34/login" "Mozilla/5.0 (Windows NT 10.0; Win64; x64) AppleWebKit/537.36 (KHTML, like Gecko) Chrome/121.0.0.0 Safari/537.36 OPR/107.0.0.0"
10.80.87.67 - - [03/Mar/2024:17:23:32 +0000] "GET /login HTTP/1.1" 200 6667 "http://10.80.57.34/login" "Mozilla/5.0 (Windows NT 10.0; Win64; x64) AppleWebKit/537.36 (KHTML, like Gecko) Chrome/121.0.0.0 Safari/537.36 OPR/107.0.0.0"
10.70.20.194 - - [03/Mar/2024:17:23:37 +0000] "GET /login HTTP/1.1" 200 6388 "http://10.80.57.34/" "Mozilla/5.0 (Windows NT 10.0; Win64; x64) AppleWebKit/537.36 (KHTML, like Gecko) Chrome/122.0.0.0 Safari/537.36"
10.80.87.67 - - [03/Mar/2024:17:23:40 +0000] "POST /login HTTP/1.1" 302 354 "http://10.80.57.34/login" "Mozilla/5.0 (Windows NT 10.0; Win64; x64) AppleWebKit/537.36 (KHTML, like Gecko) Chrome/121.0.0.0 Safari/537.36 OPR/107.0.0.0"
10.80.87.67 - - [03/Mar/2024:17:23:40 +0000] "GET /login HTTP/1.1" 200 6667 "http://10.80.57.34/login" "Mozilla/5.0 (Windows NT 10.0; Win64; x64) AppleWebKit/537.36 (KHTML, like Gecko) Chrome/121.0.0.0 Safari/537.36 OPR/107.0.0.0"
10.70.20.194 - - [03/Mar/2024:17:23:51 +0000] "GET /register HTTP/1.1" 200 7397 "http://10.80.57.34/login" "Mozilla/5.0 (Windows NT 10.0; Win64; x64) AppleWebKit/537.36 (KHTML, like Gecko) Chrome/122.0.0.0 Safari/537.36"
10.70.20.205 - - [03/Mar/2024:17:24:01 +0000] "GET / HTTP/1.1" 200 4898 "-" "Mozilla/5.0 (Windows NT 10.0; Win64; x64) AppleWebKit/537.36 (KHTML, like Gecko) Chrome/121.0.0.0 Safari/537.36 OPR/107.0.0.0"
10.80.87.67 - - [03/Mar/2024:17:24:01 +0000] "POST /login HTTP/1.1" 302 354 "http://10.80.57.34/login" "Mozilla/5.0 (Windows NT 10.0; Win64; x64) AppleWebKit/537.36 (KHTML, like Gecko) Chrome/121.0.0.0 Safari/537.36 OPR/107.0.0.0"
10.80.87.67 - - [03/Mar/2024:17:24:02 +0000] "GET /login HTTP/1.1" 200 6671 "http://10.80.57.34/login" "Mozilla/5.0 (Windows NT 10.0; Win64; x64) AppleWebKit/537.36 (KHTML, like Gecko) Chrome/121.0.0.0 Safari/537.36 OPR/107.0.0.0"
10.70.20.205 - - [03/Mar/2024:17:24:03 +0000] "GET /favicon.ico HTTP/1.1" 200 0 "http://10.80.57.34/" "Mozilla/5.0 (Windows NT 10.0; Win64; x64) AppleWebKit/537.36 (KHTML, like Gecko) Chrome/121.0.0.0 Safari/537.36 OPR/107.0.0.0"
10.70.20.205 - - [03/Mar/2024:17:24:06 +0000] "GET / HTTP/1.1" 200 4898 "http://10.80.57.34/" "Mozilla/5.0 (Windows NT 10.0; Win64; x64) AppleWebKit/537.36 (KHTML, like Gecko) Chrome/121.0.0.0 Safari/537.36 OPR/107.0.0.0"
10.80.87.67 - - [03/Mar/2024:17:24:07 +0000] "POST /login HTTP/1.1" 302 354 "http://10.80.57.34/login" "Mozilla/5.0 (Windows NT 10.0; Win64; x64) AppleWebKit/537.36 (KHTML, like Gecko) Chrome/121.0.0.0 Safari/537.36 OPR/107.0.0.0"
10.80.87.67 - - [03/Mar/2024:17:24:07 +0000] "GET /login HTTP/1.1" 200 6671 "http://10.80.57.34/login" "Mozilla/5.0 (Windows NT 10.0; Win64; x64) AppleWebKit/537.36 (KHTML, like Gecko) Chrome/121.0.0.0 Safari/537.36 OPR/107.0.0.0"
10.80.87.67 - - [03/Mar/2024:17:24:15 +0000] "POST /login HTTP/1.1" 302 354 "http://10.80.57.34/login" "Mozilla/5.0 (Windows NT 10.0; Win64; x64) AppleWebKit/537.36 (KHTML, like Gecko) Chrome/121.0.0.0 Safari/537.36 OPR/107.0.0.0"
10.80.87.67 - - [03/Mar/2024:17:24:16 +0000] "GET /login HTTP/1.1" 200 6671 "http://10.80.57.34/login" "Mozilla/5.0 (Windows NT 10.0; Win64; x64) AppleWebKit/537.36 (KHTML, like Gecko) Chrome/121.0.0.0 Safari/537.36 OPR/107.0.0.0"
10.80.87.67 - - [03/Mar/2024:17:24:23 +0000] "POST /login HTTP/1.1" 302 354 "http://10.80.57.34/login" "Mozilla/5.0 (Windows NT 10.0; Win64; x64) AppleWebKit/537.36 (KHTML, like Gecko) Chrome/121.0.0.0 Safari/537.36 OPR/107.0.0.0"
10.80.87.67 - - [03/Mar/2024:17:24:23 +0000] "GET /login HTTP/1.1" 200 6671 "http://10.80.57.34/login" "Mozilla/5.0 (Windows NT 10.0; Win64; x64) AppleWebKit/537.36 (KHTML, like Gecko) Chrome/121.0.0.0 Safari/537.36 OPR/107.0.0.0"
10.80.87.67 - - [03/Mar/2024:17:24:31 +0000] "POST /login HTTP/1.1" 302 354 "http://10.80.57.34/login" "Mozilla/5.0 (Windows NT 10.0; Win64; x64) AppleWebKit/537.36 (KHTML, like Gecko) Chrome/121.0.0.0 Safari/537.36 OPR/107.0.0.0"
10.80.87.67 - - [03/Mar/2024:17:24:31 +0000] "GET /login HTTP/1.1" 200 6671 "http://10.80.57.34/login" "Mozilla/5.0 (Windows NT 10.0; Win64; x64) AppleWebKit/537.36 (KHTML, like Gecko) Chrome/121.0.0.0 Safari/537.36 OPR/107.0.0.0"
10.70.20.194 - - [03/Mar/2024:17:24:34 +0000] "POST /register HTTP/1.1" 302 366 "http://10.80.57.34/register" "Mozilla/5.0 (Windows NT 10.0; Win64; x64) AppleWebKit/537.36 (KHTML, like Gecko) Chrome/122.0.0.0 Safari/537.36"
10.70.20.194 - - [03/Mar/2024:17:24:34 +0000] "GET /register HTTP/1.1" 200 7691 "http://10.80.57.34/register" "Mozilla/5.0 (Windows NT 10.0; Win64; x64) AppleWebKit/537.36 (KHTML, like Gecko) Chrome/122.0.0.0 Safari/537.36"
10.80.87.67 - - [03/Mar/2024:17:24:36 +0000] "POST /login HTTP/1.1" 302 354 "http://10.80.57.34/login" "Mozilla/5.0 (Windows NT 10.0; Win64; x64) AppleWebKit/537.36 (KHTML, like Gecko) Chrome/121.0.0.0 Safari/537.36 OPR/107.0.0.0"
10.80.87.67 - - [03/Mar/2024:17:24:36 +0000] "GET /login HTTP/1.1" 200 6684 "http://10.80.57.34/login" "Mozilla/5.0 (Windows NT 10.0; Win64; x64) AppleWebKit/537.36 (KHTML, like Gecko) Chrome/121.0.0.0 Safari/537.36 OPR/107.0.0.0"
10.70.20.194 - - [03/Mar/2024:17:24:46 +0000] "POST /register HTTP/1.1" 302 366 "http://10.80.57.34/register" "Mozilla/5.0 (Windows NT 10.0; Win64; x64) AppleWebKit/537.36 (KHTML, like Gecko) Chrome/122.0.0.0 Safari/537.36"
10.70.20.194 - - [03/Mar/2024:17:24:46 +0000] "GET /register HTTP/1.1" 200 7691 "http://10.80.57.34/register" "Mozilla/5.0 (Windows NT 10.0; Win64; x64) AppleWebKit/537.36 (KHTML, like Gecko) Chrome/122.0.0.0 Safari/537.36"
10.80.87.67 - - [03/Mar/2024:17:25:34 +0000] "POST /login HTTP/1.1" 302 350 "http://10.80.57.34/login" "Mozilla/5.0 (Windows NT 10.0; Win64; x64) AppleWebKit/537.36 (KHTML, like Gecko) Chrome/121.0.0.0 Safari/537.36 OPR/107.0.0.0"
10.80.87.67 - - [03/Mar/2024:17:25:34 +0000] "GET /home HTTP/1.1" 200 11815 "http://10.80.57.34/login" "Mozilla/5.0 (Windows NT 10.0; Win64; x64) AppleWebKit/537.36 (KHTML, like Gecko) Chrome/121.0.0.0 Safari/537.36 OPR/107.0.0.0"
10.70.20.205 - - [03/Mar/2024:17:25:59 +0000] "GET / HTTP/1.1" 200 4898 "-" "Mozilla/5.0 (Windows NT 10.0; Win64; x64) AppleWebKit/537.36 (KHTML, like Gecko) Chrome/121.0.0.0 Safari/537.36 OPR/107.0.0.0"
10.80.87.67 - - [03/Mar/2024:17:26:07 +0000] "GET /home HTTP/1.1" 200 11815 "http://10.80.57.34/home" "Mozilla/5.0 (Windows NT 10.0; Win64; x64) AppleWebKit/537.36 (KHTML, like Gecko) Chrome/121.0.0.0 Safari/537.36 OPR/107.0.0.0"
10.70.20.205 - - [03/Mar/2024:17:26:10 +0000] "GET /? HTTP/1.1" 200 4898 "http://10.80.57.34/" "Mozilla/5.0 (Windows NT 10.0; Win64; x64) AppleWebKit/537.36 (KHTML, like Gecko) Chrome/121.0.0.0 Safari/537.36 OPR/107.0.0.0"
10.80.87.67 - - [03/Mar/2024:17:26:12 +0000] "GET /editprofile HTTP/1.1" 200 9222 "http://10.80.57.34/home" "Mozilla/5.0 (Windows NT 10.0; Win64; x64) AppleWebKit/537.36 (KHTML, like Gecko) Chrome/121.0.0.0 Safari/537.36 OPR/107.0.0.0"
10.80.87.67 - - [03/Mar/2024:17:26:12 +0000] "GET /uploads/propic/image.png HTTP/1.1" 304 0 "http://10.80.57.34/editprofile" "Mozilla/5.0 (Windows NT 10.0; Win64; x64) AppleWebKit/537.36 (KHTML, like Gecko) Chrome/121.0.0.0 Safari/537.36 OPR/107.0.0.0"
10.70.20.205 - - [03/Mar/2024:17:26:19 +0000] "GET / HTTP/1.1" 200 4898 "http://10.80.57.34/?" "Mozilla/5.0 (Windows NT 10.0; Win64; x64) AppleWebKit/537.36 (KHTML, like Gecko) Chrome/121.0.0.0 Safari/537.36 OPR/107.0.0.0"
10.80.87.67 - - [03/Mar/2024:17:27:39 +0000] "GET /home HTTP/1.1" 200 11815 "http://10.80.57.34/editprofile" "Mozilla/5.0 (Windows NT 10.0; Win64; x64) AppleWebKit/537.36 (KHTML, like Gecko) Chrome/121.0.0.0 Safari/537.36 OPR/107.0.0.0"
10.80.87.67 - - [03/Mar/2024:17:27:43 +0000] "GET /posts/create HTTP/1.1" 200 5824 "http://10.80.57.34/home" "Mozilla/5.0 (Windows NT 10.0; Win64; x64) AppleWebKit/537.36 (KHTML, like Gecko) Chrome/121.0.0.0 Safari/537.36 OPR/107.0.0.0"
10.80.87.67 - - [03/Mar/2024:17:28:10 +0000] "GET /posts/create HTTP/1.1" 200 10086 "http://10.80.57.34/home" "Mozilla/5.0 (Windows NT 10.0; Win64; x64) AppleWebKit/537.36 (KHTML, like Gecko) Chrome/121.0.0.0 Safari/537.36 OPR/107.0.0.0"
10.80.87.67 - - [03/Mar/2024:17:28:24 +0000] "GET /posts/create HTTP/1.1" 200 5824 "http://10.80.57.34/home" "Mozilla/5.0 (Windows NT 10.0; Win64; x64) AppleWebKit/537.36 (KHTML, like Gecko) Chrome/121.0.0.0 Safari/537.36 OPR/107.0.0.0"
10.80.87.67 - - [03/Mar/2024:17:31:10 +0000] "GET /posts/create HTTP/1.1" 200 6483 "http://10.80.57.34/home" "Mozilla/5.0 (Windows NT 10.0; Win64; x64) AppleWebKit/537.36 (KHTML, like Gecko) Chrome/121.0.0.0 Safari/537.36 OPR/107.0.0.0"
10.80.87.67 - - [03/Mar/2024:17:31:31 +0000] "GET /posts/create HTTP/1.1" 200 5824 "http://10.80.57.34/home" "Mozilla/5.0 (Windows NT 10.0; Win64; x64) AppleWebKit/537.36 (KHTML, like Gecko) Chrome/121.0.0.0 Safari/537.36 OPR/107.0.0.0"
10.80.87.67 - - [03/Mar/2024:17:31:36 +0000] "GET /editprofile HTTP/1.1" 200 9222 "http://10.80.57.34/posts/create" "Mozilla/5.0 (Windows NT 10.0; Win64; x64) AppleWebKit/537.36 (KHTML, like Gecko) Chrome/121.0.0.0 Safari/537.36 OPR/107.0.0.0"
10.80.87.67 - - [03/Mar/2024:17:31:40 +0000] "GET /home HTTP/1.1" 200 11815 "http://10.80.57.34/editprofile" "Mozilla/5.0 (Windows NT 10.0; Win64; x64) AppleWebKit/537.36 (KHTML, like Gecko) Chrome/121.0.0.0 Safari/537.36 OPR/107.0.0.0"
10.80.87.67 - - [03/Mar/2024:17:31:44 +0000] "GET /posts/create HTTP/1.1" 200 5824 "http://10.80.57.34/home" "Mozilla/5.0 (Windows NT 10.0; Win64; x64) AppleWebKit/537.36 (KHTML, like Gecko) Chrome/121.0.0.0 Safari/537.36 OPR/107.0.0.0"
10.80.87.67 - - [03/Mar/2024:17:32:20 +0000] "GET /posts/create HTTP/1.1" 200 7315 "http://10.80.57.34/home" "Mozilla/5.0 (Windows NT 10.0; Win64; x64) AppleWebKit/537.36 (KHTML, like Gecko) Chrome/121.0.0.0 Safari/537.36 OPR/107.0.0.0"
10.80.87.67 - - [03/Mar/2024:17:32:38 +0000] "GET /posts/create HTTP/1.1" 200 5824 "http://10.80.57.34/home" "Mozilla/5.0 (Windows NT 10.0; Win64; x64) AppleWebKit/537.36 (KHTML, like Gecko) Chrome/121.0.0.0 Safari/537.36 OPR/107.0.0.0"
10.70.20.211 - - [03/Mar/2024:17:33:35 +0000] "GET / HTTP/1.1" 200 4898 "-" "Mozilla/5.0 (Windows NT 10.0; Win64; x64) AppleWebKit/537.36 (KHTML, like Gecko) Chrome/122.0.0.0 Safari/537.36"
10.70.20.211 - - [03/Mar/2024:17:33:37 +0000] "GET /favicon.ico HTTP/1.1" 200 0 "http://10.80.57.34/" "Mozilla/5.0 (Windows NT 10.0; Win64; x64) AppleWebKit/537.36 (KHTML, like Gecko) Chrome/122.0.0.0 Safari/537.36"
10.30.42.124 - - [03/Mar/2024:17:34:42 +0000] "GET / HTTP/1.1" 200 4898 "-" "Mozilla/5.0 (Windows NT 10.0; Win64; x64) AppleWebKit/537.36 (KHTML, like Gecko) Chrome/122.0.0.0 Safari/537.36"
10.30.42.124 - - [03/Mar/2024:17:34:44 +0000] "GET /favicon.ico HTTP/1.1" 200 0 "http://10.80.57.34/" "Mozilla/5.0 (Windows NT 10.0; Win64; x64) AppleWebKit/537.36 (KHTML, like Gecko) Chrome/122.0.0.0 Safari/537.36"
10.30.42.124 - - [03/Mar/2024:17:35:24 +0000] "GET /register HTTP/1.1" 200 7397 "http://10.80.57.34/" "Mozilla/5.0 (Windows NT 10.0; Win64; x64) AppleWebKit/537.36 (KHTML, like Gecko) Chrome/122.0.0.0 Safari/537.36"
10.70.20.211 - - [03/Mar/2024:17:35:33 +0000] "GET / HTTP/1.1" 200 4898 "-" "Mozilla/5.0 (Windows NT 10.0; Win64; x64) AppleWebKit/537.36 (KHTML, like Gecko) Chrome/122.0.0.0 Safari/537.36"
10.70.20.211 - - [03/Mar/2024:17:35:37 +0000] "GET /login HTTP/1.1" 200 6388 "http://10.80.57.34/" "Mozilla/5.0 (Windows NT 10.0; Win64; x64) AppleWebKit/537.36 (KHTML, like Gecko) Chrome/122.0.0.0 Safari/537.36"
10.30.42.124 - - [03/Mar/2024:17:35:41 +0000] "GET /login HTTP/1.1" 200 6388 "http://10.80.57.34/register" "Mozilla/5.0 (Windows NT 10.0; Win64; x64) AppleWebKit/537.36 (KHTML, like Gecko) Chrome/122.0.0.0 Safari/537.36"
10.70.20.211 - - [03/Mar/2024:17:35:49 +0000] "POST /login HTTP/1.1" 302 354 "http://10.80.57.34/login" "Mozilla/5.0 (Windows NT 10.0; Win64; x64) AppleWebKit/537.36 (KHTML, like Gecko) Chrome/122.0.0.0 Safari/537.36"
10.70.20.211 - - [03/Mar/2024:17:35:50 +0000] "GET /login HTTP/1.1" 200 6665 "http://10.80.57.34/login" "Mozilla/5.0 (Windows NT 10.0; Win64; x64) AppleWebKit/537.36 (KHTML, like Gecko) Chrome/122.0.0.0 Safari/537.36"
10.70.20.211 - - [03/Mar/2024:17:35:55 +0000] "GET /register HTTP/1.1" 200 7397 "http://10.80.57.34/login" "Mozilla/5.0 (Windows NT 10.0; Win64; x64) AppleWebKit/537.36 (KHTML, like Gecko) Chrome/122.0.0.0 Safari/537.36"
10.70.20.211 - - [03/Mar/2024:17:36:07 +0000] "POST /register HTTP/1.1" 302 366 "http://10.80.57.34/register" "Mozilla/5.0 (Windows NT 10.0; Win64; x64) AppleWebKit/537.36 (KHTML, like Gecko) Chrome/122.0.0.0 Safari/537.36"
10.70.20.211 - - [03/Mar/2024:17:36:07 +0000] "GET /register HTTP/1.1" 200 7684 "http://10.80.57.34/register" "Mozilla/5.0 (Windows NT 10.0; Win64; x64) AppleWebKit/537.36 (KHTML, like Gecko) Chrome/122.0.0.0 Safari/537.36"
10.80.87.67 - - [03/Mar/2024:17:36:14 +0000] "GET /posts/create HTTP/1.1" 200 6379 "http://10.80.57.34/home" "Mozilla/5.0 (Windows NT 10.0; Win64; x64) AppleWebKit/537.36 (KHTML, like Gecko) Chrome/121.0.0.0 Safari/537.36 OPR/107.0.0.0"
10.70.20.211 - - [03/Mar/2024:17:36:15 +0000] "POST /register HTTP/1.1" 302 366 "http://10.80.57.34/register" "Mozilla/5.0 (Windows NT 10.0; Win64; x64) AppleWebKit/537.36 (KHTML, like Gecko) Chrome/122.0.0.0 Safari/537.36"
10.70.20.211 - - [03/Mar/2024:17:36:15 +0000] "GET /register HTTP/1.1" 200 7684 "http://10.80.57.34/register" "Mozilla/5.0 (Windows NT 10.0; Win64; x64) AppleWebKit/537.36 (KHTML, like Gecko) Chrome/122.0.0.0 Safari/537.36"
10.80.87.67 - - [03/Mar/2024:17:36:19 +0000] "GET /home HTTP/1.1" 200 11815 "http://10.80.57.34/posts/create" "Mozilla/5.0 (Windows NT 10.0; Win64; x64) AppleWebKit/537.36 (KHTML, like Gecko) Chrome/121.0.0.0 Safari/537.36 OPR/107.0.0.0"
10.70.20.211 - - [03/Mar/2024:17:36:27 +0000] "POST /register HTTP/1.1" 302 366 "http://10.80.57.34/register" "Mozilla/5.0 (Windows NT 10.0; Win64; x64) AppleWebKit/537.36 (KHTML, like Gecko) Chrome/122.0.0.0 Safari/537.36"
10.70.20.211 - - [03/Mar/2024:17:36:27 +0000] "GET /register HTTP/1.1" 200 7684 "http://10.80.57.34/register" "Mozilla/5.0 (Windows NT 10.0; Win64; x64) AppleWebKit/537.36 (KHTML, like Gecko) Chrome/122.0.0.0 Safari/537.36"
10.70.20.211 - - [03/Mar/2024:17:36:53 +0000] "POST /register HTTP/1.1" 302 350 "http://10.80.57.34/register" "Mozilla/5.0 (Windows NT 10.0; Win64; x64) AppleWebKit/537.36 (KHTML, like Gecko) Chrome/122.0.0.0 Safari/537.36"
10.70.20.211 - - [03/Mar/2024:17:36:53 +0000] "GET /home HTTP/1.1" 200 11812 "http://10.80.57.34/register" "Mozilla/5.0 (Windows NT 10.0; Win64; x64) AppleWebKit/537.36 (KHTML, like Gecko) Chrome/122.0.0.0 Safari/537.36"
10.70.20.211 - - [03/Mar/2024:17:37:13 +0000] "GET /home HTTP/1.1" 200 11798 "http://10.80.57.34/home" "Mozilla/5.0 (Windows NT 10.0; Win64; x64) AppleWebKit/537.36 (KHTML, like Gecko) Chrome/122.0.0.0 Safari/537.36"
10.70.20.211 - - [03/Mar/2024:17:37:17 +0000] "GET /posts/create HTTP/1.1" 200 6026 "http://10.80.57.34/home" "Mozilla/5.0 (Windows NT 10.0; Win64; x64) AppleWebKit/537.36 (KHTML, like Gecko) Chrome/122.0.0.0 Safari/537.36"
10.70.20.211 - - [03/Mar/2024:17:37:46 +0000] "POST /posts/create HTTP/1.1" 500 1115028 "http://10.80.57.34/posts/create" "Mozilla/5.0 (Windows NT 10.0; Win64; x64) AppleWebKit/537.36 (KHTML, like Gecko) Chrome/122.0.0.0 Safari/537.36"
10.70.20.211 - - [03/Mar/2024:17:38:27 +0000] "POST /posts/create HTTP/1.1" 302 382 "http://10.80.57.34/posts/create" "Mozilla/5.0 (Windows NT 10.0; Win64; x64) AppleWebKit/537.36 (KHTML, like Gecko) Chrome/122.0.0.0 Safari/537.36"
10.70.20.211 - - [03/Mar/2024:17:38:28 +0000] "GET /posts/create HTTP/1.1" 200 6048 "http://10.80.57.34/posts/create" "Mozilla/5.0 (Windows NT 10.0; Win64; x64) AppleWebKit/537.36 (KHTML, like Gecko) Chrome/122.0.0.0 Safari/537.36"
10.70.20.211 - - [03/Mar/2024:17:38:37 +0000] "POST /posts/create HTTP/1.1" 302 382 "http://10.80.57.34/posts/create" "Mozilla/5.0 (Windows NT 10.0; Win64; x64) AppleWebKit/537.36 (KHTML, like Gecko) Chrome/122.0.0.0 Safari/537.36"
10.70.20.211 - - [03/Mar/2024:17:38:37 +0000] "GET /posts/create HTTP/1.1" 200 6048 "http://10.80.57.34/posts/create" "Mozilla/5.0 (Windows NT 10.0; Win64; x64) AppleWebKit/537.36 (KHTML, like Gecko) Chrome/122.0.0.0 Safari/537.36"
10.70.20.211 - - [03/Mar/2024:17:38:47 +0000] "GET /posts/create HTTP/1.1" 200 6026 "http://10.80.57.34/posts/create" "Mozilla/5.0 (Windows NT 10.0; Win64; x64) AppleWebKit/537.36 (KHTML, like Gecko) Chrome/122.0.0.0 Safari/537.36"
10.70.20.211 - - [03/Mar/2024:17:38:51 +0000] "GET / HTTP/1.1" 200 5512 "-" "Mozilla/5.0 (Windows NT 10.0; Win64; x64) AppleWebKit/537.36 (KHTML, like Gecko) Chrome/122.0.0.0 Safari/537.36"
10.80.87.67 - - [03/Mar/2024:17:39:21 +0000] "GET /home HTTP/1.1" 200 11462 "http://10.80.57.34/posts/create" "Mozilla/5.0 (Windows NT 10.0; Win64; x64) AppleWebKit/537.36 (KHTML, like Gecko) Chrome/121.0.0.0 Safari/537.36 OPR/107.0.0.0"
10.80.87.67 - - [03/Mar/2024:17:39:46 +0000] "GET /home HTTP/1.1" 200 11815 "http://10.80.57.34/posts/create" "Mozilla/5.0 (Windows NT 10.0; Win64; x64) AppleWebKit/537.36 (KHTML, like Gecko) Chrome/121.0.0.0 Safari/537.36 OPR/107.0.0.0"
10.80.87.67 - - [03/Mar/2024:17:40:50 +0000] "GET /editprofile HTTP/1.1" 200 9222 "http://10.80.57.34/home" "Mozilla/5.0 (Windows NT 10.0; Win64; x64) AppleWebKit/537.36 (KHTML, like Gecko) Chrome/121.0.0.0 Safari/537.36 OPR/107.0.0.0"
10.80.87.67 - - [03/Mar/2024:17:41:30 +0000] "GET /home HTTP/1.1" 200 11462 "http://10.80.57.34/editprofile" "Mozilla/5.0 (Windows NT 10.0; Win64; x64) AppleWebKit/537.36 (KHTML, like Gecko) Chrome/121.0.0.0 Safari/537.36 OPR/107.0.0.0"
10.80.87.67 - - [03/Mar/2024:17:41:51 +0000] "GET /home HTTP/1.1" 200 11815 "http://10.80.57.34/editprofile" "Mozilla/5.0 (Windows NT 10.0; Win64; x64) AppleWebKit/537.36 (KHTML, like Gecko) Chrome/121.0.0.0 Safari/537.36 OPR/107.0.0.0"
10.80.87.67 - - [03/Mar/2024:17:41:57 +0000] "POST /logout HTTP/1.1" 302 330 "http://10.80.57.34/home" "Mozilla/5.0 (Windows NT 10.0; Win64; x64) AppleWebKit/537.36 (KHTML, like Gecko) Chrome/121.0.0.0 Safari/537.36 OPR/107.0.0.0"
10.80.87.67 - - [03/Mar/2024:17:41:57 +0000] "GET / HTTP/1.1" 200 4898 "http://10.80.57.34/home" "Mozilla/5.0 (Windows NT 10.0; Win64; x64) AppleWebKit/537.36 (KHTML, like Gecko) Chrome/121.0.0.0 Safari/537.36 OPR/107.0.0.0"
10.80.87.67 - - [03/Mar/2024:17:42:22 +0000] "GET / HTTP/1.1" 200 4898 "http://10.80.57.34/home" "Mozilla/5.0 (Windows NT 10.0; Win64; x64) AppleWebKit/537.36 (KHTML, like Gecko) Chrome/121.0.0.0 Safari/537.36 OPR/107.0.0.0"
10.80.87.67 - - [03/Mar/2024:17:42:25 +0000] "GET /login HTTP/1.1" 200 6388 "http://10.80.57.34/" "Mozilla/5.0 (Windows NT 10.0; Win64; x64) AppleWebKit/537.36 (KHTML, like Gecko) Chrome/121.0.0.0 Safari/537.36 OPR/107.0.0.0"
10.80.87.67 - - [03/Mar/2024:17:42:33 +0000] "POST /login HTTP/1.1" 302 350 "http://10.80.57.34/login" "Mozilla/5.0 (Windows NT 10.0; Win64; x64) AppleWebKit/537.36 (KHTML, like Gecko) Chrome/121.0.0.0 Safari/537.36 OPR/107.0.0.0"
10.80.87.67 - - [03/Mar/2024:17:42:33 +0000] "GET /home HTTP/1.1" 200 11462 "http://10.80.57.34/login" "Mozilla/5.0 (Windows NT 10.0; Win64; x64) AppleWebKit/537.36 (KHTML, like Gecko) Chrome/121.0.0.0 Safari/537.36 OPR/107.0.0.0"
10.80.87.67 - - [03/Mar/2024:17:45:52 +0000] "GET /home HTTP/1.1" 200 11801 "http://10.80.57.34/login" "Mozilla/5.0 (Windows NT 10.0; Win64; x64) AppleWebKit/537.36 (KHTML, like Gecko) Chrome/121.0.0.0 Safari/537.36 OPR/107.0.0.0"
10.80.87.67 - - [03/Mar/2024:17:45:58 +0000] "POST /logout HTTP/1.1" 302 330 "http://10.80.57.34/home" "Mozilla/5.0 (Windows NT 10.0; Win64; x64) AppleWebKit/537.36 (KHTML, like Gecko) Chrome/121.0.0.0 Safari/537.36 OPR/107.0.0.0"
10.80.87.67 - - [03/Mar/2024:17:45:58 +0000] "GET / HTTP/1.1" 200 4898 "http://10.80.57.34/home" "Mozilla/5.0 (Windows NT 10.0; Win64; x64) AppleWebKit/537.36 (KHTML, like Gecko) Chrome/121.0.0.0 Safari/537.36 OPR/107.0.0.0"
10.70.20.166 - - [03/Mar/2024:17:51:46 +0000] "GET / HTTP/1.1" 200 4898 "-" "Mozilla/5.0 (Windows NT 10.0; Win64; x64) AppleWebKit/537.36 (KHTML, like Gecko) Chrome/122.0.0.0 Safari/537.36 Edg/122.0.0.0"
10.80.87.67 - - [03/Mar/2024:17:52:01 +0000] "GET / HTTP/1.1" 200 4898 "http://10.80.57.34/home" "Mozilla/5.0 (Windows NT 10.0; Win64; x64) AppleWebKit/537.36 (KHTML, like Gecko) Chrome/121.0.0.0 Safari/537.36 OPR/107.0.0.0"
10.80.87.67 - - [03/Mar/2024:17:52:05 +0000] "GET /login HTTP/1.1" 200 6388 "http://10.80.57.34/" "Mozilla/5.0 (Windows NT 10.0; Win64; x64) AppleWebKit/537.36 (KHTML, like Gecko) Chrome/121.0.0.0 Safari/537.36 OPR/107.0.0.0"
10.80.87.67 - - [03/Mar/2024:17:52:12 +0000] "POST /login HTTP/1.1" 302 350 "http://10.80.57.34/login" "Mozilla/5.0 (Windows NT 10.0; Win64; x64) AppleWebKit/537.36 (KHTML, like Gecko) Chrome/121.0.0.0 Safari/537.36 OPR/107.0.0.0"
10.80.87.67 - - [03/Mar/2024:17:52:12 +0000] "GET /home HTTP/1.1" 200 11815 "http://10.80.57.34/login" "Mozilla/5.0 (Windows NT 10.0; Win64; x64) AppleWebKit/537.36 (KHTML, like Gecko) Chrome/121.0.0.0 Safari/537.36 OPR/107.0.0.0"
10.80.87.67 - - [03/Mar/2024:17:55:57 +0000] "GET /home HTTP/1.1" 200 11415 "http://10.80.57.34/login" "Mozilla/5.0 (Windows NT 10.0; Win64; x64) AppleWebKit/537.36 (KHTML, like Gecko) Chrome/121.0.0.0 Safari/537.36 OPR/107.0.0.0"
10.80.87.67 - - [03/Mar/2024:17:56:19 +0000] "GET /posts/create HTTP/1.1" 200 6027 "http://10.80.57.34/home" "Mozilla/5.0 (Windows NT 10.0; Win64; x64) AppleWebKit/537.36 (KHTML, like Gecko) Chrome/121.0.0.0 Safari/537.36 OPR/107.0.0.0"
10.80.87.67 - - [03/Mar/2024:17:57:43 +0000] "GET /home HTTP/1.1" 200 11402 "http://10.80.57.34/login" "Mozilla/5.0 (Windows NT 10.0; Win64; x64) AppleWebKit/537.36 (KHTML, like Gecko) Chrome/121.0.0.0 Safari/537.36 OPR/107.0.0.0"
10.80.87.67 - - [03/Mar/2024:17:57:52 +0000] "GET /search?query=User HTTP/1.1" 200 5132 "http://10.80.57.34/home" "Mozilla/5.0 (Windows NT 10.0; Win64; x64) AppleWebKit/537.36 (KHTML, like Gecko) Chrome/121.0.0.0 Safari/537.36 OPR/107.0.0.0"
10.80.87.67 - - [03/Mar/2024:17:57:52 +0000] "GET /uploads/posts/1709452441.png HTTP/1.1" 404 6622 "http://10.80.57.34/search?query=User" "Mozilla/5.0 (Windows NT 10.0; Win64; x64) AppleWebKit/537.36 (KHTML, like Gecko) Chrome/121.0.0.0 Safari/537.36 OPR/107.0.0.0"
10.80.87.67 - - [03/Mar/2024:17:57:52 +0000] "GET /uploads/posts/1709452476.png HTTP/1.1" 404 6616 "http://10.80.57.34/search?query=User" "Mozilla/5.0 (Windows NT 10.0; Win64; x64) AppleWebKit/537.36 (KHTML, like Gecko) Chrome/121.0.0.0 Safari/537.36 OPR/107.0.0.0"
10.80.81.226 - - [03/Mar/2024:17:58:24 +0000] "GET / HTTP/1.1" 200 4898 "-" "Mozilla/5.0 (Windows NT 10.0; Win64; x64) AppleWebKit/537.36 (KHTML, like Gecko) Chrome/122.0.0.0 Safari/537.36"
10.80.87.67 - - [03/Mar/2024:17:58:48 +0000] "GET /posts/create HTTP/1.1" 200 6027 "http://10.80.57.34/search?query=User" "Mozilla/5.0 (Windows NT 10.0; Win64; x64) AppleWebKit/537.36 (KHTML, like Gecko) Chrome/121.0.0.0 Safari/537.36 OPR/107.0.0.0"
10.80.87.67 - - [03/Mar/2024:18:00:13 +0000] "GET /home HTTP/1.1" 200 11415 "http://10.80.57.34/login" "Mozilla/5.0 (Windows NT 10.0; Win64; x64) AppleWebKit/537.36 (KHTML, like Gecko) Chrome/121.0.0.0 Safari/537.36 OPR/107.0.0.0"
10.80.87.67 - - [03/Mar/2024:18:00:38 +0000] "GET /home HTTP/1.1" 200 11768 "http://10.80.57.34/login" "Mozilla/5.0 (Windows NT 10.0; Win64; x64) AppleWebKit/537.36 (KHTML, like Gecko) Chrome/121.0.0.0 Safari/537.36 OPR/107.0.0.0"
10.80.87.67 - - [03/Mar/2024:18:01:56 +0000] "GET /editprofile HTTP/1.1" 500 1137474 "http://10.80.57.34/home" "Mozilla/5.0 (Windows NT 10.0; Win64; x64) AppleWebKit/537.36 (KHTML, like Gecko) Chrome/121.0.0.0 Safari/537.36 OPR/107.0.0.0"
10.80.87.67 - - [03/Mar/2024:18:02:17 +0000] "GET /editprofile HTTP/1.1" 200 9222 "http://10.80.57.34/home" "Mozilla/5.0 (Windows NT 10.0; Win64; x64) AppleWebKit/537.36 (KHTML, like Gecko) Chrome/121.0.0.0 Safari/537.36 OPR/107.0.0.0"
10.80.87.67 - - [03/Mar/2024:18:02:17 +0000] "GET /uploads/propic/image.png HTTP/1.1" 304 0 "http://10.80.57.34/editprofile" "Mozilla/5.0 (Windows NT 10.0; Win64; x64) AppleWebKit/537.36 (KHTML, like Gecko) Chrome/121.0.0.0 Safari/537.36 OPR/107.0.0.0"
10.80.87.67 - - [03/Mar/2024:18:04:10 +0000] "GET /home HTTP/1.1" 200 11768 "http://10.80.57.34/editprofile" "Mozilla/5.0 (Windows NT 10.0; Win64; x64) AppleWebKit/537.36 (KHTML, like Gecko) Chrome/121.0.0.0 Safari/537.36 OPR/107.0.0.0"
10.80.87.67 - - [03/Mar/2024:18:04:25 +0000] "GET /home HTTP/1.1" 200 11768 "http://10.80.57.34/editprofile" "Mozilla/5.0 (Windows NT 10.0; Win64; x64) AppleWebKit/537.36 (KHTML, like Gecko) Chrome/121.0.0.0 Safari/537.36 OPR/107.0.0.0"
10.80.87.67 - - [03/Mar/2024:18:04:28 +0000] "GET /home HTTP/1.1" 200 11768 "http://10.80.57.34/home" "Mozilla/5.0 (Windows NT 10.0; Win64; x64) AppleWebKit/537.36 (KHTML, like Gecko) Chrome/121.0.0.0 Safari/537.36 OPR/107.0.0.0"
10.80.87.67 - - [03/Mar/2024:18:04:39 +0000] "GET /home HTTP/1.1" 200 11415 "http://10.80.57.34/home" "Mozilla/5.0 (Windows NT 10.0; Win64; x64) AppleWebKit/537.36 (KHTML, like Gecko) Chrome/121.0.0.0 Safari/537.36 OPR/107.0.0.0"
10.80.87.67 - - [03/Mar/2024:18:07:06 +0000] "GET /home HTTP/1.1" 200 11532 "http://10.80.57.34/home" "Mozilla/5.0 (Windows NT 10.0; Win64; x64) AppleWebKit/537.36 (KHTML, like Gecko) Chrome/121.0.0.0 Safari/537.36 OPR/107.0.0.0"
10.80.87.67 - - [03/Mar/2024:18:07:26 +0000] "GET /posts HTTP/1.1" 200 5242 "http://10.80.57.34/home" "Mozilla/5.0 (Windows NT 10.0; Win64; x64) AppleWebKit/537.36 (KHTML, like Gecko) Chrome/121.0.0.0 Safari/537.36 OPR/107.0.0.0"
10.80.87.67 - - [03/Mar/2024:18:07:26 +0000] "GET /uploads/posts/1709452441.png HTTP/1.1" 404 6622 "http://10.80.57.34/posts" "Mozilla/5.0 (Windows NT 10.0; Win64; x64) AppleWebKit/537.36 (KHTML, like Gecko) Chrome/121.0.0.0 Safari/537.36 OPR/107.0.0.0"
10.80.87.67 - - [03/Mar/2024:18:07:26 +0000] "GET /uploads/posts/1709452476.png HTTP/1.1" 404 6616 "http://10.80.57.34/posts" "Mozilla/5.0 (Windows NT 10.0; Win64; x64) AppleWebKit/537.36 (KHTML, like Gecko) Chrome/121.0.0.0 Safari/537.36 OPR/107.0.0.0"
10.80.87.67 - - [03/Mar/2024:18:07:32 +0000] "GET / HTTP/1.1" 200 5513 "http://10.80.57.34/posts" "Mozilla/5.0 (Windows NT 10.0; Win64; x64) AppleWebKit/537.36 (KHTML, like Gecko) Chrome/121.0.0.0 Safari/537.36 OPR/107.0.0.0"
10.80.87.67 - - [03/Mar/2024:18:08:07 +0000] "GET / HTTP/1.1" 200 5513 "http://10.80.57.34/posts" "Mozilla/5.0 (Windows NT 10.0; Win64; x64) AppleWebKit/537.36 (KHTML, like Gecko) Chrome/121.0.0.0 Safari/537.36 OPR/107.0.0.0"
10.80.87.67 - - [03/Mar/2024:18:08:11 +0000] "GET / HTTP/1.1" 200 5513 "-" "Mozilla/5.0 (Windows NT 10.0; Win64; x64) AppleWebKit/537.36 (KHTML, like Gecko) Chrome/121.0.0.0 Safari/537.36 OPR/107.0.0.0"
10.80.87.67 - - [03/Mar/2024:18:08:25 +0000] "GET /login HTTP/1.1" 302 350 "http://10.80.57.34/" "Mozilla/5.0 (Windows NT 10.0; Win64; x64) AppleWebKit/537.36 (KHTML, like Gecko) Chrome/121.0.0.0 Safari/537.36 OPR/107.0.0.0"
10.80.87.67 - - [03/Mar/2024:18:08:28 +0000] "POST /logout HTTP/1.1" 302 330 "http://10.80.57.34/home" "Mozilla/5.0 (Windows NT 10.0; Win64; x64) AppleWebKit/537.36 (KHTML, like Gecko) Chrome/121.0.0.0 Safari/537.36 OPR/107.0.0.0"
10.80.87.67 - - [03/Mar/2024:18:08:29 +0000] "GET / HTTP/1.1" 200 4898 "http://10.80.57.34/home" "Mozilla/5.0 (Windows NT 10.0; Win64; x64) AppleWebKit/537.36 (KHTML, like Gecko) Chrome/121.0.0.0 Safari/537.36 OPR/107.0.0.0"
10.80.87.67 - - [03/Mar/2024:18:08:32 +0000] "GET /login HTTP/1.1" 200 6388 "http://10.80.57.34/" "Mozilla/5.0 (Windows NT 10.0; Win64; x64) AppleWebKit/537.36 (KHTML, like Gecko) Chrome/121.0.0.0 Safari/537.36 OPR/107.0.0.0"
10.80.87.67 - - [03/Mar/2024:18:08:42 +0000] "POST /login HTTP/1.1" 302 350 "http://10.80.57.34/login" "Mozilla/5.0 (Windows NT 10.0; Win64; x64) AppleWebKit/537.36 (KHTML, like Gecko) Chrome/121.0.0.0 Safari/537.36 OPR/107.0.0.0"
10.80.87.67 - - [03/Mar/2024:18:08:42 +0000] "GET /home HTTP/1.1" 200 11532 "http://10.80.57.34/login" "Mozilla/5.0 (Windows NT 10.0; Win64; x64) AppleWebKit/537.36 (KHTML, like Gecko) Chrome/121.0.0.0 Safari/537.36 OPR/107.0.0.0"
10.80.87.67 - - [03/Mar/2024:18:08:47 +0000] "GET /posts HTTP/1.1" 200 5248 "http://10.80.57.34/home" "Mozilla/5.0 (Windows NT 10.0; Win64; x64) AppleWebKit/537.36 (KHTML, like Gecko) Chrome/121.0.0.0 Safari/537.36 OPR/107.0.0.0"
10.80.87.67 - - [03/Mar/2024:18:08:47 +0000] "GET /uploads/posts/1709452476.png HTTP/1.1" 404 6622 "http://10.80.57.34/posts" "Mozilla/5.0 (Windows NT 10.0; Win64; x64) AppleWebKit/537.36 (KHTML, like Gecko) Chrome/121.0.0.0 Safari/537.36 OPR/107.0.0.0"
10.80.87.67 - - [03/Mar/2024:18:08:47 +0000] "GET /uploads/posts/1709452441.png HTTP/1.1" 404 6622 "http://10.80.57.34/posts" "Mozilla/5.0 (Windows NT 10.0; Win64; x64) AppleWebKit/537.36 (KHTML, like Gecko) Chrome/121.0.0.0 Safari/537.36 OPR/107.0.0.0"
10.80.87.67 - - [03/Mar/2024:18:09:34 +0000] "GET /posts HTTP/1.1" 200 5217 "http://10.80.57.34/home" "Mozilla/5.0 (Windows NT 10.0; Win64; x64) AppleWebKit/537.36 (KHTML, like Gecko) Chrome/121.0.0.0 Safari/537.36 OPR/107.0.0.0"
10.80.87.67 - - [03/Mar/2024:18:09:34 +0000] "GET /uploads/posts/1709452476.png HTTP/1.1" 404 6622 "http://10.80.57.34/posts" "Mozilla/5.0 (Windows NT 10.0; Win64; x64) AppleWebKit/537.36 (KHTML, like Gecko) Chrome/121.0.0.0 Safari/537.36 OPR/107.0.0.0"
10.80.87.67 - - [03/Mar/2024:18:09:34 +0000] "GET /uploads/posts/1709452441.png HTTP/1.1" 404 6622 "http://10.80.57.34/posts" "Mozilla/5.0 (Windows NT 10.0; Win64; x64) AppleWebKit/537.36 (KHTML, like Gecko) Chrome/121.0.0.0 Safari/537.36 OPR/107.0.0.0"
10.80.87.67 - - [03/Mar/2024:18:09:43 +0000] "GET /editprofile HTTP/1.1" 200 8961 "http://10.80.57.34/home" "Mozilla/5.0 (Windows NT 10.0; Win64; x64) AppleWebKit/537.36 (KHTML, like Gecko) Chrome/121.0.0.0 Safari/537.36 OPR/107.0.0.0"
10.70.20.166 - - [03/Mar/2024:18:09:45 +0000] "GET / HTTP/1.1" 200 4898 "-" "Mozilla/5.0 (Windows NT 10.0; Win64; x64) AppleWebKit/537.36 (KHTML, like Gecko) Chrome/122.0.0.0 Safari/537.36 Edg/122.0.0.0"
10.80.87.67 - - [03/Mar/2024:18:09:51 +0000] "POST /update-name HTTP/1.1" 302 378 "http://10.80.57.34/editprofile" "Mozilla/5.0 (Windows NT 10.0; Win64; x64) AppleWebKit/537.36 (KHTML, like Gecko) Chrome/121.0.0.0 Safari/537.36 OPR/107.0.0.0"
10.80.87.67 - - [03/Mar/2024:18:09:51 +0000] "GET /editprofile HTTP/1.1" 200 8963 "http://10.80.57.34/editprofile" "Mozilla/5.0 (Windows NT 10.0; Win64; x64) AppleWebKit/537.36 (KHTML, like Gecko) Chrome/121.0.0.0 Safari/537.36 OPR/107.0.0.0"
10.80.87.67 - - [03/Mar/2024:18:10:07 +0000] "POST /update-password HTTP/1.1" 302 378 "http://10.80.57.34/editprofile" "Mozilla/5.0 (Windows NT 10.0; Win64; x64) AppleWebKit/537.36 (KHTML, like Gecko) Chrome/121.0.0.0 Safari/537.36 OPR/107.0.0.0"
10.80.87.67 - - [03/Mar/2024:18:10:08 +0000] "GET /editprofile HTTP/1.1" 200 8963 "http://10.80.57.34/editprofile" "Mozilla/5.0 (Windows NT 10.0; Win64; x64) AppleWebKit/537.36 (KHTML, like Gecko) Chrome/121.0.0.0 Safari/537.36 OPR/107.0.0.0"
10.80.87.67 - - [03/Mar/2024:18:11:29 +0000] "GET /editprofile HTTP/1.1" 200 8988 "http://10.80.57.34/home" "Mozilla/5.0 (Windows NT 10.0; Win64; x64) AppleWebKit/537.36 (KHTML, like Gecko) Chrome/121.0.0.0 Safari/537.36 OPR/107.0.0.0"
10.80.87.67 - - [03/Mar/2024:18:11:34 +0000] "POST /logout HTTP/1.1" 302 330 "http://10.80.57.34/editprofile" "Mozilla/5.0 (Windows NT 10.0; Win64; x64) AppleWebKit/537.36 (KHTML, like Gecko) Chrome/121.0.0.0 Safari/537.36 OPR/107.0.0.0"
10.80.87.67 - - [03/Mar/2024:18:11:34 +0000] "GET / HTTP/1.1" 200 4898 "http://10.80.57.34/editprofile" "Mozilla/5.0 (Windows NT 10.0; Win64; x64) AppleWebKit/537.36 (KHTML, like Gecko) Chrome/121.0.0.0 Safari/537.36 OPR/107.0.0.0"
10.80.87.67 - - [03/Mar/2024:18:11:40 +0000] "GET / HTTP/1.1" 200 4898 "-" "Mozilla/5.0 (Windows NT 10.0; Win64; x64) AppleWebKit/537.36 (KHTML, like Gecko) Chrome/121.0.0.0 Safari/537.36 OPR/107.0.0.0"
10.80.87.67 - - [03/Mar/2024:18:11:41 +0000] "GET / HTTP/1.1" 200 4898 "-" "Mozilla/5.0 (Windows NT 10.0; Win64; x64) AppleWebKit/537.36 (KHTML, like Gecko) Chrome/121.0.0.0 Safari/537.36 OPR/107.0.0.0"
10.80.87.67 - - [03/Mar/2024:18:11:45 +0000] "GET /login HTTP/1.1" 200 6388 "http://10.80.57.34/" "Mozilla/5.0 (Windows NT 10.0; Win64; x64) AppleWebKit/537.36 (KHTML, like Gecko) Chrome/121.0.0.0 Safari/537.36 OPR/107.0.0.0"
10.80.87.67 - - [03/Mar/2024:18:11:52 +0000] "POST /login HTTP/1.1" 302 354 "http://10.80.57.34/login" "Mozilla/5.0 (Windows NT 10.0; Win64; x64) AppleWebKit/537.36 (KHTML, like Gecko) Chrome/121.0.0.0 Safari/537.36 OPR/107.0.0.0"
10.80.87.67 - - [03/Mar/2024:18:11:52 +0000] "GET /login HTTP/1.1" 200 6671 "http://10.80.57.34/login" "Mozilla/5.0 (Windows NT 10.0; Win64; x64) AppleWebKit/537.36 (KHTML, like Gecko) Chrome/121.0.0.0 Safari/537.36 OPR/107.0.0.0"
10.80.87.67 - - [03/Mar/2024:18:11:59 +0000] "POST /login HTTP/1.1" 302 350 "http://10.80.57.34/login" "Mozilla/5.0 (Windows NT 10.0; Win64; x64) AppleWebKit/537.36 (KHTML, like Gecko) Chrome/121.0.0.0 Safari/537.36 OPR/107.0.0.0"
10.80.87.67 - - [03/Mar/2024:18:11:59 +0000] "GET /home HTTP/1.1" 200 11535 "http://10.80.57.34/login" "Mozilla/5.0 (Windows NT 10.0; Win64; x64) AppleWebKit/537.36 (KHTML, like Gecko) Chrome/121.0.0.0 Safari/537.36 OPR/107.0.0.0"
10.80.87.67 - - [03/Mar/2024:18:12:37 +0000] "GET /posts HTTP/1.1" 200 5249 "http://10.80.57.34/home" "Mozilla/5.0 (Windows NT 10.0; Win64; x64) AppleWebKit/537.36 (KHTML, like Gecko) Chrome/121.0.0.0 Safari/537.36 OPR/107.0.0.0"
10.80.87.67 - - [03/Mar/2024:18:12:38 +0000] "GET /uploads/posts/1709452476.png HTTP/1.1" 404 6622 "http://10.80.57.34/posts" "Mozilla/5.0 (Windows NT 10.0; Win64; x64) AppleWebKit/537.36 (KHTML, like Gecko) Chrome/121.0.0.0 Safari/537.36 OPR/107.0.0.0"
10.80.87.67 - - [03/Mar/2024:18:12:38 +0000] "GET /uploads/posts/1709452441.png HTTP/1.1" 404 6622 "http://10.80.57.34/posts" "Mozilla/5.0 (Windows NT 10.0; Win64; x64) AppleWebKit/537.36 (KHTML, like Gecko) Chrome/121.0.0.0 Safari/537.36 OPR/107.0.0.0"
10.80.87.67 - - [03/Mar/2024:18:12:42 +0000] "GET /editprofile HTTP/1.1" 200 8988 "http://10.80.57.34/posts" "Mozilla/5.0 (Windows NT 10.0; Win64; x64) AppleWebKit/537.36 (KHTML, like Gecko) Chrome/121.0.0.0 Safari/537.36 OPR/107.0.0.0"
10.80.87.67 - - [03/Mar/2024:18:12:52 +0000] "POST /update-password HTTP/1.1" 302 378 "http://10.80.57.34/editprofile" "Mozilla/5.0 (Windows NT 10.0; Win64; x64) AppleWebKit/537.36 (KHTML, like Gecko) Chrome/121.0.0.0 Safari/537.36 OPR/107.0.0.0"
10.80.87.67 - - [03/Mar/2024:18:12:52 +0000] "GET /editprofile HTTP/1.1" 200 8988 "http://10.80.57.34/editprofile" "Mozilla/5.0 (Windows NT 10.0; Win64; x64) AppleWebKit/537.36 (KHTML, like Gecko) Chrome/121.0.0.0 Safari/537.36 OPR/107.0.0.0"
10.80.87.67 - - [03/Mar/2024:18:14:01 +0000] "POST /update-password HTTP/1.1" 302 350 "http://10.80.57.34/editprofile" "Mozilla/5.0 (Windows NT 10.0; Win64; x64) AppleWebKit/537.36 (KHTML, like Gecko) Chrome/121.0.0.0 Safari/537.36 OPR/107.0.0.0"
10.80.87.67 - - [03/Mar/2024:18:14:03 +0000] "GET /home HTTP/1.1" 200 11521 "http://10.80.57.34/editprofile" "Mozilla/5.0 (Windows NT 10.0; Win64; x64) AppleWebKit/537.36 (KHTML, like Gecko) Chrome/121.0.0.0 Safari/537.36 OPR/107.0.0.0"
10.80.87.67 - - [03/Mar/2024:18:14:08 +0000] "POST /logout HTTP/1.1" 302 330 "http://10.80.57.34/home" "Mozilla/5.0 (Windows NT 10.0; Win64; x64) AppleWebKit/537.36 (KHTML, like Gecko) Chrome/121.0.0.0 Safari/537.36 OPR/107.0.0.0"
10.80.87.67 - - [03/Mar/2024:18:14:10 +0000] "GET / HTTP/1.1" 200 4898 "http://10.80.57.34/home" "Mozilla/5.0 (Windows NT 10.0; Win64; x64) AppleWebKit/537.36 (KHTML, like Gecko) Chrome/121.0.0.0 Safari/537.36 OPR/107.0.0.0"
10.80.87.67 - - [03/Mar/2024:18:15:09 +0000] "GET /login HTTP/1.1" 200 6388 "http://10.80.57.34/" "Mozilla/5.0 (Windows NT 10.0; Win64; x64) AppleWebKit/537.36 (KHTML, like Gecko) Chrome/121.0.0.0 Safari/537.36 OPR/107.0.0.0"
10.80.87.67 - - [03/Mar/2024:18:15:16 +0000] "POST /login HTTP/1.1" 302 350 "http://10.80.57.34/login" "Mozilla/5.0 (Windows NT 10.0; Win64; x64) AppleWebKit/537.36 (KHTML, like Gecko) Chrome/121.0.0.0 Safari/537.36 OPR/107.0.0.0"
10.80.87.67 - - [03/Mar/2024:18:15:16 +0000] "GET /home HTTP/1.1" 200 11535 "http://10.80.57.34/login" "Mozilla/5.0 (Windows NT 10.0; Win64; x64) AppleWebKit/537.36 (KHTML, like Gecko) Chrome/121.0.0.0 Safari/537.36 OPR/107.0.0.0"
10.80.87.67 - - [03/Mar/2024:18:15:24 +0000] "GET /editprofile HTTP/1.1" 200 8988 "http://10.80.57.34/home" "Mozilla/5.0 (Windows NT 10.0; Win64; x64) AppleWebKit/537.36 (KHTML, like Gecko) Chrome/121.0.0.0 Safari/537.36 OPR/107.0.0.0"
10.80.87.67 - - [03/Mar/2024:18:17:19 +0000] "GET /editprofile HTTP/1.1" 200 9146 "http://10.80.57.34/home" "Mozilla/5.0 (Windows NT 10.0; Win64; x64) AppleWebKit/537.36 (KHTML, like Gecko) Chrome/121.0.0.0 Safari/537.36 OPR/107.0.0.0"
10.70.20.213 - - [03/Mar/2024:18:17:22 +0000] "GET / HTTP/1.1" 200 4085 "-" "Mozilla/5.0 (Windows NT 10.0; Win64; x64) AppleWebKit/537.36 (KHTML, like Gecko) Chrome/122.0.0.0 Safari/537.36"
10.70.20.213 - - [03/Mar/2024:18:17:31 +0000] "GET / HTTP/1.1" 200 4092 "http://10.80.57.34/" "Mozilla/5.0 (Windows NT 10.0; Win64; x64) AppleWebKit/537.36 (KHTML, like Gecko) Chrome/122.0.0.0 Safari/537.36"
10.70.20.213 - - [03/Mar/2024:18:17:32 +0000] "GET /login HTTP/1.1" 200 6388 "http://10.80.57.34/" "Mozilla/5.0 (Windows NT 10.0; Win64; x64) AppleWebKit/537.36 (KHTML, like Gecko) Chrome/122.0.0.0 Safari/537.36"
