10.80.87.67 - - [03/Mar/2024:18:18:22 +0000] "GET /posts/create HTTP/1.1" 200 6144 "http://10.80.57.34/editprofile" "Mozilla/5.0 (Windows NT 10.0; Win64; x64) AppleWebKit/537.36 (KHTML, like Gecko) Chrome/121.0.0.0 Safari/537.36 OPR/107.0.0.0"
10.70.20.213 - - [03/Mar/2024:18:18:52 +0000] "GET /posts HTTP/1.1" 200 4243 "-" "Mozilla/5.0 (Windows NT 10.0; Win64; x64) AppleWebKit/537.36 (KHTML, like Gecko) Chrome/122.0.0.0 Safari/537.36"
10.70.20.213 - - [03/Mar/2024:18:18:52 +0000] "GET /uploads/posts/1709452441.png HTTP/1.1" 404 6622 "http://10.80.57.34/posts" "Mozilla/5.0 (Windows NT 10.0; Win64; x64) AppleWebKit/537.36 (KHTML, like Gecko) Chrome/122.0.0.0 Safari/537.36"
10.70.20.213 - - [03/Mar/2024:18:18:52 +0000] "GET /uploads/posts/1709452476.png HTTP/1.1" 404 6622 "http://10.80.57.34/posts" "Mozilla/5.0 (Windows NT 10.0; Win64; x64) AppleWebKit/537.36 (KHTML, like Gecko) Chrome/122.0.0.0 Safari/537.36"
10.80.87.67 - - [03/Mar/2024:18:18:53 +0000] "GET /editprofile HTTP/1.1" 200 9139 "http://10.80.57.34/home" "Mozilla/5.0 (Windows NT 10.0; Win64; x64) AppleWebKit/537.36 (KHTML, like Gecko) Chrome/121.0.0.0 Safari/537.36 OPR/107.0.0.0"
10.80.87.67 - - [03/Mar/2024:18:18:56 +0000] "GET /posts/create HTTP/1.1" 200 6144 "http://10.80.57.34/editprofile" "Mozilla/5.0 (Windows NT 10.0; Win64; x64) AppleWebKit/537.36 (KHTML, like Gecko) Chrome/121.0.0.0 Safari/537.36 OPR/107.0.0.0"
10.80.87.67 - - [03/Mar/2024:18:19:26 +0000] "GET /posts HTTP/1.1" 200 5243 "-" "Mozilla/5.0 (Windows NT 10.0; Win64; x64) AppleWebKit/537.36 (KHTML, like Gecko) Chrome/121.0.0.0 Safari/537.36 OPR/107.0.0.0"
10.80.87.67 - - [03/Mar/2024:18:19:27 +0000] "GET /uploads/posts/1709452441.png HTTP/1.1" 404 6622 "http://10.80.57.34/posts" "Mozilla/5.0 (Windows NT 10.0; Win64; x64) AppleWebKit/537.36 (KHTML, like Gecko) Chrome/121.0.0.0 Safari/537.36 OPR/107.0.0.0"
10.80.87.67 - - [03/Mar/2024:18:19:27 +0000] "GET /uploads/posts/1709452476.png HTTP/1.1" 404 6622 "http://10.80.57.34/posts" "Mozilla/5.0 (Windows NT 10.0; Win64; x64) AppleWebKit/537.36 (KHTML, like Gecko) Chrome/121.0.0.0 Safari/537.36 OPR/107.0.0.0"
10.80.87.67 - - [03/Mar/2024:18:19:41 +0000] "GET /posts HTTP/1.1" 200 5249 "-" "Mozilla/5.0 (Windows NT 10.0; Win64; x64) AppleWebKit/537.36 (KHTML, like Gecko) Chrome/121.0.0.0 Safari/537.36 OPR/107.0.0.0"
10.80.87.67 - - [03/Mar/2024:18:19:41 +0000] "GET /uploads/posts/1709452441.png HTTP/1.1" 404 6622 "http://10.80.57.34/posts" "Mozilla/5.0 (Windows NT 10.0; Win64; x64) AppleWebKit/537.36 (KHTML, like Gecko) Chrome/121.0.0.0 Safari/537.36 OPR/107.0.0.0"
10.80.87.67 - - [03/Mar/2024:18:19:41 +0000] "GET /uploads/posts/1709452476.png HTTP/1.1" 404 6622 "http://10.80.57.34/posts" "Mozilla/5.0 (Windows NT 10.0; Win64; x64) AppleWebKit/537.36 (KHTML, like Gecko) Chrome/121.0.0.0 Safari/537.36 OPR/107.0.0.0"
10.80.87.67 - - [03/Mar/2024:18:20:31 +0000] "GET / HTTP/1.1" 200 4615 "http://10.80.57.34/posts" "Mozilla/5.0 (Windows NT 10.0; Win64; x64) AppleWebKit/537.36 (KHTML, like Gecko) Chrome/121.0.0.0 Safari/537.36 OPR/107.0.0.0"
10.80.87.67 - - [03/Mar/2024:18:20:44 +0000] "GET /editprofile HTTP/1.1" 200 9215 "http://10.80.57.34/posts" "Mozilla/5.0 (Windows NT 10.0; Win64; x64) AppleWebKit/537.36 (KHTML, like Gecko) Chrome/121.0.0.0 Safari/537.36 OPR/107.0.0.0"
10.80.87.67 - - [03/Mar/2024:18:20:44 +0000] "GET /uploads/propic/image.png HTTP/1.1" 304 0 "http://10.80.57.34/editprofile" "Mozilla/5.0 (Windows NT 10.0; Win64; x64) AppleWebKit/537.36 (KHTML, like Gecko) Chrome/121.0.0.0 Safari/537.36 OPR/107.0.0.0"
10.70.20.213 - - [03/Mar/2024:18:22:01 +0000] "GET /login HTTP/1.1" 200 6388 "http://10.80.57.34/" "Mozilla/5.0 (Windows NT 10.0; Win64; x64) AppleWebKit/537.36 (KHTML, like Gecko) Chrome/122.0.0.0 Safari/537.36"
10.70.20.213 - - [03/Mar/2024:18:22:16 +0000] "POST /login HTTP/1.1" 302 350 "http://10.80.57.34/login" "Mozilla/5.0 (Windows NT 10.0; Win64; x64) AppleWebKit/537.36 (KHTML, like Gecko) Chrome/122.0.0.0 Safari/537.36"
10.70.20.213 - - [03/Mar/2024:18:22:17 +0000] "GET /home HTTP/1.1" 200 11535 "http://10.80.57.34/login" "Mozilla/5.0 (Windows NT 10.0; Win64; x64) AppleWebKit/537.36 (KHTML, like Gecko) Chrome/122.0.0.0 Safari/537.36"
10.70.20.213 - - [03/Mar/2024:18:22:24 +0000] "GET /posts/create HTTP/1.1" 200 6138 "http://10.80.57.34/home" "Mozilla/5.0 (Windows NT 10.0; Win64; x64) AppleWebKit/537.36 (KHTML, like Gecko) Chrome/122.0.0.0 Safari/537.36"
10.70.20.213 - - [03/Mar/2024:18:22:29 +0000] "GET /editprofile HTTP/1.1" 200 9215 "http://10.80.57.34/home" "Mozilla/5.0 (Windows NT 10.0; Win64; x64) AppleWebKit/537.36 (KHTML, like Gecko) Chrome/122.0.0.0 Safari/537.36"
10.70.20.213 - - [03/Mar/2024:18:22:29 +0000] "GET /uploads/propic/image.png HTTP/1.1" 200 849710 "http://10.80.57.34/editprofile" "Mozilla/5.0 (Windows NT 10.0; Win64; x64) AppleWebKit/537.36 (KHTML, like Gecko) Chrome/122.0.0.0 Safari/537.36"
10.70.20.213 - - [03/Mar/2024:18:24:26 +0000] "GET /editprofile HTTP/1.1" 200 9215 "http://10.80.57.34/home" "Mozilla/5.0 (Windows NT 10.0; Win64; x64) AppleWebKit/537.36 (KHTML, like Gecko) Chrome/122.0.0.0 Safari/537.36"
10.80.87.67 - - [03/Mar/2024:18:24:52 +0000] "GET /editprofile HTTP/1.1" 200 4007 "http://10.80.57.34/posts" "Mozilla/5.0 (Windows NT 10.0; Win64; x64) AppleWebKit/537.36 (KHTML, like Gecko) Chrome/121.0.0.0 Safari/537.36 OPR/107.0.0.0"
10.70.20.213 - - [03/Mar/2024:18:24:52 +0000] "POST /logout HTTP/1.1" 302 330 "http://10.80.57.34/editprofile" "Mozilla/5.0 (Windows NT 10.0; Win64; x64) AppleWebKit/537.36 (KHTML, like Gecko) Chrome/122.0.0.0 Safari/537.36"
10.70.20.213 - - [03/Mar/2024:18:24:53 +0000] "GET / HTTP/1.1" 200 4092 "http://10.80.57.34/editprofile" "Mozilla/5.0 (Windows NT 10.0; Win64; x64) AppleWebKit/537.36 (KHTML, like Gecko) Chrome/122.0.0.0 Safari/537.36"
10.70.20.213 - - [03/Mar/2024:18:24:54 +0000] "GET /login HTTP/1.1" 200 6388 "http://10.80.57.34/" "Mozilla/5.0 (Windows NT 10.0; Win64; x64) AppleWebKit/537.36 (KHTML, like Gecko) Chrome/122.0.0.0 Safari/537.36"
10.80.87.67 - - [03/Mar/2024:18:25:19 +0000] "GET /editprofile HTTP/1.1" 200 9290 "http://10.80.57.34/posts" "Mozilla/5.0 (Windows NT 10.0; Win64; x64) AppleWebKit/537.36 (KHTML, like Gecko) Chrome/121.0.0.0 Safari/537.36 OPR/107.0.0.0"
10.80.87.67 - - [03/Mar/2024:18:27:26 +0000] "GET /editprofile HTTP/1.1" 200 9376 "http://10.80.57.34/posts" "Mozilla/5.0 (Windows NT 10.0; Win64; x64) AppleWebKit/537.36 (KHTML, like Gecko) Chrome/121.0.0.0 Safari/537.36 OPR/107.0.0.0"
10.80.87.67 - - [03/Mar/2024:18:28:19 +0000] "GET /editprofile HTTP/1.1" 200 9168 "http://10.80.57.34/posts" "Mozilla/5.0 (Windows NT 10.0; Win64; x64) AppleWebKit/537.36 (KHTML, like Gecko) Chrome/121.0.0.0 Safari/537.36 OPR/107.0.0.0"
10.80.87.67 - - [03/Mar/2024:18:28:32 +0000] "GET /editprofile HTTP/1.1" 200 9290 "http://10.80.57.34/posts" "Mozilla/5.0 (Windows NT 10.0; Win64; x64) AppleWebKit/537.36 (KHTML, like Gecko) Chrome/121.0.0.0 Safari/537.36 OPR/107.0.0.0"
10.80.87.67 - - [03/Mar/2024:18:29:05 +0000] "GET /editprofile HTTP/1.1" 200 9354 "http://10.80.57.34/posts" "Mozilla/5.0 (Windows NT 10.0; Win64; x64) AppleWebKit/537.36 (KHTML, like Gecko) Chrome/121.0.0.0 Safari/537.36 OPR/107.0.0.0"
10.80.87.67 - - [03/Mar/2024:18:29:25 +0000] "GET /editprofile HTTP/1.1" 200 9349 "http://10.80.57.34/posts" "Mozilla/5.0 (Windows NT 10.0; Win64; x64) AppleWebKit/537.36 (KHTML, like Gecko) Chrome/121.0.0.0 Safari/537.36 OPR/107.0.0.0"
10.80.87.67 - - [03/Mar/2024:18:30:17 +0000] "GET / HTTP/1.1" 200 4615 "http://10.80.57.34/editprofile" "Mozilla/5.0 (Windows NT 10.0; Win64; x64) AppleWebKit/537.36 (KHTML, like Gecko) Chrome/121.0.0.0 Safari/537.36 OPR/107.0.0.0"
10.80.87.67 - - [03/Mar/2024:18:31:00 +0000] "GET / HTTP/1.1" 200 4615 "http://10.80.57.34/posts" "Mozilla/5.0 (Windows NT 10.0; Win64; x64) AppleWebKit/537.36 (KHTML, like Gecko) Chrome/121.0.0.0 Safari/537.36 OPR/107.0.0.0"
10.80.87.67 - - [03/Mar/2024:18:31:25 +0000] "GET /posts HTTP/1.1" 200 5249 "http://10.80.57.34/home" "Mozilla/5.0 (Windows NT 10.0; Win64; x64) AppleWebKit/537.36 (KHTML, like Gecko) Chrome/121.0.0.0 Safari/537.36 OPR/107.0.0.0"
10.80.87.67 - - [03/Mar/2024:18:31:25 +0000] "GET /uploads/posts/1709452476.png HTTP/1.1" 404 6622 "http://10.80.57.34/posts" "Mozilla/5.0 (Windows NT 10.0; Win64; x64) AppleWebKit/537.36 (KHTML, like Gecko) Chrome/121.0.0.0 Safari/537.36 OPR/107.0.0.0"
10.80.87.67 - - [03/Mar/2024:18:31:25 +0000] "GET /uploads/posts/1709452441.png HTTP/1.1" 404 6622 "http://10.80.57.34/posts" "Mozilla/5.0 (Windows NT 10.0; Win64; x64) AppleWebKit/537.36 (KHTML, like Gecko) Chrome/121.0.0.0 Safari/537.36 OPR/107.0.0.0"
10.80.87.67 - - [03/Mar/2024:18:31:31 +0000] "GET /editprofile HTTP/1.1" 200 9354 "http://10.80.57.34/posts" "Mozilla/5.0 (Windows NT 10.0; Win64; x64) AppleWebKit/537.36 (KHTML, like Gecko) Chrome/121.0.0.0 Safari/537.36 OPR/107.0.0.0"
10.80.87.67 - - [03/Mar/2024:18:34:24 +0000] "GET /home HTTP/1.1" 200 4068 "http://10.80.57.34/login" "Mozilla/5.0 (Windows NT 10.0; Win64; x64) AppleWebKit/537.36 (KHTML, like Gecko) Chrome/121.0.0.0 Safari/537.36 OPR/107.0.0.0"
10.80.87.67 - - [03/Mar/2024:18:35:00 +0000] "POST /logout HTTP/1.1" 302 330 "http://10.80.57.34/home" "Mozilla/5.0 (Windows NT 10.0; Win64; x64) AppleWebKit/537.36 (KHTML, like Gecko) Chrome/121.0.0.0 Safari/537.36 OPR/107.0.0.0"
10.80.87.67 - - [03/Mar/2024:18:35:00 +0000] "GET / HTTP/1.1" 200 4092 "http://10.80.57.34/home" "Mozilla/5.0 (Windows NT 10.0; Win64; x64) AppleWebKit/537.36 (KHTML, like Gecko) Chrome/121.0.0.0 Safari/537.36 OPR/107.0.0.0"
10.80.87.67 - - [03/Mar/2024:18:35:20 +0000] "GET / HTTP/1.1" 200 2499 "http://10.80.57.34/home" "Mozilla/5.0 (Windows NT 10.0; Win64; x64) AppleWebKit/537.36 (KHTML, like Gecko) Chrome/121.0.0.0 Safari/537.36 OPR/107.0.0.0"
10.80.87.67 - - [03/Mar/2024:18:35:34 +0000] "GET / HTTP/1.1" 200 2508 "http://10.80.57.34/home" "Mozilla/5.0 (Windows NT 10.0; Win64; x64) AppleWebKit/537.36 (KHTML, like Gecko) Chrome/121.0.0.0 Safari/537.36 OPR/107.0.0.0"
10.80.87.67 - - [03/Mar/2024:18:44:01 +0000] "GET / HTTP/1.1" 500 1152321 "http://10.80.57.34/home" "Mozilla/5.0 (Windows NT 10.0; Win64; x64) AppleWebKit/537.36 (KHTML, like Gecko) Chrome/121.0.0.0 Safari/537.36 OPR/107.0.0.0"
10.80.87.67 - - [03/Mar/2024:18:47:55 +0000] "GET / HTTP/1.1" 500 1152321 "http://10.80.57.34/home" "Mozilla/5.0 (Windows NT 10.0; Win64; x64) AppleWebKit/537.36 (KHTML, like Gecko) Chrome/121.0.0.0 Safari/537.36 OPR/107.0.0.0"
10.80.87.67 - - [03/Mar/2024:18:50:18 +0000] "GET / HTTP/1.1" 500 1152330 "http://10.80.57.34/home" "Mozilla/5.0 (Windows NT 10.0; Win64; x64) AppleWebKit/537.36 (KHTML, like Gecko) Chrome/121.0.0.0 Safari/537.36 OPR/107.0.0.0"
10.80.87.67 - - [03/Mar/2024:18:51:16 +0000] "GET / HTTP/1.1" 500 1153402 "http://10.80.57.34/home" "Mozilla/5.0 (Windows NT 10.0; Win64; x64) AppleWebKit/537.36 (KHTML, like Gecko) Chrome/121.0.0.0 Safari/537.36 OPR/107.0.0.0"
10.80.87.67 - - [03/Mar/2024:18:51:30 +0000] "GET / HTTP/1.1" 500 1153402 "http://10.80.57.34/home" "Mozilla/5.0 (Windows NT 10.0; Win64; x64) AppleWebKit/537.36 (KHTML, like Gecko) Chrome/121.0.0.0 Safari/537.36 OPR/107.0.0.0"
10.80.87.67 - - [03/Mar/2024:18:51:46 +0000] "GET / HTTP/1.1" 500 1153418 "http://10.80.57.34/home" "Mozilla/5.0 (Windows NT 10.0; Win64; x64) AppleWebKit/537.36 (KHTML, like Gecko) Chrome/121.0.0.0 Safari/537.36 OPR/107.0.0.0"
10.70.20.211 - - [03/Mar/2024:18:51:48 +0000] "GET / HTTP/1.1" 500 1151423 "-" "Mozilla/5.0 (Windows NT 10.0; Win64; x64) AppleWebKit/537.36 (KHTML, like Gecko) Chrome/122.0.0.0 Safari/537.36"
10.70.20.211 - - [03/Mar/2024:18:51:50 +0000] "GET /favicon.ico HTTP/1.1" 200 0 "http://10.80.57.34/" "Mozilla/5.0 (Windows NT 10.0; Win64; x64) AppleWebKit/537.36 (KHTML, like Gecko) Chrome/122.0.0.0 Safari/537.36"
10.80.87.67 - - [03/Mar/2024:18:52:35 +0000] "GET / HTTP/1.1" 500 1153386 "http://10.80.57.34/home" "Mozilla/5.0 (Windows NT 10.0; Win64; x64) AppleWebKit/537.36 (KHTML, like Gecko) Chrome/121.0.0.0 Safari/537.36 OPR/107.0.0.0"
10.70.20.213 - - [03/Mar/2024:18:52:58 +0000] "GET /posts HTTP/1.1" 200 4387 "-" "Mozilla/5.0 (Windows NT 10.0; Win64; x64) AppleWebKit/537.36 (KHTML, like Gecko) Chrome/122.0.0.0 Safari/537.36"
10.70.20.213 - - [03/Mar/2024:18:52:58 +0000] "GET /uploads/posts/1709452476.png HTTP/1.1" 404 6622 "http://10.80.57.34/posts" "Mozilla/5.0 (Windows NT 10.0; Win64; x64) AppleWebKit/537.36 (KHTML, like Gecko) Chrome/122.0.0.0 Safari/537.36"
10.70.20.213 - - [03/Mar/2024:18:52:58 +0000] "GET /uploads/posts/1709452441.png HTTP/1.1" 404 6622 "http://10.80.57.34/posts" "Mozilla/5.0 (Windows NT 10.0; Win64; x64) AppleWebKit/537.36 (KHTML, like Gecko) Chrome/122.0.0.0 Safari/537.36"
10.80.87.67 - - [03/Mar/2024:18:53:27 +0000] "GET / HTTP/1.1" 500 1153402 "http://10.80.57.34/home" "Mozilla/5.0 (Windows NT 10.0; Win64; x64) AppleWebKit/537.36 (KHTML, like Gecko) Chrome/121.0.0.0 Safari/537.36 OPR/107.0.0.0"
10.80.87.67 - - [03/Mar/2024:18:55:53 +0000] "GET / HTTP/1.1" 500 1152334 "http://10.80.57.34/home" "Mozilla/5.0 (Windows NT 10.0; Win64; x64) AppleWebKit/537.36 (KHTML, like Gecko) Chrome/121.0.0.0 Safari/537.36 OPR/107.0.0.0"
10.80.87.67 - - [03/Mar/2024:18:57:04 +0000] "GET / HTTP/1.1" 200 2508 "http://10.80.57.34/home" "Mozilla/5.0 (Windows NT 10.0; Win64; x64) AppleWebKit/537.36 (KHTML, like Gecko) Chrome/121.0.0.0 Safari/537.36 OPR/107.0.0.0"
10.70.20.211 - - [03/Mar/2024:18:58:19 +0000] "GET / HTTP/1.1" 200 2508 "-" "Mozilla/5.0 (Windows NT 10.0; Win64; x64) AppleWebKit/537.36 (KHTML, like Gecko) Chrome/122.0.0.0 Safari/537.36"
10.30.42.124 - - [03/Mar/2024:18:58:47 +0000] "GET / HTTP/1.1" 200 2508 "-" "Mozilla/5.0 (Windows NT 10.0; Win64; x64) AppleWebKit/537.36 (KHTML, like Gecko) Chrome/122.0.0.0 Safari/537.36"
10.30.42.124 - - [03/Mar/2024:18:58:49 +0000] "GET / HTTP/1.1" 200 2508 "-" "Mozilla/5.0 (Windows NT 10.0; Win64; x64) AppleWebKit/537.36 (KHTML, like Gecko) Chrome/122.0.0.0 Safari/537.36"
10.80.87.67 - - [03/Mar/2024:19:05:15 +0000] "GET /register HTTP/1.1" 200 7397 "http://10.80.57.34/" "Mozilla/5.0 (Windows NT 10.0; Win64; x64) AppleWebKit/537.36 (KHTML, like Gecko) Chrome/121.0.0.0 Safari/537.36 OPR/107.0.0.0"
10.80.87.67 - - [03/Mar/2024:19:06:19 +0000] "GET /register HTTP/1.1" 200 7887 "http://10.80.57.34/" "Mozilla/5.0 (Windows NT 10.0; Win64; x64) AppleWebKit/537.36 (KHTML, like Gecko) Chrome/121.0.0.0 Safari/537.36 OPR/107.0.0.0"
10.70.20.42 - - [03/Mar/2024:19:09:00 +0000] "GET / HTTP/1.1" 200 2508 "-" "Mozilla/5.0 (Windows NT 10.0; Win64; x64) AppleWebKit/537.36 (KHTML, like Gecko) Chrome/122.0.0.0 Safari/537.36"
10.70.20.141 - - [03/Mar/2024:19:10:46 +0000] "GET / HTTP/1.1" 200 2508 "-" "Mozilla/5.0 (Windows NT 10.0; Win64; x64) AppleWebKit/537.36 (KHTML, like Gecko) Chrome/122.0.0.0 Safari/537.36"
10.70.20.58 - - [03/Mar/2024:19:11:09 +0000] "GET / HTTP/1.1" 200 2508 "http://10.80.57.34/" "Mozilla/5.0 (Windows NT 10.0; Win64; x64) AppleWebKit/537.36 (KHTML, like Gecko) Chrome/122.0.0.0 Safari/537.36 Edg/122.0.0.0"
10.70.20.58 - - [03/Mar/2024:19:11:10 +0000] "GET / HTTP/1.1" 200 2508 "http://10.80.57.34/" "Mozilla/5.0 (Windows NT 10.0; Win64; x64) AppleWebKit/537.36 (KHTML, like Gecko) Chrome/122.0.0.0 Safari/537.36 Edg/122.0.0.0"
10.70.20.58 - - [03/Mar/2024:19:11:10 +0000] "GET / HTTP/1.1" 200 2508 "http://10.80.57.34/" "Mozilla/5.0 (Windows NT 10.0; Win64; x64) AppleWebKit/537.36 (KHTML, like Gecko) Chrome/122.0.0.0 Safari/537.36 Edg/122.0.0.0"
10.70.20.58 - - [03/Mar/2024:19:11:11 +0000] "GET / HTTP/1.1" 200 2508 "http://10.80.57.34/" "Mozilla/5.0 (Windows NT 10.0; Win64; x64) AppleWebKit/537.36 (KHTML, like Gecko) Chrome/122.0.0.0 Safari/537.36 Edg/122.0.0.0"
10.70.20.58 - - [03/Mar/2024:19:11:49 +0000] "GET / HTTP/1.1" 200 2508 "-" "Mozilla/5.0 (Windows NT 10.0; Win64; x64) AppleWebKit/537.36 (KHTML, like Gecko) Chrome/122.0.0.0 Safari/537.36 Edg/122.0.0.0"
10.70.20.58 - - [03/Mar/2024:19:11:51 +0000] "GET / HTTP/1.1" 200 2508 "-" "Mozilla/5.0 (Windows NT 10.0; Win64; x64) AppleWebKit/537.36 (KHTML, like Gecko) Chrome/122.0.0.0 Safari/537.36 Edg/122.0.0.0"
10.70.20.58 - - [03/Mar/2024:19:11:52 +0000] "GET / HTTP/1.1" 200 2508 "http://10.80.57.34/" "Mozilla/5.0 (Windows NT 10.0; Win64; x64) AppleWebKit/537.36 (KHTML, like Gecko) Chrome/122.0.0.0 Safari/537.36 Edg/122.0.0.0"
10.70.20.58 - - [03/Mar/2024:19:11:55 +0000] "GET /register HTTP/1.1" 200 7887 "http://10.80.57.34/" "Mozilla/5.0 (Windows NT 10.0; Win64; x64) AppleWebKit/537.36 (KHTML, like Gecko) Chrome/122.0.0.0 Safari/537.36 Edg/122.0.0.0"
10.70.20.42 - - [03/Mar/2024:19:12:17 +0000] "GET / HTTP/1.1" 200 2508 "-" "Mozilla/5.0 (Windows NT 10.0; Win64; x64) AppleWebKit/537.36 (KHTML, like Gecko) Chrome/122.0.0.0 Safari/537.36"
10.70.20.58 - - [03/Mar/2024:19:14:54 +0000] "GET / HTTP/1.1" 200 2508 "-" "Mozilla/5.0 (Windows NT 10.0; Win64; x64) AppleWebKit/537.36 (KHTML, like Gecko) Chrome/122.0.0.0 Safari/537.36 Edg/122.0.0.0"
10.70.20.58 - - [03/Mar/2024:19:14:56 +0000] "GET /login HTTP/1.1" 200 6388 "http://10.80.57.34/" "Mozilla/5.0 (Windows NT 10.0; Win64; x64) AppleWebKit/537.36 (KHTML, like Gecko) Chrome/122.0.0.0 Safari/537.36 Edg/122.0.0.0"
10.70.20.58 - - [03/Mar/2024:19:14:59 +0000] "GET /password/reset HTTP/1.1" 200 4153 "http://10.80.57.34/login" "Mozilla/5.0 (Windows NT 10.0; Win64; x64) AppleWebKit/537.36 (KHTML, like Gecko) Chrome/122.0.0.0 Safari/537.36 Edg/122.0.0.0"
10.70.20.58 - - [03/Mar/2024:19:15:09 +0000] "GET /password/reset HTTP/1.1" 200 4153 "http://10.80.57.34/login" "Mozilla/5.0 (Windows NT 10.0; Win64; x64) AppleWebKit/537.36 (KHTML, like Gecko) Chrome/122.0.0.0 Safari/537.36 Edg/122.0.0.0"
10.70.20.42 - - [03/Mar/2024:19:15:13 +0000] "GET / HTTP/1.1" 200 2508 "-" "Mozilla/5.0 (Windows NT 10.0; Win64; x64) AppleWebKit/537.36 (KHTML, like Gecko) Chrome/122.0.0.0 Safari/537.36"
10.70.20.213 - - [03/Mar/2024:19:15:14 +0000] "GET / HTTP/1.1" 200 2508 "-" "Mozilla/5.0 (Windows NT 10.0; Win64; x64) AppleWebKit/537.36 (KHTML, like Gecko) Chrome/122.0.0.0 Safari/537.36"
10.70.20.58 - - [03/Mar/2024:19:15:14 +0000] "GET / HTTP/1.1" 200 2508 "http://10.80.57.34/login" "Mozilla/5.0 (Windows NT 10.0; Win64; x64) AppleWebKit/537.36 (KHTML, like Gecko) Chrome/122.0.0.0 Safari/537.36 Edg/122.0.0.0"
10.70.20.58 - - [03/Mar/2024:19:15:16 +0000] "GET /login HTTP/1.1" 200 6388 "http://10.80.57.34/" "Mozilla/5.0 (Windows NT 10.0; Win64; x64) AppleWebKit/537.36 (KHTML, like Gecko) Chrome/122.0.0.0 Safari/537.36 Edg/122.0.0.0"
10.70.20.42 - - [03/Mar/2024:19:15:17 +0000] "GET /register HTTP/1.1" 200 7887 "http://10.80.57.34/" "Mozilla/5.0 (Windows NT 10.0; Win64; x64) AppleWebKit/537.36 (KHTML, like Gecko) Chrome/122.0.0.0 Safari/537.36"
10.70.20.42 - - [03/Mar/2024:19:15:18 +0000] "GET /login HTTP/1.1" 200 6388 "http://10.80.57.34/register" "Mozilla/5.0 (Windows NT 10.0; Win64; x64) AppleWebKit/537.36 (KHTML, like Gecko) Chrome/122.0.0.0 Safari/537.36"
10.70.20.58 - - [03/Mar/2024:19:15:20 +0000] "GET /register HTTP/1.1" 200 7887 "http://10.80.57.34/login" "Mozilla/5.0 (Windows NT 10.0; Win64; x64) AppleWebKit/537.36 (KHTML, like Gecko) Chrome/122.0.0.0 Safari/537.36 Edg/122.0.0.0"
10.70.20.42 - - [03/Mar/2024:19:15:25 +0000] "POST /login HTTP/1.1" 499 0 "http://10.80.57.34/login" "Mozilla/5.0 (Windows NT 10.0; Win64; x64) AppleWebKit/537.36 (KHTML, like Gecko) Chrome/122.0.0.0 Safari/537.36"
10.70.20.42 - - [03/Mar/2024:19:15:27 +0000] "POST /login HTTP/1.1" 302 354 "http://10.80.57.34/login" "Mozilla/5.0 (Windows NT 10.0; Win64; x64) AppleWebKit/537.36 (KHTML, like Gecko) Chrome/122.0.0.0 Safari/537.36"
10.70.20.42 - - [03/Mar/2024:19:15:28 +0000] "GET /login HTTP/1.1" 200 6671 "http://10.80.57.34/login" "Mozilla/5.0 (Windows NT 10.0; Win64; x64) AppleWebKit/537.36 (KHTML, like Gecko) Chrome/122.0.0.0 Safari/537.36"
10.70.20.58 - - [03/Mar/2024:19:15:39 +0000] "GET / HTTP/1.1" 200 2306 "http://10.80.57.34/register" "Mozilla/5.0 (Windows NT 10.0; Win64; x64) AppleWebKit/537.36 (KHTML, like Gecko) Chrome/122.0.0.0 Safari/537.36 Edg/122.0.0.0"
10.70.20.141 - - [03/Mar/2024:19:15:45 +0000] "GET / HTTP/1.1" 200 2306 "-" "Mozilla/5.0 (Windows NT 10.0; Win64; x64) AppleWebKit/537.36 (KHTML, like Gecko) Chrome/122.0.0.0 Safari/537.36"
10.80.87.67 - - [03/Mar/2024:19:17:54 +0000] "GET /register HTTP/1.1" 200 7845 "http://10.80.57.34/" "Mozilla/5.0 (Windows NT 10.0; Win64; x64) AppleWebKit/537.36 (KHTML, like Gecko) Chrome/121.0.0.0 Safari/537.36 OPR/107.0.0.0"
10.80.87.67 - - [03/Mar/2024:19:18:26 +0000] "POST /register HTTP/1.1" 500 1196849 "http://10.80.57.34/register" "Mozilla/5.0 (Windows NT 10.0; Win64; x64) AppleWebKit/537.36 (KHTML, like Gecko) Chrome/121.0.0.0 Safari/537.36 OPR/107.0.0.0"
10.70.20.58 - - [03/Mar/2024:19:20:57 +0000] "GET / HTTP/1.1" 200 2306 "-" "Mozilla/5.0 (Windows NT 10.0; Win64; x64) AppleWebKit/537.36 (KHTML, like Gecko) Chrome/122.0.0.0 Safari/537.36 Edg/122.0.0.0"
10.70.20.58 - - [03/Mar/2024:19:20:59 +0000] "GET / HTTP/1.1" 200 2306 "-" "Mozilla/5.0 (Windows NT 10.0; Win64; x64) AppleWebKit/537.36 (KHTML, like Gecko) Chrome/122.0.0.0 Safari/537.36 Edg/122.0.0.0"
10.70.20.58 - - [03/Mar/2024:19:21:00 +0000] "GET / HTTP/1.1" 200 2306 "-" "Mozilla/5.0 (Windows NT 10.0; Win64; x64) AppleWebKit/537.36 (KHTML, like Gecko) Chrome/122.0.0.0 Safari/537.36 Edg/122.0.0.0"
10.70.20.58 - - [03/Mar/2024:19:21:01 +0000] "GET / HTTP/1.1" 200 2306 "-" "Mozilla/5.0 (Windows NT 10.0; Win64; x64) AppleWebKit/537.36 (KHTML, like Gecko) Chrome/122.0.0.0 Safari/537.36 Edg/122.0.0.0"
10.70.20.58 - - [03/Mar/2024:19:21:01 +0000] "GET / HTTP/1.1" 200 2306 "-" "Mozilla/5.0 (Windows NT 10.0; Win64; x64) AppleWebKit/537.36 (KHTML, like Gecko) Chrome/122.0.0.0 Safari/537.36 Edg/122.0.0.0"
10.70.20.58 - - [03/Mar/2024:19:21:02 +0000] "GET /login HTTP/1.1" 200 6388 "http://10.80.57.34/" "Mozilla/5.0 (Windows NT 10.0; Win64; x64) AppleWebKit/537.36 (KHTML, like Gecko) Chrome/122.0.0.0 Safari/537.36 Edg/122.0.0.0"
10.70.20.58 - - [03/Mar/2024:19:21:05 +0000] "GET /password/reset HTTP/1.1" 200 4153 "http://10.80.57.34/login" "Mozilla/5.0 (Windows NT 10.0; Win64; x64) AppleWebKit/537.36 (KHTML, like Gecko) Chrome/122.0.0.0 Safari/537.36 Edg/122.0.0.0"
10.70.20.58 - - [03/Mar/2024:19:21:10 +0000] "GET / HTTP/1.1" 200 2306 "-" "Mozilla/5.0 (Windows NT 10.0; Win64; x64) AppleWebKit/537.36 (KHTML, like Gecko) Chrome/122.0.0.0 Safari/537.36 Edg/122.0.0.0"
10.70.20.58 - - [03/Mar/2024:19:24:45 +0000] "GET / HTTP/1.1" 200 2306 "-" "Mozilla/5.0 (Windows NT 10.0; Win64; x64) AppleWebKit/537.36 (KHTML, like Gecko) Chrome/122.0.0.0 Safari/537.36 Edg/122.0.0.0"
10.70.20.58 - - [03/Mar/2024:19:24:45 +0000] "GET / HTTP/1.1" 499 0 "-" "Mozilla/5.0 (Windows NT 10.0; Win64; x64) AppleWebKit/537.36 (KHTML, like Gecko) Chrome/122.0.0.0 Safari/537.36 Edg/122.0.0.0"
10.70.20.58 - - [03/Mar/2024:19:24:46 +0000] "GET / HTTP/1.1" 499 0 "-" "Mozilla/5.0 (Windows NT 10.0; Win64; x64) AppleWebKit/537.36 (KHTML, like Gecko) Chrome/122.0.0.0 Safari/537.36 Edg/122.0.0.0"
10.70.20.58 - - [03/Mar/2024:19:24:46 +0000] "GET / HTTP/1.1" 200 2306 "-" "Mozilla/5.0 (Windows NT 10.0; Win64; x64) AppleWebKit/537.36 (KHTML, like Gecko) Chrome/122.0.0.0 Safari/537.36 Edg/122.0.0.0"
10.70.20.58 - - [03/Mar/2024:19:24:46 +0000] "GET / HTTP/1.1" 499 0 "-" "Mozilla/5.0 (Windows NT 10.0; Win64; x64) AppleWebKit/537.36 (KHTML, like Gecko) Chrome/122.0.0.0 Safari/537.36 Edg/122.0.0.0"
10.70.20.58 - - [03/Mar/2024:19:24:47 +0000] "GET / HTTP/1.1" 200 2306 "-" "Mozilla/5.0 (Windows NT 10.0; Win64; x64) AppleWebKit/537.36 (KHTML, like Gecko) Chrome/122.0.0.0 Safari/537.36 Edg/122.0.0.0"
10.80.87.67 - - [03/Mar/2024:19:24:50 +0000] "POST /register HTTP/1.1" 500 1196635 "http://10.80.57.34/register" "Mozilla/5.0 (Windows NT 10.0; Win64; x64) AppleWebKit/537.36 (KHTML, like Gecko) Chrome/121.0.0.0 Safari/537.36 OPR/107.0.0.0"
10.70.20.58 - - [03/Mar/2024:19:26:07 +0000] "GET / HTTP/1.1" 200 2306 "-" "Mozilla/5.0 (Windows NT 10.0; Win64; x64) AppleWebKit/537.36 (KHTML, like Gecko) Chrome/122.0.0.0 Safari/537.36 Edg/122.0.0.0"
10.70.20.58 - - [03/Mar/2024:19:26:09 +0000] "GET / HTTP/1.1" 200 2306 "-" "Mozilla/5.0 (Windows NT 10.0; Win64; x64) AppleWebKit/537.36 (KHTML, like Gecko) Chrome/122.0.0.0 Safari/537.36 Edg/122.0.0.0"
10.70.20.58 - - [03/Mar/2024:19:26:10 +0000] "GET / HTTP/1.1" 499 0 "-" "Mozilla/5.0 (Windows NT 10.0; Win64; x64) AppleWebKit/537.36 (KHTML, like Gecko) Chrome/122.0.0.0 Safari/537.36 Edg/122.0.0.0"
10.70.20.58 - - [03/Mar/2024:19:26:10 +0000] "GET / HTTP/1.1" 499 0 "-" "Mozilla/5.0 (Windows NT 10.0; Win64; x64) AppleWebKit/537.36 (KHTML, like Gecko) Chrome/122.0.0.0 Safari/537.36 Edg/122.0.0.0"
10.70.20.58 - - [03/Mar/2024:19:26:10 +0000] "GET / HTTP/1.1" 499 0 "-" "Mozilla/5.0 (Windows NT 10.0; Win64; x64) AppleWebKit/537.36 (KHTML, like Gecko) Chrome/122.0.0.0 Safari/537.36 Edg/122.0.0.0"
10.70.20.58 - - [03/Mar/2024:19:26:10 +0000] "GET / HTTP/1.1" 499 0 "-" "Mozilla/5.0 (Windows NT 10.0; Win64; x64) AppleWebKit/537.36 (KHTML, like Gecko) Chrome/122.0.0.0 Safari/537.36 Edg/122.0.0.0"
10.70.20.58 - - [03/Mar/2024:19:26:10 +0000] "GET / HTTP/1.1" 200 2306 "-" "Mozilla/5.0 (Windows NT 10.0; Win64; x64) AppleWebKit/537.36 (KHTML, like Gecko) Chrome/122.0.0.0 Safari/537.36 Edg/122.0.0.0"
10.80.87.67 - - [03/Mar/2024:19:26:47 +0000] "POST /register HTTP/1.1" 500 1126731 "http://10.80.57.34/register" "Mozilla/5.0 (Windows NT 10.0; Win64; x64) AppleWebKit/537.36 (KHTML, like Gecko) Chrome/121.0.0.0 Safari/537.36 OPR/107.0.0.0"
10.80.87.67 - - [03/Mar/2024:19:27:02 +0000] "POST /register HTTP/1.1" 500 1197744 "http://10.80.57.34/register" "Mozilla/5.0 (Windows NT 10.0; Win64; x64) AppleWebKit/537.36 (KHTML, like Gecko) Chrome/121.0.0.0 Safari/537.36 OPR/107.0.0.0"
10.80.87.67 - - [03/Mar/2024:19:28:48 +0000] "POST /register HTTP/1.1" 302 350 "http://10.80.57.34/register" "Mozilla/5.0 (Windows NT 10.0; Win64; x64) AppleWebKit/537.36 (KHTML, like Gecko) Chrome/121.0.0.0 Safari/537.36 OPR/107.0.0.0"
10.80.87.67 - - [03/Mar/2024:19:28:48 +0000] "GET /home HTTP/1.1" 200 3946 "http://10.80.57.34/register" "Mozilla/5.0 (Windows NT 10.0; Win64; x64) AppleWebKit/537.36 (KHTML, like Gecko) Chrome/121.0.0.0 Safari/537.36 OPR/107.0.0.0"
10.80.87.67 - - [03/Mar/2024:19:29:11 +0000] "GET /register HTTP/1.1" 200 7845 "http://10.80.57.34/" "Mozilla/5.0 (Windows NT 10.0; Win64; x64) AppleWebKit/537.36 (KHTML, like Gecko) Chrome/121.0.0.0 Safari/537.36 OPR/107.0.0.0"
10.80.87.67 - - [03/Mar/2024:19:29:25 +0000] "POST /register HTTP/1.1" 302 350 "http://10.80.57.34/register" "Mozilla/5.0 (Windows NT 10.0; Win64; x64) AppleWebKit/537.36 (KHTML, like Gecko) Chrome/121.0.0.0 Safari/537.36 OPR/107.0.0.0"
10.80.87.67 - - [03/Mar/2024:19:29:25 +0000] "GET /home HTTP/1.1" 200 3946 "http://10.80.57.34/register" "Mozilla/5.0 (Windows NT 10.0; Win64; x64) AppleWebKit/537.36 (KHTML, like Gecko) Chrome/121.0.0.0 Safari/537.36 OPR/107.0.0.0"
10.70.20.213 - - [03/Mar/2024:19:30:48 +0000] "GET / HTTP/1.1" 200 2306 "-" "Mozilla/5.0 (Windows NT 10.0; Win64; x64) AppleWebKit/537.36 (KHTML, like Gecko) Chrome/122.0.0.0 Safari/537.36"
10.70.20.213 - - [03/Mar/2024:19:30:50 +0000] "GET /login HTTP/1.1" 200 6388 "http://10.80.57.34/" "Mozilla/5.0 (Windows NT 10.0; Win64; x64) AppleWebKit/537.36 (KHTML, like Gecko) Chrome/122.0.0.0 Safari/537.36"
10.70.20.213 - - [03/Mar/2024:19:30:56 +0000] "POST /login HTTP/1.1" 302 350 "http://10.80.57.34/login" "Mozilla/5.0 (Windows NT 10.0; Win64; x64) AppleWebKit/537.36 (KHTML, like Gecko) Chrome/122.0.0.0 Safari/537.36"
10.70.20.213 - - [03/Mar/2024:19:30:56 +0000] "GET /home HTTP/1.1" 200 3947 "http://10.80.57.34/login" "Mozilla/5.0 (Windows NT 10.0; Win64; x64) AppleWebKit/537.36 (KHTML, like Gecko) Chrome/122.0.0.0 Safari/537.36"
10.80.87.67 - - [03/Mar/2024:19:33:05 +0000] "GET /register HTTP/1.1" 302 350 "http://10.80.57.34/" "Mozilla/5.0 (Windows NT 10.0; Win64; x64) AppleWebKit/537.36 (KHTML, like Gecko) Chrome/121.0.0.0 Safari/537.36 OPR/107.0.0.0"
10.80.87.67 - - [03/Mar/2024:19:33:11 +0000] "GET /register HTTP/1.1" 302 350 "http://10.80.57.34/" "Mozilla/5.0 (Windows NT 10.0; Win64; x64) AppleWebKit/537.36 (KHTML, like Gecko) Chrome/121.0.0.0 Safari/537.36 OPR/107.0.0.0"
10.80.87.67 - - [03/Mar/2024:19:33:11 +0000] "GET /home HTTP/1.1" 200 3946 "http://10.80.57.34/" "Mozilla/5.0 (Windows NT 10.0; Win64; x64) AppleWebKit/537.36 (KHTML, like Gecko) Chrome/121.0.0.0 Safari/537.36 OPR/107.0.0.0"
10.80.87.67 - - [03/Mar/2024:19:33:26 +0000] "GET /posts/create HTTP/1.1" 200 6124 "http://10.80.57.34/home" "Mozilla/5.0 (Windows NT 10.0; Win64; x64) AppleWebKit/537.36 (KHTML, like Gecko) Chrome/121.0.0.0 Safari/537.36 OPR/107.0.0.0"
10.80.87.67 - - [03/Mar/2024:19:33:39 +0000] "POST /posts/create HTTP/1.1" 302 382 "http://10.80.57.34/posts/create" "Mozilla/5.0 (Windows NT 10.0; Win64; x64) AppleWebKit/537.36 (KHTML, like Gecko) Chrome/121.0.0.0 Safari/537.36 OPR/107.0.0.0"
10.80.87.67 - - [03/Mar/2024:19:33:40 +0000] "GET /posts/create HTTP/1.1" 200 6137 "http://10.80.57.34/posts/create" "Mozilla/5.0 (Windows NT 10.0; Win64; x64) AppleWebKit/537.36 (KHTML, like Gecko) Chrome/121.0.0.0 Safari/537.36 OPR/107.0.0.0"
10.80.87.67 - - [03/Mar/2024:19:33:59 +0000] "POST /posts/create HTTP/1.1" 302 382 "http://10.80.57.34/posts/create" "Mozilla/5.0 (Windows NT 10.0; Win64; x64) AppleWebKit/537.36 (KHTML, like Gecko) Chrome/121.0.0.0 Safari/537.36 OPR/107.0.0.0"
10.80.87.67 - - [03/Mar/2024:19:33:59 +0000] "GET /posts/create HTTP/1.1" 200 6137 "http://10.80.57.34/posts/create" "Mozilla/5.0 (Windows NT 10.0; Win64; x64) AppleWebKit/537.36 (KHTML, like Gecko) Chrome/121.0.0.0 Safari/537.36 OPR/107.0.0.0"
10.80.87.67 - - [03/Mar/2024:19:34:16 +0000] "GET / HTTP/1.1" 200 2828 "-" "Mozilla/5.0 (Windows NT 10.0; Win64; x64) AppleWebKit/537.36 (KHTML, like Gecko) Chrome/121.0.0.0 Safari/537.36 OPR/107.0.0.0"
10.80.87.67 - - [03/Mar/2024:19:34:32 +0000] "GET / HTTP/1.1" 200 2306 "-" "Mozilla/5.0 (Windows NT 10.0; Win64; x64) AppleWebKit/537.36 (KHTML, like Gecko) Chrome/121.0.0.0 Safari/537.36 OPR/107.0.0.0"
10.80.87.67 - - [03/Mar/2024:19:34:34 +0000] "GET /register HTTP/1.1" 200 7845 "http://10.80.57.34/" "Mozilla/5.0 (Windows NT 10.0; Win64; x64) AppleWebKit/537.36 (KHTML, like Gecko) Chrome/121.0.0.0 Safari/537.36 OPR/107.0.0.0"
10.80.87.67 - - [03/Mar/2024:19:34:58 +0000] "POST /register HTTP/1.1" 302 350 "http://10.80.57.34/register" "Mozilla/5.0 (Windows NT 10.0; Win64; x64) AppleWebKit/537.36 (KHTML, like Gecko) Chrome/121.0.0.0 Safari/537.36 OPR/107.0.0.0"
10.80.87.67 - - [03/Mar/2024:19:34:59 +0000] "GET /home HTTP/1.1" 200 3939 "http://10.80.57.34/register" "Mozilla/5.0 (Windows NT 10.0; Win64; x64) AppleWebKit/537.36 (KHTML, like Gecko) Chrome/121.0.0.0 Safari/537.36 OPR/107.0.0.0"
10.80.87.67 - - [03/Mar/2024:19:35:21 +0000] "GET /posts/create HTTP/1.1" 200 6124 "http://10.80.57.34/home" "Mozilla/5.0 (Windows NT 10.0; Win64; x64) AppleWebKit/537.36 (KHTML, like Gecko) Chrome/121.0.0.0 Safari/537.36 OPR/107.0.0.0"
10.80.87.67 - - [03/Mar/2024:19:35:33 +0000] "POST /posts/create HTTP/1.1" 302 382 "http://10.80.57.34/posts/create" "Mozilla/5.0 (Windows NT 10.0; Win64; x64) AppleWebKit/537.36 (KHTML, like Gecko) Chrome/121.0.0.0 Safari/537.36 OPR/107.0.0.0"
10.80.87.67 - - [03/Mar/2024:19:35:33 +0000] "GET /posts/create HTTP/1.1" 200 6136 "http://10.80.57.34/posts/create" "Mozilla/5.0 (Windows NT 10.0; Win64; x64) AppleWebKit/537.36 (KHTML, like Gecko) Chrome/121.0.0.0 Safari/537.36 OPR/107.0.0.0"
10.80.87.67 - - [03/Mar/2024:19:36:02 +0000] "POST /posts/create HTTP/1.1" 302 382 "http://10.80.57.34/posts/create" "Mozilla/5.0 (Windows NT 10.0; Win64; x64) AppleWebKit/537.36 (KHTML, like Gecko) Chrome/121.0.0.0 Safari/537.36 OPR/107.0.0.0"
10.80.87.67 - - [03/Mar/2024:19:36:02 +0000] "GET /posts/create HTTP/1.1" 200 6130 "http://10.80.57.34/posts/create" "Mozilla/5.0 (Windows NT 10.0; Win64; x64) AppleWebKit/537.36 (KHTML, like Gecko) Chrome/121.0.0.0 Safari/537.36 OPR/107.0.0.0"
10.80.87.67 - - [03/Mar/2024:19:36:16 +0000] "GET /register HTTP/1.1" 302 350 "http://10.80.57.34/" "Mozilla/5.0 (Windows NT 10.0; Win64; x64) AppleWebKit/537.36 (KHTML, like Gecko) Chrome/121.0.0.0 Safari/537.36 OPR/107.0.0.0"
10.80.87.67 - - [03/Mar/2024:19:36:19 +0000] "GET / HTTP/1.1" 200 2828 "-" "Mozilla/5.0 (Windows NT 10.0; Win64; x64) AppleWebKit/537.36 (KHTML, like Gecko) Chrome/121.0.0.0 Safari/537.36 OPR/107.0.0.0"
10.80.87.67 - - [03/Mar/2024:19:36:25 +0000] "GET / HTTP/1.1" 200 2828 "-" "Mozilla/5.0 (Windows NT 10.0; Win64; x64) AppleWebKit/537.36 (KHTML, like Gecko) Chrome/121.0.0.0 Safari/537.36 OPR/107.0.0.0"
10.80.87.67 - - [03/Mar/2024:19:36:33 +0000] "GET / HTTP/1.1" 200 2306 "-" "Mozilla/5.0 (Windows NT 10.0; Win64; x64) AppleWebKit/537.36 (KHTML, like Gecko) Chrome/121.0.0.0 Safari/537.36 OPR/107.0.0.0"
10.80.87.67 - - [03/Mar/2024:19:36:38 +0000] "GET /register HTTP/1.1" 200 7845 "http://10.80.57.34/" "Mozilla/5.0 (Windows NT 10.0; Win64; x64) AppleWebKit/537.36 (KHTML, like Gecko) Chrome/121.0.0.0 Safari/537.36 OPR/107.0.0.0"
10.80.83.255 - - [03/Mar/2024:19:44:48 +0000] "GET / HTTP/1.1" 200 2306 "-" "Mozilla/5.0 (Windows NT 10.0; Win64; x64) AppleWebKit/537.36 (KHTML, like Gecko) Chrome/122.0.0.0 Safari/537.36"
10.80.83.255 - - [03/Mar/2024:19:44:48 +0000] "GET /favicon.ico HTTP/1.1" 200 0 "http://10.80.57.34/" "Mozilla/5.0 (Windows NT 10.0; Win64; x64) AppleWebKit/537.36 (KHTML, like Gecko) Chrome/122.0.0.0 Safari/537.36"
10.80.83.255 - - [03/Mar/2024:19:44:54 +0000] "GET /home HTTP/1.1" 302 354 "-" "Mozilla/5.0 (Windows NT 10.0; Win64; x64) AppleWebKit/537.36 (KHTML, like Gecko) Chrome/122.0.0.0 Safari/537.36"
10.80.83.255 - - [03/Mar/2024:19:44:54 +0000] "GET /login HTTP/1.1" 200 6388 "-" "Mozilla/5.0 (Windows NT 10.0; Win64; x64) AppleWebKit/537.36 (KHTML, like Gecko) Chrome/122.0.0.0 Safari/537.36"
10.80.83.255 - - [03/Mar/2024:19:45:06 +0000] "POST /login HTTP/1.1" 302 354 "http://10.80.57.34/login" "Mozilla/5.0 (Windows NT 10.0; Win64; x64) AppleWebKit/537.36 (KHTML, like Gecko) Chrome/122.0.0.0 Safari/537.36"
10.80.83.255 - - [03/Mar/2024:19:45:06 +0000] "GET /login HTTP/1.1" 200 6671 "http://10.80.57.34/login" "Mozilla/5.0 (Windows NT 10.0; Win64; x64) AppleWebKit/537.36 (KHTML, like Gecko) Chrome/122.0.0.0 Safari/537.36"
10.80.87.67 - - [03/Mar/2024:19:48:44 +0000] "GET /register HTTP/1.1" 200 7397 "http://10.80.57.34/" "Mozilla/5.0 (Windows NT 10.0; Win64; x64) AppleWebKit/537.36 (KHTML, like Gecko) Chrome/121.0.0.0 Safari/537.36 OPR/107.0.0.0"
10.80.87.67 - - [03/Mar/2024:19:49:00 +0000] "POST /register HTTP/1.1" 302 350 "http://10.80.57.34/register" "Mozilla/5.0 (Windows NT 10.0; Win64; x64) AppleWebKit/537.36 (KHTML, like Gecko) Chrome/121.0.0.0 Safari/537.36 OPR/107.0.0.0"
10.80.87.67 - - [03/Mar/2024:19:49:01 +0000] "GET /home HTTP/1.1" 200 3946 "http://10.80.57.34/register" "Mozilla/5.0 (Windows NT 10.0; Win64; x64) AppleWebKit/537.36 (KHTML, like Gecko) Chrome/121.0.0.0 Safari/537.36 OPR/107.0.0.0"
10.80.87.67 - - [03/Mar/2024:19:49:59 +0000] "GET /editprofile HTTP/1.1" 200 10345 "-" "Mozilla/5.0 (Windows NT 10.0; Win64; x64) AppleWebKit/537.36 (KHTML, like Gecko) Chrome/121.0.0.0 Safari/537.36 OPR/107.0.0.0"
10.80.87.67 - - [03/Mar/2024:19:49:59 +0000] "GET /uploads/propic/image.png HTTP/1.1" 304 0 "http://10.80.57.34/editprofile" "Mozilla/5.0 (Windows NT 10.0; Win64; x64) AppleWebKit/537.36 (KHTML, like Gecko) Chrome/121.0.0.0 Safari/537.36 OPR/107.0.0.0"
10.80.87.67 - - [03/Mar/2024:19:50:07 +0000] "GET /posts/create HTTP/1.1" 200 6118 "http://10.80.57.34/editprofile" "Mozilla/5.0 (Windows NT 10.0; Win64; x64) AppleWebKit/537.36 (KHTML, like Gecko) Chrome/121.0.0.0 Safari/537.36 OPR/107.0.0.0"
10.80.87.67 - - [03/Mar/2024:19:50:16 +0000] "POST /posts/create HTTP/1.1" 302 382 "http://10.80.57.34/posts/create" "Mozilla/5.0 (Windows NT 10.0; Win64; x64) AppleWebKit/537.36 (KHTML, like Gecko) Chrome/121.0.0.0 Safari/537.36 OPR/107.0.0.0"
10.80.87.67 - - [03/Mar/2024:19:50:17 +0000] "GET /posts/create HTTP/1.1" 200 6131 "http://10.80.57.34/posts/create" "Mozilla/5.0 (Windows NT 10.0; Win64; x64) AppleWebKit/537.36 (KHTML, like Gecko) Chrome/121.0.0.0 Safari/537.36 OPR/107.0.0.0"
10.70.20.166 - - [03/Mar/2024:19:55:20 +0000] "GET / HTTP/1.1" 200 2306 "-" "Mozilla/5.0 (Windows NT 10.0; Win64; x64) AppleWebKit/537.36 (KHTML, like Gecko) Chrome/122.0.0.0 Safari/537.36 Edg/122.0.0.0"
10.70.20.141 - - [03/Mar/2024:20:07:23 +0000] "GET / HTTP/1.1" 200 2306 "-" "Mozilla/5.0 (Windows NT 10.0; Win64; x64) AppleWebKit/537.36 (KHTML, like Gecko) Chrome/122.0.0.0 Safari/537.36"
10.70.20.141 - - [03/Mar/2024:20:21:15 +0000] "GET / HTTP/1.1" 200 2306 "-" "Mozilla/5.0 (Windows NT 10.0; Win64; x64) AppleWebKit/537.36 (KHTML, like Gecko) Chrome/122.0.0.0 Safari/537.36"
10.70.20.141 - - [03/Mar/2024:20:21:20 +0000] "GET /register HTTP/1.1" 200 7397 "http://10.80.57.34/" "Mozilla/5.0 (Windows NT 10.0; Win64; x64) AppleWebKit/537.36 (KHTML, like Gecko) Chrome/122.0.0.0 Safari/537.36"
10.70.20.141 - - [03/Mar/2024:20:21:30 +0000] "GET /login HTTP/1.1" 200 6388 "http://10.80.57.34/register" "Mozilla/5.0 (Windows NT 10.0; Win64; x64) AppleWebKit/537.36 (KHTML, like Gecko) Chrome/122.0.0.0 Safari/537.36"
10.70.20.141 - - [03/Mar/2024:20:22:05 +0000] "GET /password/reset HTTP/1.1" 200 4153 "http://10.80.57.34/login" "Mozilla/5.0 (Windows NT 10.0; Win64; x64) AppleWebKit/537.36 (KHTML, like Gecko) Chrome/122.0.0.0 Safari/537.36"
10.80.87.67 - - [03/Mar/2024:20:30:50 +0000] "GET /posts/create HTTP/1.1" 200 5967 "http://10.80.57.34/posts/create" "Mozilla/5.0 (Windows NT 10.0; Win64; x64) AppleWebKit/537.36 (KHTML, like Gecko) Chrome/121.0.0.0 Safari/537.36 OPR/107.0.0.0"
10.80.87.67 - - [03/Mar/2024:20:31:00 +0000] "GET / HTTP/1.1" 500 141424 "-" "Mozilla/5.0 (Windows NT 10.0; Win64; x64) AppleWebKit/537.36 (KHTML, like Gecko) Chrome/121.0.0.0 Safari/537.36 OPR/107.0.0.0"
10.80.87.67 - - [03/Mar/2024:20:31:00 +0000] "GET / HTTP/1.1" 500 1220317 "-" "Mozilla/5.0 (Windows NT 10.0; Win64; x64) AppleWebKit/537.36 (KHTML, like Gecko) Chrome/121.0.0.0 Safari/537.36 OPR/107.0.0.0"
10.70.20.213 - - [03/Mar/2024:20:36:32 +0000] "GET / HTTP/1.1" 200 4802 "-" "Mozilla/5.0 (Windows NT 10.0; Win64; x64) AppleWebKit/537.36 (KHTML, like Gecko) Chrome/122.0.0.0 Safari/537.36"
10.70.20.213 - - [03/Mar/2024:20:36:33 +0000] "GET /uploads/posts/1709452441.png HTTP/1.1" 404 6622 "http://10.80.57.34/" "Mozilla/5.0 (Windows NT 10.0; Win64; x64) AppleWebKit/537.36 (KHTML, like Gecko) Chrome/122.0.0.0 Safari/537.36"
10.70.20.213 - - [03/Mar/2024:20:36:33 +0000] "GET /uploads/posts/1709452476.png HTTP/1.1" 404 6622 "http://10.80.57.34/" "Mozilla/5.0 (Windows NT 10.0; Win64; x64) AppleWebKit/537.36 (KHTML, like Gecko) Chrome/122.0.0.0 Safari/537.36"
10.80.87.67 - - [03/Mar/2024:20:36:52 +0000] "GET / HTTP/1.1" 200 4801 "-" "Mozilla/5.0 (Windows NT 10.0; Win64; x64) AppleWebKit/537.36 (KHTML, like Gecko) Chrome/121.0.0.0 Safari/537.36 OPR/107.0.0.0"
10.80.87.67 - - [03/Mar/2024:20:36:52 +0000] "GET /uploads/posts/1709452441.png HTTP/1.1" 404 6622 "http://10.80.57.34/" "Mozilla/5.0 (Windows NT 10.0; Win64; x64) AppleWebKit/537.36 (KHTML, like Gecko) Chrome/121.0.0.0 Safari/537.36 OPR/107.0.0.0"
10.80.87.67 - - [03/Mar/2024:20:36:52 +0000] "GET /uploads/posts/1709452476.png HTTP/1.1" 404 6622 "http://10.80.57.34/" "Mozilla/5.0 (Windows NT 10.0; Win64; x64) AppleWebKit/537.36 (KHTML, like Gecko) Chrome/121.0.0.0 Safari/537.36 OPR/107.0.0.0"
10.80.87.67 - - [03/Mar/2024:20:37:05 +0000] "GET / HTTP/1.1" 200 4186 "-" "Mozilla/5.0 (Windows NT 10.0; Win64; x64) AppleWebKit/537.36 (KHTML, like Gecko) Chrome/121.0.0.0 Safari/537.36 OPR/107.0.0.0"
10.80.87.67 - - [03/Mar/2024:20:37:05 +0000] "GET /uploads/posts/1709452441.png HTTP/1.1" 404 6622 "http://10.80.57.34/" "Mozilla/5.0 (Windows NT 10.0; Win64; x64) AppleWebKit/537.36 (KHTML, like Gecko) Chrome/121.0.0.0 Safari/537.36 OPR/107.0.0.0"
10.80.87.67 - - [03/Mar/2024:20:37:05 +0000] "GET /uploads/posts/1709452476.png HTTP/1.1" 404 6622 "http://10.80.57.34/" "Mozilla/5.0 (Windows NT 10.0; Win64; x64) AppleWebKit/537.36 (KHTML, like Gecko) Chrome/121.0.0.0 Safari/537.36 OPR/107.0.0.0"
10.80.87.67 - - [03/Mar/2024:20:37:25 +0000] "GET /register HTTP/1.1" 200 7391 "http://10.80.57.34/" "Mozilla/5.0 (Windows NT 10.0; Win64; x64) AppleWebKit/537.36 (KHTML, like Gecko) Chrome/121.0.0.0 Safari/537.36 OPR/107.0.0.0"
10.70.20.213 - - [03/Mar/2024:20:37:29 +0000] "GET / HTTP/1.1" 200 4186 "-" "Mozilla/5.0 (Windows NT 10.0; Win64; x64) AppleWebKit/537.36 (KHTML, like Gecko) Chrome/122.0.0.0 Safari/537.36"
10.70.20.213 - - [03/Mar/2024:20:37:29 +0000] "GET /uploads/posts/1709452476.png HTTP/1.1" 404 6622 "http://10.80.57.34/" "Mozilla/5.0 (Windows NT 10.0; Win64; x64) AppleWebKit/537.36 (KHTML, like Gecko) Chrome/122.0.0.0 Safari/537.36"
10.70.20.213 - - [03/Mar/2024:20:37:29 +0000] "GET /uploads/posts/1709452441.png HTTP/1.1" 404 6622 "http://10.80.57.34/" "Mozilla/5.0 (Windows NT 10.0; Win64; x64) AppleWebKit/537.36 (KHTML, like Gecko) Chrome/122.0.0.0 Safari/537.36"
10.70.20.213 - - [03/Mar/2024:20:37:33 +0000] "GET /register HTTP/1.1" 200 7397 "http://10.80.57.34/" "Mozilla/5.0 (Windows NT 10.0; Win64; x64) AppleWebKit/537.36 (KHTML, like Gecko) Chrome/122.0.0.0 Safari/537.36"
10.80.87.67 - - [03/Mar/2024:20:37:38 +0000] "POST /register HTTP/1.1" 302 350 "http://10.80.57.34/register" "Mozilla/5.0 (Windows NT 10.0; Win64; x64) AppleWebKit/537.36 (KHTML, like Gecko) Chrome/121.0.0.0 Safari/537.36 OPR/107.0.0.0"
10.80.87.67 - - [03/Mar/2024:20:37:38 +0000] "GET /home HTTP/1.1" 200 7498 "http://10.80.57.34/register" "Mozilla/5.0 (Windows NT 10.0; Win64; x64) AppleWebKit/537.36 (KHTML, like Gecko) Chrome/121.0.0.0 Safari/537.36 OPR/107.0.0.0"
10.80.87.67 - - [03/Mar/2024:20:37:39 +0000] "GET /uploads/posts/1709452441.png HTTP/1.1" 404 6622 "http://10.80.57.34/home" "Mozilla/5.0 (Windows NT 10.0; Win64; x64) AppleWebKit/537.36 (KHTML, like Gecko) Chrome/121.0.0.0 Safari/537.36 OPR/107.0.0.0"
10.80.87.67 - - [03/Mar/2024:20:37:39 +0000] "GET /uploads/posts/1709452476.png HTTP/1.1" 404 6622 "http://10.80.57.34/home" "Mozilla/5.0 (Windows NT 10.0; Win64; x64) AppleWebKit/537.36 (KHTML, like Gecko) Chrome/121.0.0.0 Safari/537.36 OPR/107.0.0.0"
10.70.20.213 - - [03/Mar/2024:20:37:59 +0000] "POST /register HTTP/1.1" 302 350 "http://10.80.57.34/register" "Mozilla/5.0 (Windows NT 10.0; Win64; x64) AppleWebKit/537.36 (KHTML, like Gecko) Chrome/122.0.0.0 Safari/537.36"
10.70.20.213 - - [03/Mar/2024:20:37:59 +0000] "GET /home HTTP/1.1" 200 7499 "http://10.80.57.34/register" "Mozilla/5.0 (Windows NT 10.0; Win64; x64) AppleWebKit/537.36 (KHTML, like Gecko) Chrome/122.0.0.0 Safari/537.36"
10.70.20.213 - - [03/Mar/2024:20:38:00 +0000] "GET /uploads/posts/1709452476.png HTTP/1.1" 404 6622 "http://10.80.57.34/home" "Mozilla/5.0 (Windows NT 10.0; Win64; x64) AppleWebKit/537.36 (KHTML, like Gecko) Chrome/122.0.0.0 Safari/537.36"
10.70.20.213 - - [03/Mar/2024:20:38:00 +0000] "GET /uploads/posts/1709452441.png HTTP/1.1" 404 6622 "http://10.80.57.34/home" "Mozilla/5.0 (Windows NT 10.0; Win64; x64) AppleWebKit/537.36 (KHTML, like Gecko) Chrome/122.0.0.0 Safari/537.36"
10.70.20.213 - - [03/Mar/2024:20:38:12 +0000] "POST /logout HTTP/1.1" 302 330 "http://10.80.57.34/home" "Mozilla/5.0 (Windows NT 10.0; Win64; x64) AppleWebKit/537.36 (KHTML, like Gecko) Chrome/122.0.0.0 Safari/537.36"
10.70.20.213 - - [03/Mar/2024:20:38:12 +0000] "GET / HTTP/1.1" 200 4186 "http://10.80.57.34/home" "Mozilla/5.0 (Windows NT 10.0; Win64; x64) AppleWebKit/537.36 (KHTML, like Gecko) Chrome/122.0.0.0 Safari/537.36"
10.70.20.213 - - [03/Mar/2024:20:38:12 +0000] "GET /uploads/posts/1709452441.png HTTP/1.1" 404 6622 "http://10.80.57.34/" "Mozilla/5.0 (Windows NT 10.0; Win64; x64) AppleWebKit/537.36 (KHTML, like Gecko) Chrome/122.0.0.0 Safari/537.36"
10.70.20.213 - - [03/Mar/2024:20:38:13 +0000] "GET /uploads/posts/1709452476.png HTTP/1.1" 404 6622 "http://10.80.57.34/" "Mozilla/5.0 (Windows NT 10.0; Win64; x64) AppleWebKit/537.36 (KHTML, like Gecko) Chrome/122.0.0.0 Safari/537.36"
10.70.20.213 - - [03/Mar/2024:20:38:22 +0000] "GET /login HTTP/1.1" 200 6388 "http://10.80.57.34/" "Mozilla/5.0 (Windows NT 10.0; Win64; x64) AppleWebKit/537.36 (KHTML, like Gecko) Chrome/122.0.0.0 Safari/537.36"
10.80.87.67 - - [03/Mar/2024:20:38:41 +0000] "GET /posts HTTP/1.1" 200 6142 "http://10.80.57.34/home" "Mozilla/5.0 (Windows NT 10.0; Win64; x64) AppleWebKit/537.36 (KHTML, like Gecko) Chrome/121.0.0.0 Safari/537.36 OPR/107.0.0.0"
10.80.87.67 - - [03/Mar/2024:20:38:41 +0000] "GET /uploads/posts/1709452441.png HTTP/1.1" 404 6622 "http://10.80.57.34/posts" "Mozilla/5.0 (Windows NT 10.0; Win64; x64) AppleWebKit/537.36 (KHTML, like Gecko) Chrome/121.0.0.0 Safari/537.36 OPR/107.0.0.0"
10.80.87.67 - - [03/Mar/2024:20:38:41 +0000] "GET /uploads/posts/1709452476.png HTTP/1.1" 404 6616 "http://10.80.57.34/posts" "Mozilla/5.0 (Windows NT 10.0; Win64; x64) AppleWebKit/537.36 (KHTML, like Gecko) Chrome/121.0.0.0 Safari/537.36 OPR/107.0.0.0"
10.70.20.213 - - [03/Mar/2024:20:38:44 +0000] "POST /login HTTP/1.1" 302 350 "http://10.80.57.34/login" "Mozilla/5.0 (Windows NT 10.0; Win64; x64) AppleWebKit/537.36 (KHTML, like Gecko) Chrome/122.0.0.0 Safari/537.36"
10.70.20.213 - - [03/Mar/2024:20:38:45 +0000] "GET /home HTTP/1.1" 200 7499 "http://10.80.57.34/login" "Mozilla/5.0 (Windows NT 10.0; Win64; x64) AppleWebKit/537.36 (KHTML, like Gecko) Chrome/122.0.0.0 Safari/537.36"
10.70.20.213 - - [03/Mar/2024:20:38:45 +0000] "GET /uploads/posts/1709452441.png HTTP/1.1" 404 6622 "http://10.80.57.34/home" "Mozilla/5.0 (Windows NT 10.0; Win64; x64) AppleWebKit/537.36 (KHTML, like Gecko) Chrome/122.0.0.0 Safari/537.36"
10.70.20.213 - - [03/Mar/2024:20:38:45 +0000] "GET /uploads/posts/1709452476.png HTTP/1.1" 404 6622 "http://10.80.57.34/home" "Mozilla/5.0 (Windows NT 10.0; Win64; x64) AppleWebKit/537.36 (KHTML, like Gecko) Chrome/122.0.0.0 Safari/537.36"
10.80.87.67 - - [03/Mar/2024:20:39:32 +0000] "GET /posts/1/delete HTTP/1.1" 302 354 "http://10.80.57.34/posts" "Mozilla/5.0 (Windows NT 10.0; Win64; x64) AppleWebKit/537.36 (KHTML, like Gecko) Chrome/121.0.0.0 Safari/537.36 OPR/107.0.0.0"
10.80.87.67 - - [03/Mar/2024:20:39:32 +0000] "GET /posts HTTP/1.1" 200 5187 "http://10.80.57.34/posts" "Mozilla/5.0 (Windows NT 10.0; Win64; x64) AppleWebKit/537.36 (KHTML, like Gecko) Chrome/121.0.0.0 Safari/537.36 OPR/107.0.0.0"
10.80.87.67 - - [03/Mar/2024:20:39:32 +0000] "GET /uploads/posts/1709452476.png HTTP/1.1" 404 6622 "http://10.80.57.34/posts" "Mozilla/5.0 (Windows NT 10.0; Win64; x64) AppleWebKit/537.36 (KHTML, like Gecko) Chrome/121.0.0.0 Safari/537.36 OPR/107.0.0.0"
10.70.20.213 - - [03/Mar/2024:20:39:48 +0000] "POST /logout HTTP/1.1" 302 330 "http://10.80.57.34/home" "Mozilla/5.0 (Windows NT 10.0; Win64; x64) AppleWebKit/537.36 (KHTML, like Gecko) Chrome/122.0.0.0 Safari/537.36"
10.70.20.213 - - [03/Mar/2024:20:39:48 +0000] "GET / HTTP/1.1" 200 3564 "http://10.80.57.34/home" "Mozilla/5.0 (Windows NT 10.0; Win64; x64) AppleWebKit/537.36 (KHTML, like Gecko) Chrome/122.0.0.0 Safari/537.36"
10.70.20.213 - - [03/Mar/2024:20:39:48 +0000] "GET /uploads/posts/1709452476.png HTTP/1.1" 404 6622 "http://10.80.57.34/" "Mozilla/5.0 (Windows NT 10.0; Win64; x64) AppleWebKit/537.36 (KHTML, like Gecko) Chrome/122.0.0.0 Safari/537.36"
10.70.20.213 - - [03/Mar/2024:20:39:52 +0000] "GET /login HTTP/1.1" 200 6388 "http://10.80.57.34/" "Mozilla/5.0 (Windows NT 10.0; Win64; x64) AppleWebKit/537.36 (KHTML, like Gecko) Chrome/122.0.0.0 Safari/537.36"
10.70.20.213 - - [03/Mar/2024:20:40:01 +0000] "POST /login HTTP/1.1" 302 350 "http://10.80.57.34/login" "Mozilla/5.0 (Windows NT 10.0; Win64; x64) AppleWebKit/537.36 (KHTML, like Gecko) Chrome/122.0.0.0 Safari/537.36"
10.70.20.213 - - [03/Mar/2024:20:40:01 +0000] "GET /home HTTP/1.1" 200 5860 "http://10.80.57.34/login" "Mozilla/5.0 (Windows NT 10.0; Win64; x64) AppleWebKit/537.36 (KHTML, like Gecko) Chrome/122.0.0.0 Safari/537.36"
10.70.20.213 - - [03/Mar/2024:20:40:02 +0000] "GET /uploads/posts/1709452476.png HTTP/1.1" 404 6622 "http://10.80.57.34/home" "Mozilla/5.0 (Windows NT 10.0; Win64; x64) AppleWebKit/537.36 (KHTML, like Gecko) Chrome/122.0.0.0 Safari/537.36"
10.70.20.213 - - [03/Mar/2024:20:49:23 +0000] "GET /login HTTP/1.1" 200 6382 "http://10.80.57.34/" "Mozilla/5.0 (Windows NT 10.0; Win64; x64) AppleWebKit/537.36 (KHTML, like Gecko) Chrome/122.0.0.0 Safari/537.36"
10.70.20.213 - - [03/Mar/2024:20:49:27 +0000] "GET /login HTTP/1.1" 200 6388 "http://10.80.57.34/" "Mozilla/5.0 (Windows NT 10.0; Win64; x64) AppleWebKit/537.36 (KHTML, like Gecko) Chrome/122.0.0.0 Safari/537.36"
10.70.20.213 - - [03/Mar/2024:20:49:35 +0000] "POST /login HTTP/1.1" 302 350 "http://10.80.57.34/login" "Mozilla/5.0 (Windows NT 10.0; Win64; x64) AppleWebKit/537.36 (KHTML, like Gecko) Chrome/122.0.0.0 Safari/537.36"
10.70.20.213 - - [03/Mar/2024:20:49:35 +0000] "GET /home HTTP/1.1" 200 4223 "http://10.80.57.34/login" "Mozilla/5.0 (Windows NT 10.0; Win64; x64) AppleWebKit/537.36 (KHTML, like Gecko) Chrome/122.0.0.0 Safari/537.36"
10.70.20.213 - - [03/Mar/2024:20:50:55 +0000] "GET /admin/home HTTP/1.1" 500 1124038 "-" "Mozilla/5.0 (Windows NT 10.0; Win64; x64) AppleWebKit/537.36 (KHTML, like Gecko) Chrome/122.0.0.0 Safari/537.36"
10.70.20.213 - - [03/Mar/2024:20:51:46 +0000] "POST /logout HTTP/1.1" 302 330 "http://10.80.57.34/home" "Mozilla/5.0 (Windows NT 10.0; Win64; x64) AppleWebKit/537.36 (KHTML, like Gecko) Chrome/122.0.0.0 Safari/537.36"
10.70.20.213 - - [03/Mar/2024:20:51:46 +0000] "GET / HTTP/1.1" 200 2936 "http://10.80.57.34/home" "Mozilla/5.0 (Windows NT 10.0; Win64; x64) AppleWebKit/537.36 (KHTML, like Gecko) Chrome/122.0.0.0 Safari/537.36"
10.70.20.213 - - [03/Mar/2024:20:51:51 +0000] "GET /login HTTP/1.1" 200 6388 "http://10.80.57.34/" "Mozilla/5.0 (Windows NT 10.0; Win64; x64) AppleWebKit/537.36 (KHTML, like Gecko) Chrome/122.0.0.0 Safari/537.36"
