10.70.20.127 - - [04/Mar/2024:01:44:43 +0000] "GET / HTTP/1.1" 200 6503 "-" "Mozilla/5.0 (Windows NT 10.0; Win64; x64) AppleWebKit/537.36 (KHTML, like Gecko) Chrome/122.0.0.0 Safari/537.36 Edg/122.0.0.0"
10.70.20.127 - - [04/Mar/2024:01:45:21 +0000] "GET / HTTP/1.1" 200 6482 "-" "Mozilla/5.0 (Windows NT 10.0; Win64; x64) AppleWebKit/537.36 (KHTML, like Gecko) Chrome/122.0.0.0 Safari/537.36 Edg/122.0.0.0"
10.70.20.141 - - [04/Mar/2024:01:45:44 +0000] "GET / HTTP/1.1" 200 6476 "-" "Mozilla/5.0 (Windows NT 10.0; Win64; x64) AppleWebKit/537.36 (KHTML, like Gecko) Chrome/122.0.0.0 Safari/537.36 Edg/122.0.0.0"
10.70.20.127 - - [04/Mar/2024:01:46:05 +0000] "GET / HTTP/1.1" 200 6482 "-" "Mozilla/5.0 (Windows NT 10.0; Win64; x64) AppleWebKit/537.36 (KHTML, like Gecko) Chrome/122.0.0.0 Safari/537.36 Edg/122.0.0.0"
10.70.20.127 - - [04/Mar/2024:01:46:24 +0000] "GET /login HTTP/1.1" 200 6741 "http://10.80.57.34/" "Mozilla/5.0 (Windows NT 10.0; Win64; x64) AppleWebKit/537.36 (KHTML, like Gecko) Chrome/122.0.0.0 Safari/537.36 Edg/122.0.0.0"
10.70.20.127 - - [04/Mar/2024:01:46:38 +0000] "POST /login HTTP/1.1" 302 350 "http://10.80.57.34/login" "Mozilla/5.0 (Windows NT 10.0; Win64; x64) AppleWebKit/537.36 (KHTML, like Gecko) Chrome/122.0.0.0 Safari/537.36 Edg/122.0.0.0"
10.70.20.127 - - [04/Mar/2024:01:46:39 +0000] "GET /home HTTP/1.1" 500 1183914 "http://10.80.57.34/login" "Mozilla/5.0 (Windows NT 10.0; Win64; x64) AppleWebKit/537.36 (KHTML, like Gecko) Chrome/122.0.0.0 Safari/537.36 Edg/122.0.0.0"
10.70.20.127 - - [04/Mar/2024:01:56:31 +0000] "GET / HTTP/1.1" 200 7099 "-" "Mozilla/5.0 (Windows NT 10.0; Win64; x64) AppleWebKit/537.36 (KHTML, like Gecko) Chrome/122.0.0.0 Safari/537.36 Edg/122.0.0.0"
10.70.20.127 - - [04/Mar/2024:01:56:39 +0000] "GET / HTTP/1.1" 200 7093 "-" "Mozilla/5.0 (Windows NT 10.0; Win64; x64) AppleWebKit/537.36 (KHTML, like Gecko) Chrome/122.0.0.0 Safari/537.36 Edg/122.0.0.0"
10.70.20.74 - - [04/Mar/2024:01:56:41 +0000] "GET / HTTP/1.1" 200 6482 "-" "Mozilla/5.0 (Windows NT 10.0; Win64; x64) AppleWebKit/537.36 (KHTML, like Gecko) Chrome/121.0.0.0 Safari/537.36 OPR/107.0.0.0"
10.70.20.74 - - [04/Mar/2024:01:56:42 +0000] "GET /uploads/comment/1709502894.PNG HTTP/1.1" 200 169514 "http://10.80.57.34/" "Mozilla/5.0 (Windows NT 10.0; Win64; x64) AppleWebKit/537.36 (KHTML, like Gecko) Chrome/121.0.0.0 Safari/537.36 OPR/107.0.0.0"
10.70.20.74 - - [04/Mar/2024:01:56:42 +0000] "GET /uploads/posts/1709502793.jpg HTTP/1.1" 200 181931 "http://10.80.57.34/" "Mozilla/5.0 (Windows NT 10.0; Win64; x64) AppleWebKit/537.36 (KHTML, like Gecko) Chrome/121.0.0.0 Safari/537.36 OPR/107.0.0.0"
10.70.20.74 - - [04/Mar/2024:01:56:42 +0000] "GET /uploads/posts/1709506549.PNG HTTP/1.1" 200 169514 "http://10.80.57.34/" "Mozilla/5.0 (Windows NT 10.0; Win64; x64) AppleWebKit/537.36 (KHTML, like Gecko) Chrome/121.0.0.0 Safari/537.36 OPR/107.0.0.0"
10.70.20.74 - - [04/Mar/2024:01:56:44 +0000] "GET /favicon.ico HTTP/1.1" 200 0 "http://10.80.57.34/" "Mozilla/5.0 (Windows NT 10.0; Win64; x64) AppleWebKit/537.36 (KHTML, like Gecko) Chrome/121.0.0.0 Safari/537.36 OPR/107.0.0.0"
10.70.20.127 - - [04/Mar/2024:01:56:56 +0000] "GET / HTTP/1.1" 200 6482 "-" "Mozilla/5.0 (Windows NT 10.0; Win64; x64) AppleWebKit/537.36 (KHTML, like Gecko) Chrome/122.0.0.0 Safari/537.36 Edg/122.0.0.0"
10.70.20.127 - - [04/Mar/2024:01:56:59 +0000] "GET / HTTP/1.1" 200 6482 "-" "Mozilla/5.0 (Windows NT 10.0; Win64; x64) AppleWebKit/537.36 (KHTML, like Gecko) Chrome/122.0.0.0 Safari/537.36 Edg/122.0.0.0"
10.70.20.74 - - [04/Mar/2024:01:57:00 +0000] "GET /login HTTP/1.1" 200 6741 "http://10.80.57.34/" "Mozilla/5.0 (Windows NT 10.0; Win64; x64) AppleWebKit/537.36 (KHTML, like Gecko) Chrome/121.0.0.0 Safari/537.36 OPR/107.0.0.0"
10.70.20.74 - - [04/Mar/2024:01:57:02 +0000] "GET /register HTTP/1.1" 200 7751 "http://10.80.57.34/login" "Mozilla/5.0 (Windows NT 10.0; Win64; x64) AppleWebKit/537.36 (KHTML, like Gecko) Chrome/121.0.0.0 Safari/537.36 OPR/107.0.0.0"
10.70.20.74 - - [04/Mar/2024:01:57:35 +0000] "POST /register HTTP/1.1" 302 350 "http://10.80.57.34/register" "Mozilla/5.0 (Windows NT 10.0; Win64; x64) AppleWebKit/537.36 (KHTML, like Gecko) Chrome/121.0.0.0 Safari/537.36 OPR/107.0.0.0"
10.70.20.74 - - [04/Mar/2024:01:57:36 +0000] "GET /home HTTP/1.1" 200 8451 "http://10.80.57.34/register" "Mozilla/5.0 (Windows NT 10.0; Win64; x64) AppleWebKit/537.36 (KHTML, like Gecko) Chrome/121.0.0.0 Safari/537.36 OPR/107.0.0.0"
10.70.20.74 - - [04/Mar/2024:01:58:50 +0000] "POST /comments/1 HTTP/1.1" 302 350 "http://10.80.57.34/home" "Mozilla/5.0 (Windows NT 10.0; Win64; x64) AppleWebKit/537.36 (KHTML, like Gecko) Chrome/121.0.0.0 Safari/537.36 OPR/107.0.0.0"
10.70.20.74 - - [04/Mar/2024:01:58:50 +0000] "GET /home HTTP/1.1" 200 9723 "http://10.80.57.34/home" "Mozilla/5.0 (Windows NT 10.0; Win64; x64) AppleWebKit/537.36 (KHTML, like Gecko) Chrome/121.0.0.0 Safari/537.36 OPR/107.0.0.0"
10.70.20.74 - - [04/Mar/2024:01:59:07 +0000] "GET /editprofile HTTP/1.1" 200 9377 "http://10.80.57.34/home" "Mozilla/5.0 (Windows NT 10.0; Win64; x64) AppleWebKit/537.36 (KHTML, like Gecko) Chrome/121.0.0.0 Safari/537.36 OPR/107.0.0.0"
10.70.20.74 - - [04/Mar/2024:01:59:08 +0000] "GET /uploads/propic/image.png HTTP/1.1" 200 849710 "http://10.80.57.34/editprofile" "Mozilla/5.0 (Windows NT 10.0; Win64; x64) AppleWebKit/537.36 (KHTML, like Gecko) Chrome/121.0.0.0 Safari/537.36 OPR/107.0.0.0"
10.70.20.74 - - [04/Mar/2024:01:59:15 +0000] "GET /editprofile HTTP/1.1" 200 9377 "http://10.80.57.34/editprofile" "Mozilla/5.0 (Windows NT 10.0; Win64; x64) AppleWebKit/537.36 (KHTML, like Gecko) Chrome/121.0.0.0 Safari/537.36 OPR/107.0.0.0"
10.70.20.74 - - [04/Mar/2024:01:59:18 +0000] "GET /editprofile HTTP/1.1" 200 9377 "http://10.80.57.34/editprofile" "Mozilla/5.0 (Windows NT 10.0; Win64; x64) AppleWebKit/537.36 (KHTML, like Gecko) Chrome/121.0.0.0 Safari/537.36 OPR/107.0.0.0"
10.70.20.85 - - [04/Mar/2024:01:59:21 +0000] "GET / HTTP/1.1" 200 7094 "-" "Mozilla/5.0 (Windows NT 10.0; Win64; x64) AppleWebKit/537.36 (KHTML, like Gecko) Chrome/122.0.0.0 Safari/537.36"
10.70.20.85 - - [04/Mar/2024:01:59:21 +0000] "GET /uploads/posts/1709502793.jpg HTTP/1.1" 200 181931 "http://10.80.57.34/" "Mozilla/5.0 (Windows NT 10.0; Win64; x64) AppleWebKit/537.36 (KHTML, like Gecko) Chrome/122.0.0.0 Safari/537.36"
10.70.20.85 - - [04/Mar/2024:01:59:21 +0000] "GET /uploads/comment/1709502894.PNG HTTP/1.1" 200 169514 "http://10.80.57.34/" "Mozilla/5.0 (Windows NT 10.0; Win64; x64) AppleWebKit/537.36 (KHTML, like Gecko) Chrome/122.0.0.0 Safari/537.36"
10.70.20.85 - - [04/Mar/2024:01:59:21 +0000] "GET / HTTP/1.1" 200 7094 "-" "Mozilla/5.0 (Windows NT 10.0; Win64; x64) AppleWebKit/537.36 (KHTML, like Gecko) Chrome/122.0.0.0 Safari/537.36"
10.70.20.85 - - [04/Mar/2024:01:59:21 +0000] "GET /uploads/posts/1709502793.jpg HTTP/1.1" 206 1 "http://10.80.57.34/" "Mozilla/5.0 (Windows NT 10.0; Win64; x64) AppleWebKit/537.36 (KHTML, like Gecko) Chrome/122.0.0.0 Safari/537.36"
10.70.20.85 - - [04/Mar/2024:01:59:22 +0000] "GET /uploads/comment/1709502894.PNG HTTP/1.1" 206 1 "http://10.80.57.34/" "Mozilla/5.0 (Windows NT 10.0; Win64; x64) AppleWebKit/537.36 (KHTML, like Gecko) Chrome/122.0.0.0 Safari/537.36"
10.70.20.85 - - [04/Mar/2024:01:59:22 +0000] "GET /uploads/posts/1709502793.jpg HTTP/1.1" 206 36077 "http://10.80.57.34/" "Mozilla/5.0 (Windows NT 10.0; Win64; x64) AppleWebKit/537.36 (KHTML, like Gecko) Chrome/122.0.0.0 Safari/537.36"
10.70.20.85 - - [04/Mar/2024:01:59:22 +0000] "GET /uploads/posts/1709506549.PNG HTTP/1.1" 200 169514 "http://10.80.57.34/" "Mozilla/5.0 (Windows NT 10.0; Win64; x64) AppleWebKit/537.36 (KHTML, like Gecko) Chrome/122.0.0.0 Safari/537.36"
10.70.20.85 - - [04/Mar/2024:01:59:22 +0000] "GET /uploads/comment/1709502894.PNG HTTP/1.1" 206 131408 "http://10.80.57.34/" "Mozilla/5.0 (Windows NT 10.0; Win64; x64) AppleWebKit/537.36 (KHTML, like Gecko) Chrome/122.0.0.0 Safari/537.36"
10.70.20.85 - - [04/Mar/2024:01:59:33 +0000] "GET /register HTTP/1.1" 200 7751 "http://10.80.57.34/" "Mozilla/5.0 (Windows NT 10.0; Win64; x64) AppleWebKit/537.36 (KHTML, like Gecko) Chrome/122.0.0.0 Safari/537.36"
10.70.20.85 - - [04/Mar/2024:01:59:58 +0000] "POST /register HTTP/1.1" 302 366 "http://10.80.57.34/register" "Mozilla/5.0 (Windows NT 10.0; Win64; x64) AppleWebKit/537.36 (KHTML, like Gecko) Chrome/122.0.0.0 Safari/537.36"
10.70.20.85 - - [04/Mar/2024:01:59:58 +0000] "GET /register HTTP/1.1" 200 8060 "http://10.80.57.34/register" "Mozilla/5.0 (Windows NT 10.0; Win64; x64) AppleWebKit/537.36 (KHTML, like Gecko) Chrome/122.0.0.0 Safari/537.36"
10.70.20.85 - - [04/Mar/2024:02:00:06 +0000] "POST /register HTTP/1.1" 302 366 "http://10.80.57.34/register" "Mozilla/5.0 (Windows NT 10.0; Win64; x64) AppleWebKit/537.36 (KHTML, like Gecko) Chrome/122.0.0.0 Safari/537.36"
10.70.20.85 - - [04/Mar/2024:02:00:06 +0000] "GET /register HTTP/1.1" 200 8060 "http://10.80.57.34/register" "Mozilla/5.0 (Windows NT 10.0; Win64; x64) AppleWebKit/537.36 (KHTML, like Gecko) Chrome/122.0.0.0 Safari/537.36"
10.80.15.103 - - [04/Mar/2024:06:12:19 +0000] "GET / HTTP/1.1" 200 7094 "-" "Mozilla/5.0 (Windows NT 10.0; Win64; x64) AppleWebKit/537.36 (KHTML, like Gecko) Chrome/122.0.0.0 Safari/537.36 Edg/122.0.0.0"
10.80.15.103 - - [04/Mar/2024:06:12:19 +0000] "GET /uploads/posts/1709502793.jpg HTTP/1.1" 200 181931 "http://10.80.57.34/" "Mozilla/5.0 (Windows NT 10.0; Win64; x64) AppleWebKit/537.36 (KHTML, like Gecko) Chrome/122.0.0.0 Safari/537.36 Edg/122.0.0.0"
10.80.15.103 - - [04/Mar/2024:06:12:19 +0000] "GET /uploads/comment/1709502894.PNG HTTP/1.1" 200 169514 "http://10.80.57.34/" "Mozilla/5.0 (Windows NT 10.0; Win64; x64) AppleWebKit/537.36 (KHTML, like Gecko) Chrome/122.0.0.0 Safari/537.36 Edg/122.0.0.0"
10.80.15.103 - - [04/Mar/2024:06:12:19 +0000] "GET /uploads/posts/1709506549.PNG HTTP/1.1" 200 169514 "http://10.80.57.34/" "Mozilla/5.0 (Windows NT 10.0; Win64; x64) AppleWebKit/537.36 (KHTML, like Gecko) Chrome/122.0.0.0 Safari/537.36 Edg/122.0.0.0"
10.80.15.103 - - [04/Mar/2024:06:12:21 +0000] "GET /favicon.ico HTTP/1.1" 200 0 "http://10.80.57.34/" "Mozilla/5.0 (Windows NT 10.0; Win64; x64) AppleWebKit/537.36 (KHTML, like Gecko) Chrome/122.0.0.0 Safari/537.36 Edg/122.0.0.0"
10.80.83.169 - - [04/Mar/2024:06:13:23 +0000] "GET / HTTP/1.1" 200 7094 "-" "Mozilla/5.0 (Macintosh; Intel Mac OS X 10_15_7) AppleWebKit/605.1.15 (KHTML, like Gecko) Version/17.3.1 Safari/605.1.15"
10.80.83.169 - - [04/Mar/2024:06:13:23 +0000] "GET /uploads/posts/1709502793.jpg HTTP/1.1" 200 181931 "http://10.80.57.34/" "Mozilla/5.0 (Macintosh; Intel Mac OS X 10_15_7) AppleWebKit/605.1.15 (KHTML, like Gecko) Version/17.3.1 Safari/605.1.15"
10.80.83.169 - - [04/Mar/2024:06:13:23 +0000] "GET /uploads/comment/1709502894.PNG HTTP/1.1" 200 169514 "http://10.80.57.34/" "Mozilla/5.0 (Macintosh; Intel Mac OS X 10_15_7) AppleWebKit/605.1.15 (KHTML, like Gecko) Version/17.3.1 Safari/605.1.15"
10.80.83.169 - - [04/Mar/2024:06:13:23 +0000] "GET /uploads/posts/1709506549.PNG HTTP/1.1" 200 169514 "http://10.80.57.34/" "Mozilla/5.0 (Macintosh; Intel Mac OS X 10_15_7) AppleWebKit/605.1.15 (KHTML, like Gecko) Version/17.3.1 Safari/605.1.15"
10.80.83.169 - - [04/Mar/2024:06:13:23 +0000] "GET /favicon.ico HTTP/1.1" 200 0 "http://10.80.57.34/" "Mozilla/5.0 (Macintosh; Intel Mac OS X 10_15_7) AppleWebKit/605.1.15 (KHTML, like Gecko) Version/17.3.1 Safari/605.1.15"
10.70.20.58 - - [04/Mar/2024:06:13:33 +0000] "GET / HTTP/1.1" 200 6773 "-" "Mozilla/5.0 (Windows NT 10.0; Win64; x64) AppleWebKit/537.36 (KHTML, like Gecko) Chrome/122.0.0.0 Safari/537.36"
10.70.20.58 - - [04/Mar/2024:06:13:33 +0000] "GET /uploads/posts/1709502793.jpg HTTP/1.1" 304 0 "http://10.80.57.34/" "Mozilla/5.0 (Windows NT 10.0; Win64; x64) AppleWebKit/537.36 (KHTML, like Gecko) Chrome/122.0.0.0 Safari/537.36"
10.70.20.58 - - [04/Mar/2024:06:13:33 +0000] "GET /uploads/comment/1709502894.PNG HTTP/1.1" 304 0 "http://10.80.57.34/" "Mozilla/5.0 (Windows NT 10.0; Win64; x64) AppleWebKit/537.36 (KHTML, like Gecko) Chrome/122.0.0.0 Safari/537.36"
10.70.20.58 - - [04/Mar/2024:06:13:34 +0000] "GET /uploads/posts/1709506549.PNG HTTP/1.1" 304 0 "http://10.80.57.34/" "Mozilla/5.0 (Windows NT 10.0; Win64; x64) AppleWebKit/537.36 (KHTML, like Gecko) Chrome/122.0.0.0 Safari/537.36"
10.70.20.58 - - [04/Mar/2024:06:13:35 +0000] "GET /favicon.ico HTTP/1.1" 304 0 "http://10.80.57.34/" "Mozilla/5.0 (Windows NT 10.0; Win64; x64) AppleWebKit/537.36 (KHTML, like Gecko) Chrome/122.0.0.0 Safari/537.36"
10.80.15.103 - - [04/Mar/2024:06:14:13 +0000] "GET / HTTP/1.1" 200 6773 "-" "Mozilla/5.0 (Windows NT 10.0; Win64; x64) AppleWebKit/537.36 (KHTML, like Gecko) Chrome/122.0.0.0 Safari/537.36 Edg/122.0.0.0"
10.80.83.169 - - [04/Mar/2024:06:15:04 +0000] "GET / HTTP/1.1" 200 6767 "-" "Mozilla/5.0 (Macintosh; Intel Mac OS X 10_15_7) AppleWebKit/605.1.15 (KHTML, like Gecko) Version/17.3.1 Safari/605.1.15"
10.80.15.103 - - [04/Mar/2024:06:15:09 +0000] "GET / HTTP/1.1" 200 6773 "-" "Mozilla/5.0 (Windows NT 10.0; Win64; x64) AppleWebKit/537.36 (KHTML, like Gecko) Chrome/122.0.0.0 Safari/537.36 Edg/122.0.0.0"
10.80.15.103 - - [04/Mar/2024:06:15:34 +0000] "GET /register HTTP/1.1" 200 7751 "http://10.80.57.34/" "Mozilla/5.0 (Windows NT 10.0; Win64; x64) AppleWebKit/537.36 (KHTML, like Gecko) Chrome/122.0.0.0 Safari/537.36 Edg/122.0.0.0"
10.80.15.103 - - [04/Mar/2024:06:15:38 +0000] "GET /login HTTP/1.1" 200 6741 "http://10.80.57.34/register" "Mozilla/5.0 (Windows NT 10.0; Win64; x64) AppleWebKit/537.36 (KHTML, like Gecko) Chrome/122.0.0.0 Safari/537.36 Edg/122.0.0.0"
10.80.15.103 - - [04/Mar/2024:06:15:46 +0000] "GET /login HTTP/1.1" 200 6741 "http://10.80.57.34/login" "Mozilla/5.0 (Windows NT 10.0; Win64; x64) AppleWebKit/537.36 (KHTML, like Gecko) Chrome/122.0.0.0 Safari/537.36 Edg/122.0.0.0"
10.80.15.103 - - [04/Mar/2024:06:15:52 +0000] "GET / HTTP/1.1" 200 6767 "-" "Mozilla/5.0 (Windows NT 10.0; Win64; x64) AppleWebKit/537.36 (KHTML, like Gecko) Chrome/122.0.0.0 Safari/537.36 Edg/122.0.0.0"
10.70.20.58 - - [04/Mar/2024:06:18:05 +0000] "GET /login HTTP/1.1" 200 6741 "http://10.80.57.34/" "Mozilla/5.0 (Windows NT 10.0; Win64; x64) AppleWebKit/537.36 (KHTML, like Gecko) Chrome/122.0.0.0 Safari/537.36"
10.70.20.58 - - [04/Mar/2024:06:18:14 +0000] "POST /login HTTP/1.1" 302 350 "http://10.80.57.34/login" "Mozilla/5.0 (Windows NT 10.0; Win64; x64) AppleWebKit/537.36 (KHTML, like Gecko) Chrome/122.0.0.0 Safari/537.36"
10.70.20.58 - - [04/Mar/2024:06:18:14 +0000] "GET /home HTTP/1.1" 200 10867 "http://10.80.57.34/login" "Mozilla/5.0 (Windows NT 10.0; Win64; x64) AppleWebKit/537.36 (KHTML, like Gecko) Chrome/122.0.0.0 Safari/537.36"
10.70.20.58 - - [04/Mar/2024:06:18:23 +0000] "GET /editprofile HTTP/1.1" 200 9365 "http://10.80.57.34/home" "Mozilla/5.0 (Windows NT 10.0; Win64; x64) AppleWebKit/537.36 (KHTML, like Gecko) Chrome/122.0.0.0 Safari/537.36"
10.70.20.58 - - [04/Mar/2024:06:18:24 +0000] "GET /uploads/propic/image.png HTTP/1.1" 304 0 "http://10.80.57.34/editprofile" "Mozilla/5.0 (Windows NT 10.0; Win64; x64) AppleWebKit/537.36 (KHTML, like Gecko) Chrome/122.0.0.0 Safari/537.36"
10.80.87.67 - - [04/Mar/2024:06:18:49 +0000] "GET /uploads/posts/1709502793.jpg HTTP/1.1" 304 0 "http://10.80.57.34/" "Mozilla/5.0 (Windows NT 10.0; Win64; x64) AppleWebKit/537.36 (KHTML, like Gecko) Chrome/121.0.0.0 Safari/537.36 OPR/107.0.0.0"
10.80.87.67 - - [04/Mar/2024:06:18:49 +0000] "GET /uploads/comment/1709502894.PNG HTTP/1.1" 304 0 "http://10.80.57.34/" "Mozilla/5.0 (Windows NT 10.0; Win64; x64) AppleWebKit/537.36 (KHTML, like Gecko) Chrome/121.0.0.0 Safari/537.36 OPR/107.0.0.0"
10.80.87.67 - - [04/Mar/2024:06:18:49 +0000] "GET /uploads/posts/1709506549.PNG HTTP/1.1" 304 0 "http://10.80.57.34/" "Mozilla/5.0 (Windows NT 10.0; Win64; x64) AppleWebKit/537.36 (KHTML, like Gecko) Chrome/121.0.0.0 Safari/537.36 OPR/107.0.0.0"
10.70.20.58 - - [04/Mar/2024:06:20:02 +0000] "GET / HTTP/1.1" 200 7390 "-" "Mozilla/5.0 (Windows NT 10.0; Win64; x64) AppleWebKit/537.36 (KHTML, like Gecko) Chrome/122.0.0.0 Safari/537.36"
10.80.87.67 - - [04/Mar/2024:06:20:18 +0000] "GET / HTTP/1.1" 200 6773 "http://10.80.57.34/searchNormal?query=Admin" "Mozilla/5.0 (Windows NT 10.0; Win64; x64) AppleWebKit/537.36 (KHTML, like Gecko) Chrome/121.0.0.0 Safari/537.36 OPR/107.0.0.0"
10.80.87.67 - - [04/Mar/2024:06:23:58 +0000] "GET / HTTP/1.1" 200 6782 "http://10.80.57.34/searchNormal?query=Admin" "Mozilla/5.0 (Windows NT 10.0; Win64; x64) AppleWebKit/537.36 (KHTML, like Gecko) Chrome/121.0.0.0 Safari/537.36 OPR/107.0.0.0"
10.70.20.58 - - [04/Mar/2024:06:24:02 +0000] "POST /logout HTTP/1.1" 302 330 "http://10.80.57.34/home" "Mozilla/5.0 (Windows NT 10.0; Win64; x64) AppleWebKit/537.36 (KHTML, like Gecko) Chrome/122.0.0.0 Safari/537.36"
10.70.20.58 - - [04/Mar/2024:06:24:03 +0000] "GET / HTTP/1.1" 200 6782 "http://10.80.57.34/home" "Mozilla/5.0 (Windows NT 10.0; Win64; x64) AppleWebKit/537.36 (KHTML, like Gecko) Chrome/122.0.0.0 Safari/537.36"
10.70.20.58 - - [04/Mar/2024:06:24:47 +0000] "GET / HTTP/1.1" 200 6839 "http://10.80.57.34/home" "Mozilla/5.0 (Windows NT 10.0; Win64; x64) AppleWebKit/537.36 (KHTML, like Gecko) Chrome/122.0.0.0 Safari/537.36"
10.70.20.58 - - [04/Mar/2024:06:25:33 +0000] "GET / HTTP/1.1" 500 1246962 "http://10.80.57.34/home" "Mozilla/5.0 (Windows NT 10.0; Win64; x64) AppleWebKit/537.36 (KHTML, like Gecko) Chrome/122.0.0.0 Safari/537.36"
10.70.20.58 - - [04/Mar/2024:06:26:04 +0000] "GET / HTTP/1.1" 200 6842 "http://10.80.57.34/home" "Mozilla/5.0 (Windows NT 10.0; Win64; x64) AppleWebKit/537.36 (KHTML, like Gecko) Chrome/122.0.0.0 Safari/537.36"
10.80.93.141 - - [04/Mar/2024:06:26:07 +0000] "GET / HTTP/1.1" 200 6842 "-" "Mozilla/5.0 (Windows NT 10.0; Win64; x64) AppleWebKit/537.36 (KHTML, like Gecko) Chrome/122.0.0.0 Safari/537.36"
10.80.93.141 - - [04/Mar/2024:06:26:08 +0000] "GET /uploads/posts/1709502793.jpg HTTP/1.1" 200 181931 "http://10.80.57.34/" "Mozilla/5.0 (Windows NT 10.0; Win64; x64) AppleWebKit/537.36 (KHTML, like Gecko) Chrome/122.0.0.0 Safari/537.36"
10.80.93.141 - - [04/Mar/2024:06:26:08 +0000] "GET /uploads/comment/1709502894.PNG HTTP/1.1" 200 169514 "http://10.80.57.34/" "Mozilla/5.0 (Windows NT 10.0; Win64; x64) AppleWebKit/537.36 (KHTML, like Gecko) Chrome/122.0.0.0 Safari/537.36"
10.80.93.141 - - [04/Mar/2024:06:26:08 +0000] "GET /uploads/posts/1709506549.PNG HTTP/1.1" 200 169514 "http://10.80.57.34/" "Mozilla/5.0 (Windows NT 10.0; Win64; x64) AppleWebKit/537.36 (KHTML, like Gecko) Chrome/122.0.0.0 Safari/537.36"
10.70.20.58 - - [04/Mar/2024:06:27:47 +0000] "GET / HTTP/1.1" 200 6886 "http://10.80.57.34/home" "Mozilla/5.0 (Windows NT 10.0; Win64; x64) AppleWebKit/537.36 (KHTML, like Gecko) Chrome/122.0.0.0 Safari/537.36"
10.70.20.58 - - [04/Mar/2024:06:28:06 +0000] "GET / HTTP/1.1" 200 6891 "http://10.80.57.34/home" "Mozilla/5.0 (Windows NT 10.0; Win64; x64) AppleWebKit/537.36 (KHTML, like Gecko) Chrome/122.0.0.0 Safari/537.36"
10.70.20.58 - - [04/Mar/2024:06:28:22 +0000] "GET / HTTP/1.1" 200 6893 "http://10.80.57.34/home" "Mozilla/5.0 (Windows NT 10.0; Win64; x64) AppleWebKit/537.36 (KHTML, like Gecko) Chrome/122.0.0.0 Safari/537.36"
10.80.57.56 - - [04/Mar/2024:06:29:34 +0000] "GET / HTTP/1.1" 200 6893 "-" "Mozilla/5.0 (X11; Linux x86_64; rv:109.0) Gecko/20100101 Firefox/115.0"
10.80.57.56 - - [04/Mar/2024:06:29:34 +0000] "GET /uploads/posts/1709506549.PNG HTTP/1.1" 200 169514 "http://10.80.57.34/" "Mozilla/5.0 (X11; Linux x86_64; rv:109.0) Gecko/20100101 Firefox/115.0"
10.80.57.56 - - [04/Mar/2024:06:29:34 +0000] "GET /uploads/posts/1709502793.jpg HTTP/1.1" 200 181931 "http://10.80.57.34/" "Mozilla/5.0 (X11; Linux x86_64; rv:109.0) Gecko/20100101 Firefox/115.0"
10.80.57.56 - - [04/Mar/2024:06:29:34 +0000] "GET /uploads/comment/1709502894.PNG HTTP/1.1" 200 169514 "http://10.80.57.34/" "Mozilla/5.0 (X11; Linux x86_64; rv:109.0) Gecko/20100101 Firefox/115.0"
10.80.57.56 - - [04/Mar/2024:06:29:34 +0000] "GET /favicon.ico HTTP/1.1" 200 0 "http://10.80.57.34/" "Mozilla/5.0 (X11; Linux x86_64; rv:109.0) Gecko/20100101 Firefox/115.0"
10.80.57.56 - - [04/Mar/2024:06:31:18 +0000] "GET / HTTP/1.1" 200 6887 "-" "Mozilla/5.0 (X11; Linux x86_64; rv:109.0) Gecko/20100101 Firefox/115.0"
10.80.57.56 - - [04/Mar/2024:06:31:18 +0000] "GET /uploads/posts/1709506549.PNG HTTP/1.1" 200 169514 "http://10.80.57.34/" "Mozilla/5.0 (X11; Linux x86_64; rv:109.0) Gecko/20100101 Firefox/115.0"
10.80.57.56 - - [04/Mar/2024:06:31:18 +0000] "GET /uploads/posts/1709502793.jpg HTTP/1.1" 200 181931 "http://10.80.57.34/" "Mozilla/5.0 (X11; Linux x86_64; rv:109.0) Gecko/20100101 Firefox/115.0"
10.80.57.56 - - [04/Mar/2024:06:31:18 +0000] "GET /uploads/comment/1709502894.PNG HTTP/1.1" 200 169514 "http://10.80.57.34/" "Mozilla/5.0 (X11; Linux x86_64; rv:109.0) Gecko/20100101 Firefox/115.0"
10.80.93.141 - - [04/Mar/2024:06:52:51 +0000] "GET / HTTP/1.1" 200 6893 "-" "Mozilla/5.0 (Windows NT 10.0; Win64; x64) AppleWebKit/537.36 (KHTML, like Gecko) Chrome/122.0.0.0 Safari/537.36"
10.80.87.67 - - [04/Mar/2024:06:59:14 +0000] "GET / HTTP/1.1" 200 6893 "http://10.80.57.34/searchNormal?query=Admin" "Mozilla/5.0 (Windows NT 10.0; Win64; x64) AppleWebKit/537.36 (KHTML, like Gecko) Chrome/121.0.0.0 Safari/537.36 OPR/107.0.0.0"
10.80.87.67 - - [04/Mar/2024:06:59:22 +0000] "GET /searchNormal?query=Admin HTTP/1.1" 200 3880 "http://10.80.57.34/" "Mozilla/5.0 (Windows NT 10.0; Win64; x64) AppleWebKit/537.36 (KHTML, like Gecko) Chrome/121.0.0.0 Safari/537.36 OPR/107.0.0.0"
10.80.87.67 - - [04/Mar/2024:06:59:28 +0000] "GET /login HTTP/1.1" 200 6741 "http://10.80.57.34/searchNormal?query=Admin" "Mozilla/5.0 (Windows NT 10.0; Win64; x64) AppleWebKit/537.36 (KHTML, like Gecko) Chrome/121.0.0.0 Safari/537.36 OPR/107.0.0.0"
10.80.87.67 - - [04/Mar/2024:06:59:36 +0000] "POST /login HTTP/1.1" 302 350 "http://10.80.57.34/login" "Mozilla/5.0 (Windows NT 10.0; Win64; x64) AppleWebKit/537.36 (KHTML, like Gecko) Chrome/121.0.0.0 Safari/537.36 OPR/107.0.0.0"
10.80.87.67 - - [04/Mar/2024:06:59:37 +0000] "GET /home HTTP/1.1" 200 10874 "http://10.80.57.34/login" "Mozilla/5.0 (Windows NT 10.0; Win64; x64) AppleWebKit/537.36 (KHTML, like Gecko) Chrome/121.0.0.0 Safari/537.36 OPR/107.0.0.0"
10.80.87.67 - - [04/Mar/2024:06:59:43 +0000] "GET /search?query=User HTTP/1.1" 200 4630 "http://10.80.57.34/home" "Mozilla/5.0 (Windows NT 10.0; Win64; x64) AppleWebKit/537.36 (KHTML, like Gecko) Chrome/121.0.0.0 Safari/537.36 OPR/107.0.0.0"
10.80.87.67 - - [04/Mar/2024:06:59:59 +0000] "GET /editprofile HTTP/1.1" 200 9365 "http://10.80.57.34/home" "Mozilla/5.0 (Windows NT 10.0; Win64; x64) AppleWebKit/537.36 (KHTML, like Gecko) Chrome/121.0.0.0 Safari/537.36 OPR/107.0.0.0"
10.80.87.67 - - [04/Mar/2024:07:00:00 +0000] "GET /uploads/propic/image.png HTTP/1.1" 304 0 "http://10.80.57.34/editprofile" "Mozilla/5.0 (Windows NT 10.0; Win64; x64) AppleWebKit/537.36 (KHTML, like Gecko) Chrome/121.0.0.0 Safari/537.36 OPR/107.0.0.0"
10.80.87.67 - - [04/Mar/2024:07:00:05 +0000] "GET /posts/create HTTP/1.1" 200 6078 "http://10.80.57.34/editprofile" "Mozilla/5.0 (Windows NT 10.0; Win64; x64) AppleWebKit/537.36 (KHTML, like Gecko) Chrome/121.0.0.0 Safari/537.36 OPR/107.0.0.0"
10.80.87.67 - - [04/Mar/2024:07:00:10 +0000] "GET /home HTTP/1.1" 200 10867 "http://10.80.57.34/posts/create" "Mozilla/5.0 (Windows NT 10.0; Win64; x64) AppleWebKit/537.36 (KHTML, like Gecko) Chrome/121.0.0.0 Safari/537.36 OPR/107.0.0.0"
10.80.87.67 - - [04/Mar/2024:07:00:17 +0000] "POST /logout HTTP/1.1" 302 330 "http://10.80.57.34/home" "Mozilla/5.0 (Windows NT 10.0; Win64; x64) AppleWebKit/537.36 (KHTML, like Gecko) Chrome/121.0.0.0 Safari/537.36 OPR/107.0.0.0"
10.80.87.67 - - [04/Mar/2024:07:00:17 +0000] "GET / HTTP/1.1" 200 6893 "http://10.80.57.34/home" "Mozilla/5.0 (Windows NT 10.0; Win64; x64) AppleWebKit/537.36 (KHTML, like Gecko) Chrome/121.0.0.0 Safari/537.36 OPR/107.0.0.0"
10.80.87.67 - - [04/Mar/2024:07:03:03 +0000] "GET /login HTTP/1.1" 200 6741 "http://10.80.57.34/" "Mozilla/5.0 (Windows NT 10.0; Win64; x64) AppleWebKit/537.36 (KHTML, like Gecko) Chrome/121.0.0.0 Safari/537.36 OPR/107.0.0.0"
10.80.87.67 - - [04/Mar/2024:07:03:12 +0000] "POST /login HTTP/1.1" 302 350 "http://10.80.57.34/login" "Mozilla/5.0 (Windows NT 10.0; Win64; x64) AppleWebKit/537.36 (KHTML, like Gecko) Chrome/121.0.0.0 Safari/537.36 OPR/107.0.0.0"
10.80.87.67 - - [04/Mar/2024:07:03:12 +0000] "GET /home HTTP/1.1" 200 10874 "http://10.80.57.34/login" "Mozilla/5.0 (Windows NT 10.0; Win64; x64) AppleWebKit/537.36 (KHTML, like Gecko) Chrome/121.0.0.0 Safari/537.36 OPR/107.0.0.0"
10.80.87.67 - - [04/Mar/2024:07:03:12 +0000] "GET /uploads/posts/1709506549.PNG HTTP/1.1" 304 0 "http://10.80.57.34/home" "Mozilla/5.0 (Windows NT 10.0; Win64; x64) AppleWebKit/537.36 (KHTML, like Gecko) Chrome/121.0.0.0 Safari/537.36 OPR/107.0.0.0"
10.80.87.67 - - [04/Mar/2024:07:03:17 +0000] "GET /posts/create HTTP/1.1" 200 6078 "http://10.80.57.34/home" "Mozilla/5.0 (Windows NT 10.0; Win64; x64) AppleWebKit/537.36 (KHTML, like Gecko) Chrome/121.0.0.0 Safari/537.36 OPR/107.0.0.0"
10.80.87.67 - - [04/Mar/2024:07:03:35 +0000] "POST /posts/create HTTP/1.1" 302 382 "http://10.80.57.34/posts/create" "Mozilla/5.0 (Windows NT 10.0; Win64; x64) AppleWebKit/537.36 (KHTML, like Gecko) Chrome/121.0.0.0 Safari/537.36 OPR/107.0.0.0"
10.80.87.67 - - [04/Mar/2024:07:03:36 +0000] "GET /posts/create HTTP/1.1" 200 6184 "http://10.80.57.34/posts/create" "Mozilla/5.0 (Windows NT 10.0; Win64; x64) AppleWebKit/537.36 (KHTML, like Gecko) Chrome/121.0.0.0 Safari/537.36 OPR/107.0.0.0"
10.80.87.67 - - [04/Mar/2024:07:03:41 +0000] "GET /home HTTP/1.1" 200 13091 "http://10.80.57.34/posts/create" "Mozilla/5.0 (Windows NT 10.0; Win64; x64) AppleWebKit/537.36 (KHTML, like Gecko) Chrome/121.0.0.0 Safari/537.36 OPR/107.0.0.0"
10.80.87.67 - - [04/Mar/2024:07:03:41 +0000] "GET /uploads/posts/1709535815.png HTTP/1.1" 200 4231 "http://10.80.57.34/home" "Mozilla/5.0 (Windows NT 10.0; Win64; x64) AppleWebKit/537.36 (KHTML, like Gecko) Chrome/121.0.0.0 Safari/537.36 OPR/107.0.0.0"
10.80.87.67 - - [04/Mar/2024:07:07:21 +0000] "GET /home HTTP/1.1" 200 13097 "http://10.80.57.34/posts/create" "Mozilla/5.0 (Windows NT 10.0; Win64; x64) AppleWebKit/537.36 (KHTML, like Gecko) Chrome/121.0.0.0 Safari/537.36 OPR/107.0.0.0"
10.80.87.67 - - [04/Mar/2024:07:07:21 +0000] "GET /uploads/posts/1709535815.png HTTP/1.1" 304 0 "http://10.80.57.34/home" "Mozilla/5.0 (Windows NT 10.0; Win64; x64) AppleWebKit/537.36 (KHTML, like Gecko) Chrome/121.0.0.0 Safari/537.36 OPR/107.0.0.0"
10.80.87.67 - - [04/Mar/2024:07:07:25 +0000] "GET /posts/create HTTP/1.1" 200 6072 "http://10.80.57.34/home" "Mozilla/5.0 (Windows NT 10.0; Win64; x64) AppleWebKit/537.36 (KHTML, like Gecko) Chrome/121.0.0.0 Safari/537.36 OPR/107.0.0.0"
10.80.87.67 - - [04/Mar/2024:07:07:41 +0000] "POST /posts/create HTTP/1.1" 302 382 "http://10.80.57.34/posts/create" "Mozilla/5.0 (Windows NT 10.0; Win64; x64) AppleWebKit/537.36 (KHTML, like Gecko) Chrome/121.0.0.0 Safari/537.36 OPR/107.0.0.0"
10.80.87.67 - - [04/Mar/2024:07:07:41 +0000] "GET /posts/create HTTP/1.1" 200 6184 "http://10.80.57.34/posts/create" "Mozilla/5.0 (Windows NT 10.0; Win64; x64) AppleWebKit/537.36 (KHTML, like Gecko) Chrome/121.0.0.0 Safari/537.36 OPR/107.0.0.0"
10.80.87.67 - - [04/Mar/2024:07:07:46 +0000] "GET /home HTTP/1.1" 200 15305 "http://10.80.57.34/posts/create" "Mozilla/5.0 (Windows NT 10.0; Win64; x64) AppleWebKit/537.36 (KHTML, like Gecko) Chrome/121.0.0.0 Safari/537.36 OPR/107.0.0.0"
10.80.87.67 - - [04/Mar/2024:07:07:47 +0000] "GET /uploads/posts/1709536061.png HTTP/1.1" 200 4231 "http://10.80.57.34/home" "Mozilla/5.0 (Windows NT 10.0; Win64; x64) AppleWebKit/537.36 (KHTML, like Gecko) Chrome/121.0.0.0 Safari/537.36 OPR/107.0.0.0"
10.80.87.67 - - [04/Mar/2024:07:07:47 +0000] "GET /uploads/posts/1709535815.png HTTP/1.1" 304 0 "http://10.80.57.34/home" "Mozilla/5.0 (Windows NT 10.0; Win64; x64) AppleWebKit/537.36 (KHTML, like Gecko) Chrome/121.0.0.0 Safari/537.36 OPR/107.0.0.0"
10.80.87.67 - - [04/Mar/2024:07:07:59 +0000] "GET /posts/5/delete HTTP/1.1" 302 350 "http://10.80.57.34/home" "Mozilla/5.0 (Windows NT 10.0; Win64; x64) AppleWebKit/537.36 (KHTML, like Gecko) Chrome/121.0.0.0 Safari/537.36 OPR/107.0.0.0"
10.80.87.67 - - [04/Mar/2024:07:07:59 +0000] "GET /home HTTP/1.1" 200 13083 "http://10.80.57.34/home" "Mozilla/5.0 (Windows NT 10.0; Win64; x64) AppleWebKit/537.36 (KHTML, like Gecko) Chrome/121.0.0.0 Safari/537.36 OPR/107.0.0.0"
10.80.93.141 - - [04/Mar/2024:07:09:54 +0000] "GET / HTTP/1.1" 200 7581 "-" "Mozilla/5.0 (Windows NT 10.0; Win64; x64) AppleWebKit/537.36 (KHTML, like Gecko) Chrome/122.0.0.0 Safari/537.36"
10.80.93.141 - - [04/Mar/2024:07:09:55 +0000] "GET /uploads/posts/1709535815.png HTTP/1.1" 200 4231 "http://10.80.57.34/" "Mozilla/5.0 (Windows NT 10.0; Win64; x64) AppleWebKit/537.36 (KHTML, like Gecko) Chrome/122.0.0.0 Safari/537.36"
10.80.93.141 - - [04/Mar/2024:07:10:14 +0000] "GET /register HTTP/1.1" 200 7751 "http://10.80.57.34/" "Mozilla/5.0 (Windows NT 10.0; Win64; x64) AppleWebKit/537.36 (KHTML, like Gecko) Chrome/122.0.0.0 Safari/537.36"
10.80.87.67 - - [04/Mar/2024:07:15:17 +0000] "GET /editprofile HTTP/1.1" 500 1191946 "http://10.80.57.34/home" "Mozilla/5.0 (Windows NT 10.0; Win64; x64) AppleWebKit/537.36 (KHTML, like Gecko) Chrome/121.0.0.0 Safari/537.36 OPR/107.0.0.0"
10.80.87.67 - - [04/Mar/2024:07:15:39 +0000] "GET /editprofile HTTP/1.1" 200 9365 "http://10.80.57.34/home" "Mozilla/5.0 (Windows NT 10.0; Win64; x64) AppleWebKit/537.36 (KHTML, like Gecko) Chrome/121.0.0.0 Safari/537.36 OPR/107.0.0.0"
10.80.87.67 - - [04/Mar/2024:07:16:43 +0000] "GET /editprofile HTTP/1.1" 200 9365 "http://10.80.57.34/editprofile" "Mozilla/5.0 (Windows NT 10.0; Win64; x64) AppleWebKit/537.36 (KHTML, like Gecko) Chrome/121.0.0.0 Safari/537.36 OPR/107.0.0.0"
10.80.87.67 - - [04/Mar/2024:07:17:54 +0000] "GET /editprofile HTTP/1.1" 200 9365 "http://10.80.57.34/editprofile" "Mozilla/5.0 (Windows NT 10.0; Win64; x64) AppleWebKit/537.36 (KHTML, like Gecko) Chrome/121.0.0.0 Safari/537.36 OPR/107.0.0.0"
10.80.87.67 - - [04/Mar/2024:07:17:59 +0000] "POST /logout HTTP/1.1" 302 330 "http://10.80.57.34/editprofile" "Mozilla/5.0 (Windows NT 10.0; Win64; x64) AppleWebKit/537.36 (KHTML, like Gecko) Chrome/121.0.0.0 Safari/537.36 OPR/107.0.0.0"
10.80.87.67 - - [04/Mar/2024:07:17:59 +0000] "GET / HTTP/1.1" 200 7588 "http://10.80.57.34/editprofile" "Mozilla/5.0 (Windows NT 10.0; Win64; x64) AppleWebKit/537.36 (KHTML, like Gecko) Chrome/121.0.0.0 Safari/537.36 OPR/107.0.0.0"
10.80.87.67 - - [04/Mar/2024:07:17:59 +0000] "GET /uploads/comment/1709502894.PNG HTTP/1.1" 304 0 "http://10.80.57.34/" "Mozilla/5.0 (Windows NT 10.0; Win64; x64) AppleWebKit/537.36 (KHTML, like Gecko) Chrome/121.0.0.0 Safari/537.36 OPR/107.0.0.0"
10.80.87.67 - - [04/Mar/2024:07:17:59 +0000] "GET /uploads/posts/1709535815.png HTTP/1.1" 304 0 "http://10.80.57.34/" "Mozilla/5.0 (Windows NT 10.0; Win64; x64) AppleWebKit/537.36 (KHTML, like Gecko) Chrome/121.0.0.0 Safari/537.36 OPR/107.0.0.0"
10.80.87.67 - - [04/Mar/2024:07:17:59 +0000] "GET /uploads/posts/1709502793.jpg HTTP/1.1" 304 0 "http://10.80.57.34/" "Mozilla/5.0 (Windows NT 10.0; Win64; x64) AppleWebKit/537.36 (KHTML, like Gecko) Chrome/121.0.0.0 Safari/537.36 OPR/107.0.0.0"
10.80.87.67 - - [04/Mar/2024:07:18:10 +0000] "GET /register HTTP/1.1" 200 7751 "http://10.80.57.34/" "Mozilla/5.0 (Windows NT 10.0; Win64; x64) AppleWebKit/537.36 (KHTML, like Gecko) Chrome/121.0.0.0 Safari/537.36 OPR/107.0.0.0"
10.80.87.67 - - [04/Mar/2024:07:18:52 +0000] "POST /register HTTP/1.1" 302 350 "http://10.80.57.34/register" "Mozilla/5.0 (Windows NT 10.0; Win64; x64) AppleWebKit/537.36 (KHTML, like Gecko) Chrome/121.0.0.0 Safari/537.36 OPR/107.0.0.0"
10.80.87.67 - - [04/Mar/2024:07:18:53 +0000] "GET /home HTTP/1.1" 200 10798 "http://10.80.57.34/register" "Mozilla/5.0 (Windows NT 10.0; Win64; x64) AppleWebKit/537.36 (KHTML, like Gecko) Chrome/121.0.0.0 Safari/537.36 OPR/107.0.0.0"
10.80.87.67 - - [04/Mar/2024:07:18:58 +0000] "GET /editprofile HTTP/1.1" 200 9409 "http://10.80.57.34/home" "Mozilla/5.0 (Windows NT 10.0; Win64; x64) AppleWebKit/537.36 (KHTML, like Gecko) Chrome/121.0.0.0 Safari/537.36 OPR/107.0.0.0"
10.80.87.67 - - [04/Mar/2024:07:19:36 +0000] "GET /posts/create HTTP/1.1" 200 6100 "http://10.80.57.34/home" "Mozilla/5.0 (Windows NT 10.0; Win64; x64) AppleWebKit/537.36 (KHTML, like Gecko) Chrome/121.0.0.0 Safari/537.36 OPR/107.0.0.0"
10.80.87.67 - - [04/Mar/2024:07:20:40 +0000] "POST /comments/1 HTTP/1.1" 302 350 "http://10.80.57.34/home" "Mozilla/5.0 (Windows NT 10.0; Win64; x64) AppleWebKit/537.36 (KHTML, like Gecko) Chrome/121.0.0.0 Safari/537.36 OPR/107.0.0.0"
10.80.87.67 - - [04/Mar/2024:07:20:40 +0000] "GET /home HTTP/1.1" 200 11254 "http://10.80.57.34/home" "Mozilla/5.0 (Windows NT 10.0; Win64; x64) AppleWebKit/537.36 (KHTML, like Gecko) Chrome/121.0.0.0 Safari/537.36 OPR/107.0.0.0"
10.80.87.67 - - [04/Mar/2024:07:20:40 +0000] "GET /uploads/posts/1709535815.png HTTP/1.1" 304 0 "http://10.80.57.34/home" "Mozilla/5.0 (Windows NT 10.0; Win64; x64) AppleWebKit/537.36 (KHTML, like Gecko) Chrome/121.0.0.0 Safari/537.36 OPR/107.0.0.0"
10.80.87.67 - - [04/Mar/2024:07:20:49 +0000] "GET /posts/create HTTP/1.1" 200 6100 "http://10.80.57.34/home" "Mozilla/5.0 (Windows NT 10.0; Win64; x64) AppleWebKit/537.36 (KHTML, like Gecko) Chrome/121.0.0.0 Safari/537.36 OPR/107.0.0.0"
10.80.87.67 - - [04/Mar/2024:07:21:04 +0000] "POST /posts/create HTTP/1.1" 302 382 "http://10.80.57.34/posts/create" "Mozilla/5.0 (Windows NT 10.0; Win64; x64) AppleWebKit/537.36 (KHTML, like Gecko) Chrome/121.0.0.0 Safari/537.36 OPR/107.0.0.0"
10.80.87.67 - - [04/Mar/2024:07:21:04 +0000] "GET /posts/create HTTP/1.1" 200 6112 "http://10.80.57.34/posts/create" "Mozilla/5.0 (Windows NT 10.0; Win64; x64) AppleWebKit/537.36 (KHTML, like Gecko) Chrome/121.0.0.0 Safari/537.36 OPR/107.0.0.0"
10.80.87.67 - - [04/Mar/2024:07:21:43 +0000] "GET /home HTTP/1.1" 200 10798 "http://10.80.57.34/home" "Mozilla/5.0 (Windows NT 10.0; Win64; x64) AppleWebKit/537.36 (KHTML, like Gecko) Chrome/121.0.0.0 Safari/537.36 OPR/107.0.0.0"
10.80.87.67 - - [04/Mar/2024:07:22:32 +0000] "GET /home HTTP/1.1" 200 11152 "http://10.80.57.34/home" "Mozilla/5.0 (Windows NT 10.0; Win64; x64) AppleWebKit/537.36 (KHTML, like Gecko) Chrome/121.0.0.0 Safari/537.36 OPR/107.0.0.0"
10.80.87.67 - - [04/Mar/2024:07:22:32 +0000] "GET /uploads/posts/1709535815.png HTTP/1.1" 304 0 "http://10.80.57.34/home" "Mozilla/5.0 (Windows NT 10.0; Win64; x64) AppleWebKit/537.36 (KHTML, like Gecko) Chrome/121.0.0.0 Safari/537.36 OPR/107.0.0.0"
10.70.20.58 - - [04/Mar/2024:07:23:26 +0000] "GET / HTTP/1.1" 200 7735 "-" "Mozilla/5.0 (Windows NT 10.0; Win64; x64) AppleWebKit/537.36 (KHTML, like Gecko) Chrome/122.0.0.0 Safari/537.36"
10.70.20.58 - - [04/Mar/2024:07:23:26 +0000] "GET /uploads/posts/1709502793.jpg HTTP/1.1" 304 0 "http://10.80.57.34/" "Mozilla/5.0 (Windows NT 10.0; Win64; x64) AppleWebKit/537.36 (KHTML, like Gecko) Chrome/122.0.0.0 Safari/537.36"
10.70.20.58 - - [04/Mar/2024:07:23:26 +0000] "GET /uploads/comment/1709502894.PNG HTTP/1.1" 304 0 "http://10.80.57.34/" "Mozilla/5.0 (Windows NT 10.0; Win64; x64) AppleWebKit/537.36 (KHTML, like Gecko) Chrome/122.0.0.0 Safari/537.36"
10.70.20.58 - - [04/Mar/2024:07:23:26 +0000] "GET /uploads/posts/1709535815.png HTTP/1.1" 200 4231 "http://10.80.57.34/" "Mozilla/5.0 (Windows NT 10.0; Win64; x64) AppleWebKit/537.36 (KHTML, like Gecko) Chrome/122.0.0.0 Safari/537.36"
10.70.20.58 - - [04/Mar/2024:07:23:26 +0000] "GET /uploads/posts/1709506549.PNG HTTP/1.1" 304 0 "http://10.80.57.34/" "Mozilla/5.0 (Windows NT 10.0; Win64; x64) AppleWebKit/537.36 (KHTML, like Gecko) Chrome/122.0.0.0 Safari/537.36"
10.70.20.58 - - [04/Mar/2024:07:23:34 +0000] "GET /login HTTP/1.1" 200 6741 "http://10.80.57.34/" "Mozilla/5.0 (Windows NT 10.0; Win64; x64) AppleWebKit/537.36 (KHTML, like Gecko) Chrome/122.0.0.0 Safari/537.36"
10.80.87.67 - - [04/Mar/2024:07:23:38 +0000] "GET /home HTTP/1.1" 200 11164 "http://10.80.57.34/home" "Mozilla/5.0 (Windows NT 10.0; Win64; x64) AppleWebKit/537.36 (KHTML, like Gecko) Chrome/121.0.0.0 Safari/537.36 OPR/107.0.0.0"
10.70.20.58 - - [04/Mar/2024:07:23:39 +0000] "POST /login HTTP/1.1" 302 350 "http://10.80.57.34/login" "Mozilla/5.0 (Windows NT 10.0; Win64; x64) AppleWebKit/537.36 (KHTML, like Gecko) Chrome/122.0.0.0 Safari/537.36"
10.70.20.58 - - [04/Mar/2024:07:23:39 +0000] "GET /home HTTP/1.1" 200 13463 "http://10.80.57.34/login" "Mozilla/5.0 (Windows NT 10.0; Win64; x64) AppleWebKit/537.36 (KHTML, like Gecko) Chrome/122.0.0.0 Safari/537.36"
10.80.87.67 - - [04/Mar/2024:07:24:02 +0000] "GET /home HTTP/1.1" 200 11176 "http://10.80.57.34/home" "Mozilla/5.0 (Windows NT 10.0; Win64; x64) AppleWebKit/537.36 (KHTML, like Gecko) Chrome/121.0.0.0 Safari/537.36 OPR/107.0.0.0"
10.70.20.58 - - [04/Mar/2024:07:24:15 +0000] "GET /home HTTP/1.1" 200 13562 "http://10.80.57.34/login" "Mozilla/5.0 (Windows NT 10.0; Win64; x64) AppleWebKit/537.36 (KHTML, like Gecko) Chrome/122.0.0.0 Safari/537.36"
10.70.20.58 - - [04/Mar/2024:07:24:31 +0000] "GET /home HTTP/1.1" 200 13952 "http://10.80.57.34/login" "Mozilla/5.0 (Windows NT 10.0; Win64; x64) AppleWebKit/537.36 (KHTML, like Gecko) Chrome/122.0.0.0 Safari/537.36"
10.80.87.67 - - [04/Mar/2024:07:24:43 +0000] "GET /home HTTP/1.1" 200 11281 "http://10.80.57.34/home" "Mozilla/5.0 (Windows NT 10.0; Win64; x64) AppleWebKit/537.36 (KHTML, like Gecko) Chrome/121.0.0.0 Safari/537.36 OPR/107.0.0.0"
10.80.87.67 - - [04/Mar/2024:07:24:45 +0000] "GET /uploads/posts/1709535815.png HTTP/1.1" 304 0 "http://10.80.57.34/home" "Mozilla/5.0 (Windows NT 10.0; Win64; x64) AppleWebKit/537.36 (KHTML, like Gecko) Chrome/121.0.0.0 Safari/537.36 OPR/107.0.0.0"
10.70.20.58 - - [04/Mar/2024:07:24:49 +0000] "GET /home HTTP/1.1" 200 13574 "http://10.80.57.34/login" "Mozilla/5.0 (Windows NT 10.0; Win64; x64) AppleWebKit/537.36 (KHTML, like Gecko) Chrome/122.0.0.0 Safari/537.36"
10.80.87.67 - - [04/Mar/2024:07:24:51 +0000] "GET /home HTTP/1.1" 200 11268 "http://10.80.57.34/home" "Mozilla/5.0 (Windows NT 10.0; Win64; x64) AppleWebKit/537.36 (KHTML, like Gecko) Chrome/121.0.0.0 Safari/537.36 OPR/107.0.0.0"
10.70.20.58 - - [04/Mar/2024:07:26:00 +0000] "GET /home HTTP/1.1" 200 13562 "http://10.80.57.34/login" "Mozilla/5.0 (Windows NT 10.0; Win64; x64) AppleWebKit/537.36 (KHTML, like Gecko) Chrome/122.0.0.0 Safari/537.36"
10.70.20.58 - - [04/Mar/2024:07:26:00 +0000] "GET /uploads/posts/1709535815.png HTTP/1.1" 304 0 "http://10.80.57.34/home" "Mozilla/5.0 (Windows NT 10.0; Win64; x64) AppleWebKit/537.36 (KHTML, like Gecko) Chrome/122.0.0.0 Safari/537.36"
10.80.87.67 - - [04/Mar/2024:07:26:01 +0000] "GET /home HTTP/1.1" 200 11268 "http://10.80.57.34/home" "Mozilla/5.0 (Windows NT 10.0; Win64; x64) AppleWebKit/537.36 (KHTML, like Gecko) Chrome/121.0.0.0 Safari/537.36 OPR/107.0.0.0"
10.70.20.58 - - [04/Mar/2024:07:26:56 +0000] "GET /home HTTP/1.1" 200 13562 "http://10.80.57.34/login" "Mozilla/5.0 (Windows NT 10.0; Win64; x64) AppleWebKit/537.36 (KHTML, like Gecko) Chrome/122.0.0.0 Safari/537.36"
10.80.87.67 - - [04/Mar/2024:07:28:28 +0000] "GET /home HTTP/1.1" 200 11270 "http://10.80.57.34/home" "Mozilla/5.0 (Windows NT 10.0; Win64; x64) AppleWebKit/537.36 (KHTML, like Gecko) Chrome/121.0.0.0 Safari/537.36 OPR/107.0.0.0"
10.80.87.67 - - [04/Mar/2024:07:28:28 +0000] "GET /uploads/posts/1709535815.png HTTP/1.1" 304 0 "http://10.80.57.34/home" "Mozilla/5.0 (Windows NT 10.0; Win64; x64) AppleWebKit/537.36 (KHTML, like Gecko) Chrome/121.0.0.0 Safari/537.36 OPR/107.0.0.0"
10.70.20.58 - - [04/Mar/2024:07:29:08 +0000] "GET /home HTTP/1.1" 200 13681 "http://10.80.57.34/login" "Mozilla/5.0 (Windows NT 10.0; Win64; x64) AppleWebKit/537.36 (KHTML, like Gecko) Chrome/122.0.0.0 Safari/537.36"
10.70.20.58 - - [04/Mar/2024:07:29:08 +0000] "GET /uploads/posts/1709535815.png HTTP/1.1" 304 0 "http://10.80.57.34/home" "Mozilla/5.0 (Windows NT 10.0; Win64; x64) AppleWebKit/537.36 (KHTML, like Gecko) Chrome/122.0.0.0 Safari/537.36"
10.80.87.67 - - [04/Mar/2024:07:29:10 +0000] "GET /home HTTP/1.1" 200 11388 "http://10.80.57.34/home" "Mozilla/5.0 (Windows NT 10.0; Win64; x64) AppleWebKit/537.36 (KHTML, like Gecko) Chrome/121.0.0.0 Safari/537.36 OPR/107.0.0.0"
10.70.20.58 - - [04/Mar/2024:07:29:28 +0000] "GET /home HTTP/1.1" 200 13681 "http://10.80.57.34/login" "Mozilla/5.0 (Windows NT 10.0; Win64; x64) AppleWebKit/537.36 (KHTML, like Gecko) Chrome/122.0.0.0 Safari/537.36"
10.70.20.58 - - [04/Mar/2024:07:29:41 +0000] "GET /editprofile HTTP/1.1" 200 9365 "http://10.80.57.34/home" "Mozilla/5.0 (Windows NT 10.0; Win64; x64) AppleWebKit/537.36 (KHTML, like Gecko) Chrome/122.0.0.0 Safari/537.36"
10.70.20.58 - - [04/Mar/2024:07:30:05 +0000] "GET /home HTTP/1.1" 200 13567 "http://10.80.57.34/login" "Mozilla/5.0 (Windows NT 10.0; Win64; x64) AppleWebKit/537.36 (KHTML, like Gecko) Chrome/122.0.0.0 Safari/537.36"
10.70.20.58 - - [04/Mar/2024:07:30:38 +0000] "GET /home HTTP/1.1" 200 13561 "http://10.80.57.34/login" "Mozilla/5.0 (Windows NT 10.0; Win64; x64) AppleWebKit/537.36 (KHTML, like Gecko) Chrome/122.0.0.0 Safari/537.36"
10.70.20.58 - - [04/Mar/2024:07:30:44 +0000] "POST /logout HTTP/1.1" 302 330 "http://10.80.57.34/home" "Mozilla/5.0 (Windows NT 10.0; Win64; x64) AppleWebKit/537.36 (KHTML, like Gecko) Chrome/122.0.0.0 Safari/537.36"
10.70.20.58 - - [04/Mar/2024:07:30:44 +0000] "GET / HTTP/1.1" 200 7735 "http://10.80.57.34/home" "Mozilla/5.0 (Windows NT 10.0; Win64; x64) AppleWebKit/537.36 (KHTML, like Gecko) Chrome/122.0.0.0 Safari/537.36"
10.70.20.58 - - [04/Mar/2024:07:30:47 +0000] "GET /login HTTP/1.1" 200 6741 "http://10.80.57.34/" "Mozilla/5.0 (Windows NT 10.0; Win64; x64) AppleWebKit/537.36 (KHTML, like Gecko) Chrome/122.0.0.0 Safari/537.36"
10.70.20.58 - - [04/Mar/2024:07:30:53 +0000] "POST /login HTTP/1.1" 302 374 "http://10.80.57.34/login" "Mozilla/5.0 (Windows NT 10.0; Win64; x64) AppleWebKit/537.36 (KHTML, like Gecko) Chrome/122.0.0.0 Safari/537.36"
10.70.20.58 - - [04/Mar/2024:07:30:53 +0000] "GET /admin/home HTTP/1.1" 200 3654 "http://10.80.57.34/login" "Mozilla/5.0 (Windows NT 10.0; Win64; x64) AppleWebKit/537.36 (KHTML, like Gecko) Chrome/122.0.0.0 Safari/537.36"
10.70.20.58 - - [04/Mar/2024:07:30:57 +0000] "POST /logout HTTP/1.1" 302 330 "http://10.80.57.34/admin/home" "Mozilla/5.0 (Windows NT 10.0; Win64; x64) AppleWebKit/537.36 (KHTML, like Gecko) Chrome/122.0.0.0 Safari/537.36"
10.70.20.58 - - [04/Mar/2024:07:30:57 +0000] "GET / HTTP/1.1" 200 7735 "http://10.80.57.34/admin/home" "Mozilla/5.0 (Windows NT 10.0; Win64; x64) AppleWebKit/537.36 (KHTML, like Gecko) Chrome/122.0.0.0 Safari/537.36"
10.70.20.58 - - [04/Mar/2024:07:31:48 +0000] "GET / HTTP/1.1" 500 1412024 "http://10.80.57.34/admin/home" "Mozilla/5.0 (Windows NT 10.0; Win64; x64) AppleWebKit/537.36 (KHTML, like Gecko) Chrome/122.0.0.0 Safari/537.36"
10.70.20.58 - - [04/Mar/2024:07:31:56 +0000] "GET / HTTP/1.1" 200 7735 "http://10.80.57.34/admin/home" "Mozilla/5.0 (Windows NT 10.0; Win64; x64) AppleWebKit/537.36 (KHTML, like Gecko) Chrome/122.0.0.0 Safari/537.36"
10.70.20.58 - - [04/Mar/2024:07:31:56 +0000] "GET /uploads/posts/1709535815.png HTTP/1.1" 304 0 "http://10.80.57.34/" "Mozilla/5.0 (Windows NT 10.0; Win64; x64) AppleWebKit/537.36 (KHTML, like Gecko) Chrome/122.0.0.0 Safari/537.36"
10.80.52.208 - - [04/Mar/2024:08:16:05 +0000] "GET / HTTP/1.1" 200 7735 "-" "Mozilla/5.0 (Windows NT 10.0; Win64; x64) AppleWebKit/537.36 (KHTML, like Gecko) Chrome/122.0.0.0 Safari/537.36 Edg/122.0.0.0"
10.80.52.208 - - [04/Mar/2024:08:16:05 +0000] "GET /uploads/posts/1709502793.jpg HTTP/1.1" 200 181931 "http://10.80.57.34/" "Mozilla/5.0 (Windows NT 10.0; Win64; x64) AppleWebKit/537.36 (KHTML, like Gecko) Chrome/122.0.0.0 Safari/537.36 Edg/122.0.0.0"
10.80.52.208 - - [04/Mar/2024:08:16:05 +0000] "GET /uploads/comment/1709502894.PNG HTTP/1.1" 200 169514 "http://10.80.57.34/" "Mozilla/5.0 (Windows NT 10.0; Win64; x64) AppleWebKit/537.36 (KHTML, like Gecko) Chrome/122.0.0.0 Safari/537.36 Edg/122.0.0.0"
10.80.52.208 - - [04/Mar/2024:08:16:05 +0000] "GET /uploads/posts/1709506549.PNG HTTP/1.1" 200 169514 "http://10.80.57.34/" "Mozilla/5.0 (Windows NT 10.0; Win64; x64) AppleWebKit/537.36 (KHTML, like Gecko) Chrome/122.0.0.0 Safari/537.36 Edg/122.0.0.0"
10.80.52.208 - - [04/Mar/2024:08:16:05 +0000] "GET /uploads/posts/1709535815.png HTTP/1.1" 200 4231 "http://10.80.57.34/" "Mozilla/5.0 (Windows NT 10.0; Win64; x64) AppleWebKit/537.36 (KHTML, like Gecko) Chrome/122.0.0.0 Safari/537.36 Edg/122.0.0.0"
10.80.52.208 - - [04/Mar/2024:08:16:07 +0000] "GET /favicon.ico HTTP/1.1" 200 0 "http://10.80.57.34/" "Mozilla/5.0 (Windows NT 10.0; Win64; x64) AppleWebKit/537.36 (KHTML, like Gecko) Chrome/122.0.0.0 Safari/537.36 Edg/122.0.0.0"
10.80.52.208 - - [04/Mar/2024:08:16:09 +0000] "GET /login HTTP/1.1" 200 6741 "http://10.80.57.34/" "Mozilla/5.0 (Windows NT 10.0; Win64; x64) AppleWebKit/537.36 (KHTML, like Gecko) Chrome/122.0.0.0 Safari/537.36 Edg/122.0.0.0"
10.80.52.208 - - [04/Mar/2024:08:16:17 +0000] "POST /login HTTP/1.1" 302 350 "http://10.80.57.34/login" "Mozilla/5.0 (Windows NT 10.0; Win64; x64) AppleWebKit/537.36 (KHTML, like Gecko) Chrome/122.0.0.0 Safari/537.36 Edg/122.0.0.0"
10.80.52.208 - - [04/Mar/2024:08:16:17 +0000] "GET /home HTTP/1.1" 200 13567 "http://10.80.57.34/login" "Mozilla/5.0 (Windows NT 10.0; Win64; x64) AppleWebKit/537.36 (KHTML, like Gecko) Chrome/122.0.0.0 Safari/537.36 Edg/122.0.0.0"
10.80.52.208 - - [04/Mar/2024:08:16:20 +0000] "GET /editprofile HTTP/1.1" 200 9358 "http://10.80.57.34/home" "Mozilla/5.0 (Windows NT 10.0; Win64; x64) AppleWebKit/537.36 (KHTML, like Gecko) Chrome/122.0.0.0 Safari/537.36 Edg/122.0.0.0"
10.80.52.208 - - [04/Mar/2024:08:16:20 +0000] "GET /uploads/propic/image.png HTTP/1.1" 200 849710 "http://10.80.57.34/editprofile" "Mozilla/5.0 (Windows NT 10.0; Win64; x64) AppleWebKit/537.36 (KHTML, like Gecko) Chrome/122.0.0.0 Safari/537.36 Edg/122.0.0.0"
10.80.52.202 - - [04/Mar/2024:08:16:52 +0000] "GET / HTTP/1.1" 200 7735 "-" "Mozilla/5.0 (Windows NT 10.0; Win64; x64) AppleWebKit/537.36 (KHTML, like Gecko) Chrome/122.0.0.0 Safari/537.36 Edg/122.0.0.0"
10.80.52.202 - - [04/Mar/2024:08:16:52 +0000] "GET /uploads/posts/1709502793.jpg HTTP/1.1" 200 181931 "http://10.80.57.34/" "Mozilla/5.0 (Windows NT 10.0; Win64; x64) AppleWebKit/537.36 (KHTML, like Gecko) Chrome/122.0.0.0 Safari/537.36 Edg/122.0.0.0"
10.80.52.202 - - [04/Mar/2024:08:16:52 +0000] "GET /uploads/comment/1709502894.PNG HTTP/1.1" 200 169514 "http://10.80.57.34/" "Mozilla/5.0 (Windows NT 10.0; Win64; x64) AppleWebKit/537.36 (KHTML, like Gecko) Chrome/122.0.0.0 Safari/537.36 Edg/122.0.0.0"
10.80.52.202 - - [04/Mar/2024:08:16:52 +0000] "GET /uploads/posts/1709506549.PNG HTTP/1.1" 200 169514 "http://10.80.57.34/" "Mozilla/5.0 (Windows NT 10.0; Win64; x64) AppleWebKit/537.36 (KHTML, like Gecko) Chrome/122.0.0.0 Safari/537.36 Edg/122.0.0.0"
10.80.52.202 - - [04/Mar/2024:08:16:52 +0000] "GET /uploads/posts/1709535815.png HTTP/1.1" 200 4231 "http://10.80.57.34/" "Mozilla/5.0 (Windows NT 10.0; Win64; x64) AppleWebKit/537.36 (KHTML, like Gecko) Chrome/122.0.0.0 Safari/537.36 Edg/122.0.0.0"
10.80.52.202 - - [04/Mar/2024:08:16:54 +0000] "GET /favicon.ico HTTP/1.1" 200 0 "http://10.80.57.34/" "Mozilla/5.0 (Windows NT 10.0; Win64; x64) AppleWebKit/537.36 (KHTML, like Gecko) Chrome/122.0.0.0 Safari/537.36 Edg/122.0.0.0"
10.80.52.228 - - [04/Mar/2024:08:20:41 +0000] "GET / HTTP/1.1" 200 7735 "-" "Mozilla/5.0 (Windows NT 10.0; Win64; x64) AppleWebKit/537.36 (KHTML, like Gecko) Chrome/121.0.0.0 Safari/537.36"
10.80.52.228 - - [04/Mar/2024:08:20:41 +0000] "GET /uploads/posts/1709535815.png HTTP/1.1" 200 4231 "http://10.80.57.34/" "Mozilla/5.0 (Windows NT 10.0; Win64; x64) AppleWebKit/537.36 (KHTML, like Gecko) Chrome/121.0.0.0 Safari/537.36"
10.80.52.228 - - [04/Mar/2024:08:20:41 +0000] "GET /uploads/posts/1709502793.jpg HTTP/1.1" 200 181931 "http://10.80.57.34/" "Mozilla/5.0 (Windows NT 10.0; Win64; x64) AppleWebKit/537.36 (KHTML, like Gecko) Chrome/121.0.0.0 Safari/537.36"
10.80.52.228 - - [04/Mar/2024:08:20:41 +0000] "GET /uploads/comment/1709502894.PNG HTTP/1.1" 200 169514 "http://10.80.57.34/" "Mozilla/5.0 (Windows NT 10.0; Win64; x64) AppleWebKit/537.36 (KHTML, like Gecko) Chrome/121.0.0.0 Safari/537.36"
10.80.52.228 - - [04/Mar/2024:08:20:41 +0000] "GET /uploads/posts/1709506549.PNG HTTP/1.1" 200 169514 "http://10.80.57.34/" "Mozilla/5.0 (Windows NT 10.0; Win64; x64) AppleWebKit/537.36 (KHTML, like Gecko) Chrome/121.0.0.0 Safari/537.36"
10.80.52.228 - - [04/Mar/2024:08:20:43 +0000] "GET /favicon.ico HTTP/1.1" 200 0 "http://10.80.57.34/" "Mozilla/5.0 (Windows NT 10.0; Win64; x64) AppleWebKit/537.36 (KHTML, like Gecko) Chrome/121.0.0.0 Safari/537.36"
10.80.52.228 - - [04/Mar/2024:08:21:16 +0000] "GET / HTTP/1.1" 200 7735 "-" "Mozilla/5.0 (Windows NT 10.0; Win64; x64) AppleWebKit/537.36 (KHTML, like Gecko) Chrome/121.0.0.0 Safari/537.36"
10.80.52.228 - - [04/Mar/2024:08:27:44 +0000] "GET / HTTP/1.1" 200 7735 "-" "Mozilla/5.0 (Windows NT 10.0; Win64; x64) AppleWebKit/537.36 (KHTML, like Gecko) Chrome/121.0.0.0 Safari/537.36"
10.80.52.228 - - [04/Mar/2024:08:27:44 +0000] "GET /uploads/posts/1709535815.png HTTP/1.1" 304 0 "http://10.80.57.34/" "Mozilla/5.0 (Windows NT 10.0; Win64; x64) AppleWebKit/537.36 (KHTML, like Gecko) Chrome/121.0.0.0 Safari/537.36"
10.80.52.208 - - [04/Mar/2024:08:35:33 +0000] "GET /editprofile HTTP/1.1" 200 9358 "http://10.80.57.34/editprofile" "Mozilla/5.0 (Windows NT 10.0; Win64; x64) AppleWebKit/537.36 (KHTML, like Gecko) Chrome/122.0.0.0 Safari/537.36 Edg/122.0.0.0"
10.80.22.128 - - [04/Mar/2024:08:35:59 +0000] "GET / HTTP/1.1" 200 7735 "-" "Mozilla/5.0 (X11; Linux x86_64; rv:109.0) Gecko/20100101 Firefox/115.0"
10.80.22.128 - - [04/Mar/2024:08:35:59 +0000] "GET /uploads/posts/1709535815.png HTTP/1.1" 200 4231 "http://10.80.57.34/" "Mozilla/5.0 (X11; Linux x86_64; rv:109.0) Gecko/20100101 Firefox/115.0"
